<html>
<body>
<pre>
<h1>µVision Build Log</h1>
<h2>Project:</h2>
D:\starfish\StarFish_MCU - Port\StarFish_MCU.uvproj
Project File Date:  12/05/2014

<h2>Output:</h2>
Build target 'MKL26Z128xxx4'
compiling app_wifi.c...
APP\app_wifi.c(78): warning:  #550-D: variable "length" was set but never used
APP\app_wifi.c(78): warning:  #550-D: variable "lastframe" was set but never used
linking...
.\Project_Settings\Linker_Files\ProcessorExpert.scf(46): warning: L6314W: No section matches pattern *.o(RESET).
Program Size: Code=34384 RO-data=1328 RW-data=116 ZI-data=11436  
After Build - User command #1: C:\Keil\\ARM\ARMCC\bin\fromelf.exe --m32combined --output=.\UV4Build\StarFish_MCU.srec .\UV4Build\StarFish_MCU.axf
After Build - User command #2: C:\Keil\\ARM\ARMCC\bin\fromelf.exe --bincombined --output=.\UV4Build\StarFish_MCU.bin .\UV4Build\StarFish_MCU.axf
".\UV4Build\StarFish_MCU.axf" - 0 Errors, 3 Warning(s).
