Component: ARM Compiler 5.05 (build 41) Tool: armlink [4d0eb9]

==============================================================================

Section Cross References

    cpu.o(.text) refers to events.o(.text) for Cpu_OnNMIINT
    cpu.o(.text) refers to mqxlite.o(.text) for _mqxlite_init
    cpu.o(.text) refers to vectors.o(.vectortable) for __vect_table
    cpu.o(.text) refers to mqx1.o(.constdata) for MQX_init_struct
    i2c.o(.text) refers to events.o(.text) for I2C_OnMasterBlockSent
    i2c.o(.text) refers to int.o(.text) for _int_get_isr_data
    i2c.o(.text) refers to i2c.o(.bss) for DeviceDataPrv__DEFAULT_RTOS_ALLOC
    i2c.o(.text) refers to pe_ldd.o(.bss) for PE_LDD_DeviceDataList
    mqx1.o(.text) refers to time_ticks.o(.text) for _time_notify_kernel
    mqx1.o(.text) refers to systemtimer1.o(.text) for SystemTimer1_GetInputFrequency
    mqx1.o(.text) refers to uidiv.o(.text) for __aeabi_uidivmod
    mqx1.o(.constdata) refers to mqx1.o(.bss) for _mqx_kernel_data_struct
    mqx1.o(.constdata) refers to task_template_list.o(.constdata) for MQX_template_list
    mqx1.o(.data) refers to mqx1.o(.bss) for Init_Task_task_stack
    mqx1.o(.data) refers to app_shell.o(.bss) for shell_task_stack
    systemtimer1.o(.text) refers to mqx1.o(.text) for SystemTimer1_OnCounterRestart
    systemtimer1.o(.text) refers to int.o(.text) for _int_get_isr_data
    systemtimer1.o(.text) refers to systemtimer1.o(.bss) for DeviceDataPrv__DEFAULT_RTOS_ALLOC
    systemtimer1.o(.text) refers to pe_ldd.o(.bss) for PE_LDD_DeviceDataList
    vectors.o(.vectortable) refers to boot.o(. text) for __boot
    vectors.o(.vectortable) refers to cpu.o(.text) for Cpu_INT_NMIInterrupt
    vectors.o(.vectortable) refers to dispatch.o(KERNEL) for _int_kernel_isr
    task_template_list.o(.constdata) refers to mqx_tasks.o(.text) for Init_Task
    task_template_list.o(.constdata) refers to task_template_list.o(.conststring) for .conststring
    task_template_list.o(.constdata) refers to app_mma8451.o(.text) for app_mma8451_control_task
    task_template_list.o(.constdata) refers to app_wifi.o(.text) for app_wifi_control_task
    task_template_list.o(.constdata) refers to app_shell.o(.text) for shell_task
    pwmtimerrgb.o(.text) refers to pwmtimerrgb.o(.data) for DeviceDataPrv__DEFAULT_RTOS_ALLOC
    pwmtimerrgb.o(.text) refers to pe_ldd.o(.bss) for PE_LDD_DeviceDataList
    pwmtimerrgb.o(.text) refers to pwmtimerrgb.o(.constdata) for ChannelMode
    startup_arm_cc.o(.emb_text) refers to cpu.o(.text) for __init_hardware
    startup_arm_cc.o(.emb_text) refers to entry.o(.ARM.Collect$$$$00000000) for __main
    events.o(.text) refers to pwmtimerrgb.o(.text) for PWMTimerRGB_Disable
    events.o(.text) refers to mqx_tasks.o(.data) for BlinkFlag
    mma845xq.o(.text) refers to i2c.o(.text) for I2C_MasterSendBlock
    mma845xq.o(.text) refers to memcpya.o(.text) for __aeabi_memcpy
    processorexpert.o(.text) refers to cpu.o(.text) for PE_low_level_init
    processorexpert.o(.text) refers to mqxlite.o(.text) for _mqxlite
    mqx_tasks.o(.text) refers to app_trace.o(.text) for app_traceInfo_output
    mqx_tasks.o(.text) refers to printf8.o(i.__0snprintf$8) for __2snprintf
    mqx_tasks.o(.text) refers to mkl_spi.o(.text) for spiInit
    mqx_tasks.o(.text) refers to w25x32.o(.text) for flash_read_id
    mqx_tasks.o(.text) refers to lptmr.o(.text) for Lptmr_Init
    mqx_tasks.o(.text) refers to adc.o(.text) for ADC_Init
    mqx_tasks.o(.text) refers to dma1.o(.text) for DMA1_Init
    mqx_tasks.o(.text) refers to task.o(.text) for _task_create_at
    mqx_tasks.o(.text) refers to lwsem.o(.text) for _lwsem_wait
    mqx_tasks.o(.text) refers to time_ticks.o(.text) for _time_get_elapsed_ticks
    mqx_tasks.o(.text) refers to app_mma8451.o(.text) for enablemma8451detect
    mqx_tasks.o(.text) refers to smc.o(.text) for enter_vlps
    mqx_tasks.o(.text) refers to mma845xq.o(.text) for ReadAccRegs
    mqx_tasks.o(.text) refers to pwmtimerrgb.o(.text) for PWMTimerRGB_Enable
    mqx_tasks.o(.text) refers to idiv.o(.text) for __aeabi_idivmod
    mqx_tasks.o(.text) refers to mqxlite.o(.constdata) for _mqx_date
    mqx_tasks.o(.text) refers to mqx_tasks.o(.data) for sysStatus
    mqx_tasks.o(.text) refers to app_shell.o(.bss) for shell_task_stack
    mqx_tasks.o(.text) refers to app_mma8451.o(.bss) for mma8451_task_stack
    mqx_tasks.o(.text) refers to lptmr.o(.bss) for g_lptmr_int_sem
    mqx_tasks.o(.text) refers to dma1.o(.data) for Measured
    time_ticks.o(.text) refers to dispatch.o(KERNEL) for _sched_execute_scheduler_internal
    time_ticks.o(.text) refers to task.o(.text) for _task_set_error
    time_ticks.o(.text) refers to psp_tiad.o(.text) for _psp_add_ticks
    time_ticks.o(.text) refers to psp_tisu.o(.text) for _psp_subtract_ticks
    time_ticks.o(.text) refers to int.o(.text) for _int_disable
    time_ticks.o(.text) refers to psp_tinm.o(.text) for _psp_normalize_ticks
    time_ticks.o(.text) refers to mqxlite.o(.data) for _mqx_kernel_data
[...]
    MQXLITE\kernel\lwmsgq.c                  0x00000000   Number         0  lwmsgq.o ABSOLUTE
    MQXLITE\kernel\lwsem.c                   0x00000000   Number         0  lwsem.o ABSOLUTE
    MQXLITE\kernel\lwtimer.c                 0x00000000   Number         0  lwtimer.o ABSOLUTE
    MQXLITE\kernel\mqx_utils.c               0x00000000   Number         0  mqx_utils.o ABSOLUTE
    MQXLITE\kernel\mqxlite.c                 0x00000000   Number         0  mqxlite.o ABSOLUTE
    MQXLITE\kernel\mutex.c                   0x00000000   Number         0  mutex.o ABSOLUTE
    MQXLITE\kernel\qu_test.c                 0x00000000   Number         0  qu_test.o ABSOLUTE
    MQXLITE\kernel\sched.c                   0x00000000   Number         0  sched.o ABSOLUTE
    MQXLITE\kernel\task.c                    0x00000000   Number         0  task.o ABSOLUTE
    MQXLITE\kernel\time_ticks.c              0x00000000   Number         0  time_ticks.o ABSOLUTE
    MQXLITE\psp\cortex_m\cortex.c            0x00000000   Number         0  cortex.o ABSOLUTE
    MQXLITE\psp\cortex_m\int_gkis.c          0x00000000   Number         0  int_gkis.o ABSOLUTE
    MQXLITE\psp\cortex_m\int_inst.c          0x00000000   Number         0  int_inst.o ABSOLUTE
    MQXLITE\psp\cortex_m\int_kisr.c          0x00000000   Number         0  int_kisr.o ABSOLUTE
    MQXLITE\psp\cortex_m\int_pvta.c          0x00000000   Number         0  int_pvta.o ABSOLUTE
    MQXLITE\psp\cortex_m\int_unx.c           0x00000000   Number         0  int_unx.o ABSOLUTE
    MQXLITE\psp\cortex_m\int_vtab.c          0x00000000   Number         0  int_vtab.o ABSOLUTE
    MQXLITE\psp\cortex_m\int_xcpt.c          0x00000000   Number         0  int_xcpt.o ABSOLUTE
    MQXLITE\psp\cortex_m\mem_zero.c          0x00000000   Number         0  mem_zero.o ABSOLUTE
    MQXLITE\psp\cortex_m\psp_iinit.c         0x00000000   Number         0  psp_iinit.o ABSOLUTE
    MQXLITE\psp\cortex_m\psp_supp.c          0x00000000   Number         0  psp_supp.o ABSOLUTE
    MQXLITE\psp\cortex_m\psp_tiad.c          0x00000000   Number         0  psp_tiad.o ABSOLUTE
    MQXLITE\psp\cortex_m\psp_tinm.c          0x00000000   Number         0  psp_tinm.o ABSOLUTE
    MQXLITE\psp\cortex_m\psp_tisu.c          0x00000000   Number         0  psp_tisu.o ABSOLUTE
    MQXLITE\psp\cortex_m\sc_irdyq.c          0x00000000   Number         0  sc_irdyq.o ABSOLUTE
    MQXLITE\psp\cortex_m\stack_bu.c          0x00000000   Number         0  stack_bu.o ABSOLUTE
    MQXLITE\psp\cortex_m\stack_de.c          0x00000000   Number         0  stack_de.o ABSOLUTE
    MQXLITE\psp\cortex_m\stack_st.c          0x00000000   Number         0  stack_st.o ABSOLUTE
    __tagsym$$used                           0x00000000   Number         0  vectors.o(.vectortable)
    cdcmple.s                                0x00000000   Number         0  cdcmple.o ABSOLUTE
    cdrcmple.s                               0x00000000   Number         0  cdrcmple.o ABSOLUTE
    common\drivers\W25Q32\w25x32.c           0x00000000   Number         0  w25x32.o ABSOLUTE
    common\drivers\adc\adc.c                 0x00000000   Number         0  adc.o ABSOLUTE
    common\drivers\dma\DMA1.c                0x00000000   Number         0  dma1.o ABSOLUTE
    common\drivers\lptmr\lptmr.c             0x00000000   Number         0  lptmr.o ABSOLUTE
    common\drivers\nvic.c                    0x00000000   Number         0  nvic.o ABSOLUTE
    common\drivers\smc\smc.c                 0x00000000   Number         0  smc.o ABSOLUTE
    common\drivers\spi\MKL_spi.c             0x00000000   Number         0  mkl_spi.o ABSOLUTE
    common\drivers\uart.c                    0x00000000   Number         0  uart.o ABSOLUTE
    common\shell\shell.c                     0x00000000   Number         0  shell.o ABSOLUTE
    dc.s                                     0x00000000   Number         0  dc.o ABSOLUTE
    handlers.s                               0x00000000   Number         0  handlers.o ABSOLUTE
    init.s                                   0x00000000   Number         0  init.o ABSOLUTE
    .cfmconfig                               0x00000400   Section       16  cpu.o(.cfmconfig)
    __tagsym$$used                           0x00000400   Number         0  cpu.o(.cfmconfig)
    . text                                   0x00000410   Section       36  boot.o(. text)
    .ARM.Collect$$$$00000000                 0x00000434   Section        0  entry.o(.ARM.Collect$$$$00000000)
    .ARM.Collect$$$$00000003                 0x00000434   Section        4  entry4.o(.ARM.Collect$$$$00000003)
    .ARM.Collect$$$$00000004                 0x00000438   Section        4  entry5.o(.ARM.Collect$$$$00000004)
    .ARM.Collect$$$$00000008                 0x0000043c   Section        0  entry7b.o(.ARM.Collect$$$$00000008)
    .ARM.Collect$$$$0000000A                 0x0000043c   Section        0  entry8b.o(.ARM.Collect$$$$0000000A)
    .ARM.Collect$$$$0000000B                 0x0000043c   Section        8  entry9a.o(.ARM.Collect$$$$0000000B)
    .ARM.Collect$$$$0000000D                 0x00000444   Section        0  entry10a.o(.ARM.Collect$$$$0000000D)
    .ARM.Collect$$$$0000000F                 0x00000444   Section        0  entry11a.o(.ARM.Collect$$$$0000000F)
    .ARM.Collect$$$$00002714                 0x00000444   Section        4  entry4.o(.ARM.Collect$$$$00002714)
    __lit__00000000                          0x00000444   Data           4  entry4.o(.ARM.Collect$$$$00002714)
    .emb_text                                0x00000448   Section       16  startup_arm_cc.o(.emb_text)
    .text                                    0x00000458   Section        0  cpu.o(.text)
    .text                                    0x0000063c   Section        0  i2c.o(.text)
    .text                                    0x00000bcc   Section        0  mqx1.o(.text)
    .text                                    0x00000bf4   Section        0  systemtimer1.o(.text)
    .text                                    0x00000d28   Section        0  pwmtimerrgb.o(.text)
    .text                                    0x00000e8c   Section        0  events.o(.text)
    .text                                    0x00000ecc   Section        0  mma845xq.o(.text)
    .text                                    0x00000f82   Section        0  processorexpert.o(.text)
    .text                                    0x00000f90   Section        0  mqx_tasks.o(.text)
    show_version_information                 0x00000f91   Thumb Code   138  mqx_tasks.o(.text)
    .text                                    0x000013fc   Section        0  time_ticks.o(.text)
    .text                                    0x00001a54   Section        0  idletask.o(.text)
    .text                                    0x00001a64   Section        0  int.o(.text)
    .text                                    0x00001d44   Section        0  lwmsgq.o(.text)
    .text                                    0x0000211c   Section        0  lwsem.o(.text)
    .text                                    0x0000274c   Section        0  mqx_utils.o(.text)
    .text                                    0x0000289c   Section        0  mqxlite.o(.text)
    .text                                    0x00002a50   Section        0  mutex.o(.text)
    .text                                    0x00003468   Section        0  qu_test.o(.text)
    .text                                    0x000034d0   Section        0  sched.o(.text)
    .text                                    0x000036a0   Section        0  task.o(.text)
    _task_restart_func                       0x00004083   Thumb Code   498  task.o(.text)
    .text                                    0x00004350   Section        0  stack_st.o(.text)
    .text                                    0x00004358   Section        0  int_inst.o(.text)
    .text                                    0x0000436c   Section        0  int_unx.o(.text)
    .text                                    0x000043c8   Section        0  int_vtab.o(.text)
    .text                                    0x000043f0   Section        0  int_xcpt.o(.text)
    .text                                    0x00004484   Section        0  mem_zero.o(.text)
    .text                                    0x00004582   Section        0  psp_iinit.o(.text)
    .text                                    0x000045a0   Section        0  psp_tiad.o(.text)
    .text                                    0x000045f4   Section        0  psp_tinm.o(.text)
    .text                                    0x00004634   Section        0  psp_tisu.o(.text)
    .text                                    0x000046f8   Section        0  sc_irdyq.o(.text)
    .text                                    0x000047b8   Section        0  stack_bu.o(.text)
    .text                                    0x00004814   Section        0  stack_de.o(.text)
    .text                                    0x00004818   Section        0  nvic.o(.text)
    .text                                    0x000048b8   Section        0  uart.o(.text)
    .text                                    0x00004b7c   Section        0  mkl_spi.o(.text)
    .text                                    0x00004c7c   Section        0  w25x32.o(.text)
    flash_write_enable                       0x00004cad   Thumb Code    66  w25x32.o(.text)
    .text                                    0x00004fd4   Section        0  adc.o(.text)
    .text                                    0x00005118   Section        0  dma1.o(.text)
    .text                                    0x00005294   Section        0  lptmr.o(.text)
    .text                                    0x000054ac   Section        0  smc.o(.text)
    .text                                    0x00005818   Section        0  app_shell.o(.text)
    cmd_list                                 0x00005819   Thumb Code    54  app_shell.o(.text)
    get_task_stack_usage                     0x0000584f   Thumb Code    72  app_shell.o(.text)
    show_mqxlite_task_information            0x00005897   Thumb Code   114  app_shell.o(.text)
    get_mqxlite_status                       0x00005909   Thumb Code    54  app_shell.o(.text)
    exec_cmd                                 0x00005969   Thumb Code   116  app_shell.o(.text)
    .text                                    0x00005dd8   Section        0  app_trace.o(.text)
    .text                                    0x00005f74   Section        0  app_mma8451.o(.text)
    MMA8451_INT1_isr_service                 0x00005f81   Thumb Code    32  app_mma8451.o(.text)
    mma8451_getdata                          0x00006527   Thumb Code   376  app_mma8451.o(.text)
    .text                                    0x00006b04   Section        0  app_wifi.o(.text)
    ParseChecksum                            0x00006b45   Thumb Code    40  app_wifi.o(.text)
    do_wifi_image_cmd                        0x00006b6d   Thumb Code   140  app_wifi.o(.text)
    uart0_irq_handler                        0x00006cd7   Thumb Code    52  app_wifi.o(.text)
    .text                                    0x00006e50   Section        0  shell.o(.text)
    Shell_ModuleCmdClr                       0x00006e51   Thumb Code    16  shell.o(.text)
    Shell_ModuleCmdNameGet                   0x00006ea3   Thumb Code   116  shell.o(.text)
    Shell_CmdSearch                          0x00006f17   Thumb Code   172  shell.o(.text)
    Shell_Scanner                            0x00006fc3   Thumb Code   108  shell.o(.text)
    .text                                    0x0000722c   Section        0  uidiv.o(.text)
    .text                                    0x00007258   Section        0  idiv.o(.text)
    .text                                    0x00007280   Section        0  memcpya.o(.text)
    .text                                    0x000072a4   Section        0  memseta.o(.text)
    .text                                    0x000072c8   Section        0  strstr.o(.text)
    .text                                    0x000072f0   Section        0  strncpy.o(.text)
    .text                                    0x0000730a   Section        0  strlen.o(.text)
    .text                                    0x00007318   Section        0  strcmp.o(.text)
    .text                                    0x00007334   Section        0  memcmp.o(.text)
    .text                                    0x0000734e   Section        0  strcpy.o(.text)
    .text                                    0x00007360   Section        0  strncmp.o(.text)
    .text                                    0x00007380   Section        0  strtok.o(.text)
    .text                                    0x000073c8   Section        0  atoi.o(.text)
    .text                                    0x000073e4   Section        0  dadd.o(.text)
    .text                                    0x00007548   Section        0  dmul.o(.text)
    .text                                    0x00007618   Section        0  ddiv.o(.text)
    .text                                    0x00007708   Section        0  dflti.o(.text)
    .text                                    0x00007730   Section        0  dfltui.o(.text)
    .text                                    0x0000774c   Section        0  dfixui.o(.text)
    .text                                    0x00007788   Section        0  f2d.o(.text)
    .text                                    0x000077b0   Section       40  cdcmple.o(.text)
    .text                                    0x000077d8   Section       40  cdrcmple.o(.text)
    .text                                    0x00007800   Section        0  uldiv.o(.text)
    .text                                    0x00007860   Section        0  llshl.o(.text)
    .text                                    0x00007880   Section        0  llushr.o(.text)
    .text                                    0x000078a2   Section        0  llsshr.o(.text)
    .text                                    0x000078c8   Section        0  strtol.o(.text)
    .text                                    0x00007938   Section        0  iusefp.o(.text)
    .text                                    0x00007938   Section        0  depilogue.o(.text)
    .text                                    0x000079f8   Section        0  dfixul.o(.text)
    .text                                    0x00007a38   Section       36  init.o(.text)
    .text                                    0x00007a5c   Section        0  semi.o(.text)
    .text                                    0x00007a5c   Section        0  ctype_o.o(.text)
    .text                                    0x00007a64   Section        0  _strtoul.o(.text)
    .text                                    0x00007b0a   Section        0  iusesemip.o(.text)
    .text                                    0x00007b0a   Section        0  _chval.o(.text)
    KERNEL                                   0x00007b28   Section      568  dispatch.o(KERNEL)
    _int_kernel_isr_epilog                   0x00007c75   Thumb Code     0  dispatch.o(KERNEL)
    i.__0printf$8                            0x00007d60   Section        0  printf8.o(i.__0printf$8)
    i.__0snprintf$8                          0x00007d80   Section        0  printf8.o(i.__0snprintf$8)
    i.__0vsnprintf                           0x00007dac   Section        0  printfa.o(i.__0vsnprintf)
    i.__ARM_clz                              0x00007dd0   Section        0  depilogue.o(i.__ARM_clz)
    i.__ARM_common_switch8                   0x00007dfe   Section        0  mem_zero.o(i.__ARM_common_switch8)
    i.__aeabi_errno_addr                     0x00007e1c   Section        0  errno.o(i.__aeabi_errno_addr)
    i.__scatterload_copy                     0x00007e24   Section       14  handlers.o(i.__scatterload_copy)
    i.__scatterload_null                     0x00007e32   Section        2  handlers.o(i.__scatterload_null)
    i.__scatterload_zeroinit                 0x00007e34   Section       14  handlers.o(i.__scatterload_zeroinit)
    i._fp_digits                             0x00007e44   Section        0  printfa.o(i._fp_digits)
    _fp_digits                               0x00007e45   Thumb Code   316  printfa.o(i._fp_digits)
    i._printf_core                           0x00007f9c   Section        0  printf8.o(i._printf_core)
    _printf_core                             0x00007f9d   Thumb Code  1020  printf8.o(i._printf_core)
    i._printf_core                           0x000083c4   Section        0  printfa.o(i._printf_core)
    _printf_core                             0x000083c5   Thumb Code  1754  printfa.o(i._printf_core)
    i._printf_post_padding                   0x00008ab0   Section        0  printf8.o(i._printf_post_padding)
    _printf_post_padding                     0x00008ab1   Thumb Code    32  printf8.o(i._printf_post_padding)
    i._printf_post_padding                   0x00008ad0   Section        0  printfa.o(i._printf_post_padding)
    _printf_post_padding                     0x00008ad1   Thumb Code    32  printfa.o(i._printf_post_padding)
    i._printf_pre_padding                    0x00008af0   Section        0  printf8.o(i._printf_pre_padding)
    _printf_pre_padding                      0x00008af1   Thumb Code    44  printf8.o(i._printf_pre_padding)
    i._printf_pre_padding                    0x00008b1c   Section        0  printfa.o(i._printf_pre_padding)
    _printf_pre_padding                      0x00008b1d   Thumb Code    44  printfa.o(i._printf_pre_padding)
    i._snputc                                0x00008b48   Section        0  printf8.o(i._snputc)
    _snputc                                  0x00008b49   Thumb Code    22  printf8.o(i._snputc)
    i._snputc                                0x00008b5e   Section        0  printfa.o(i._snputc)
    _snputc                                  0x00008b5f   Thumb Code    22  printfa.o(i._snputc)
    i.fputc                                  0x00008b74   Section        0  fputc.o(i.fputc)
    .constdata                               0x00008b88   Section       36  mqx1.o(.constdata)
    .constdata                               0x00008bac   Section      140  task_template_list.o(.constdata)
    .constdata                               0x00008c38   Section        6  pwmtimerrgb.o(.constdata)
    ChannelDevice                            0x00008c38   Data           3  pwmtimerrgb.o(.constdata)
    ChannelMode                              0x00008c3b   Data           3  pwmtimerrgb.o(.constdata)
    .constdata                               0x00008c40   Section       52  mqxlite.o(.constdata)
    .constdata                               0x00008c74   Section        6  dma1.o(.constdata)
    .constdata                               0x00008c7c   Section      360  acos.o(.constdata)
    .constdata                               0x00008de4   Section       24  app_wifi.o(.constdata)
    .constdata                               0x00008dfc   Section      129  ctype_o.o(.constdata)
    .constdata                               0x00008e80   Section        4  ctype_o.o(.constdata)
    table                                    0x00008e80   Data           4  ctype_o.o(.constdata)
    .conststring                             0x00008e84   Section       34  task_template_list.o(.conststring)
    .conststring                             0x00008ea8   Section      236  mqxlite.o(.conststring)
    .conststring                             0x00008f94   Section       93  app_shell.o(.conststring)
    .data                                    0x1ffff000   Section       12  mqx1.o(.data)
    .data                                    0x1ffff00c   Section        8  pwmtimerrgb.o(.data)
    DeviceDataPrv__DEFAULT_RTOS_ALLOC        0x1ffff00c   Data           8  pwmtimerrgb.o(.data)
    .data                                    0x1ffff014   Section       16  mqx_tasks.o(.data)
    .data                                    0x1ffff024   Section        8  mqxlite.o(.data)
    .data                                    0x1ffff02c   Section        4  task.o(.data)
    .data                                    0x1ffff030   Section        6  dma1.o(.data)
    .data                                    0x1ffff036   Section        3  lptmr.o(.data)
    .data                                    0x1ffff03c   Section       24  app_shell.o(.data)
    App_ShellAppCmdTbl                       0x1ffff03c   Data          24  app_shell.o(.data)
    .data                                    0x1ffff054   Section       15  app_mma8451.o(.data)
    g_DataState                              0x1ffff054   Data           2  app_mma8451.o(.data)
    g_I2C_DeviceData                         0x1ffff058   Data           4  app_mma8451.o(.data)
    buffer_count                             0x1ffff060   Data           2  app_mma8451.o(.data)
    step                                     0x1ffff062   Data           1  app_mma8451.o(.data)
    .data                                    0x1ffff064   Section        8  shell.o(.data)
    .data                                    0x1ffff06c   Section        4  strtok.o(.data)
    state                                    0x1ffff06c   Data           4  strtok.o(.data)
    .data                                    0x1ffff070   Section        4  stdout.o(.data)
    .data                                    0x1ffff074   Section        4  errno.o(.data)
    _errno                                   0x1ffff074   Data           4  errno.o(.data)
    .bss                                     0x1ffff078   Section       32  i2c.o(.bss)
    DeviceDataPrv__DEFAULT_RTOS_ALLOC        0x1ffff078   Data          32  i2c.o(.bss)
    .bss                                     0x1ffff098   Section     4160  mqx1.o(.bss)
    .bss                                     0x200000d8   Section       24  pe_ldd.o(.bss)
    .bss                                     0x200000f0   Section       12  systemtimer1.o(.bss)
    DeviceDataPrv__DEFAULT_RTOS_ALLOC        0x200000f0   Data          12  systemtimer1.o(.bss)
    .bss                                     0x200000fc   Section       16  mutex.o(.bss)
    .bss                                     0x2000010c   Section       28  lptmr.o(.bss)
    .bss                                     0x20000128   Section     1216  app_shell.o(.bss)
    g_uart2_rx_queue                         0x200004a8   Data         320  app_shell.o(.bss)
    .bss                                     0x200005e8   Section      240  app_trace.o(.bss)
    isr_output_msg                           0x200005e8   Data          64  app_trace.o(.bss)
    output_msg                               0x20000628   Data         128  app_trace.o(.bss)
    g_trace_mutex                            0x200006a8   Data          48  app_trace.o(.bss)
    .bss                                     0x200006d8   Section     1560  app_mma8451.o(.bss)
    g_mma8451_int_sem                        0x20000a58   Data          28  app_mma8451.o(.bss)
    Angle_1s                                 0x20000a74   Data         600  app_mma8451.o(.bss)
    s_first                                  0x20000cd0   Data          16  app_mma8451.o(.bss)
    s_last                                   0x20000ce0   Data          16  app_mma8451.o(.bss)
    .bss                                     0x20000cf0   Section      832  app_wifi.o(.bss)
    g_uart0_rx_queue                         0x20000cf0   Data         320  app_wifi.o(.bss)
    g_wifi_com_recv_buf                      0x20000e30   Data         512  app_wifi.o(.bss)
    .bss                                     0x20001030   Section      120  shell.o(.bss)

    Global Symbols

    Symbol Name                              Value     Ov Type        Size  Object(Section)

    BuildAttributes$$THM_ISAv3M$S$PE$A:L22$X:L11$S22$IEEE1$IW$USESV6$~STKCKD$USESV7$~SHL$OSPACE$ROPI$EBA8$MICROLIB$REQ8$PRES8$EABIv2 0x00000000   Number         0  anon$$obj.o ABSOLUTE
    __ARM_use_no_argv                        0x00000000   Number         0  processorexpert.o ABSOLUTE
    __vect_table                             0x00000000   Data         192  vectors.o(.vectortable)
    _printf_a                                0x00000000   Number         0  stubs.o ABSOLUTE
    _printf_c                                0x00000000   Number         0  stubs.o ABSOLUTE
    _printf_charcount                        0x00000000   Number         0  stubs.o ABSOLUTE
    _printf_d                                0x00000000   Number         0  stubs.o ABSOLUTE
    _printf_e                                0x00000000   Number         0  stubs.o ABSOLUTE
    _printf_f                                0x00000000   Number         0  stubs.o ABSOLUTE
    _printf_flags                            0x00000000   Number         0  stubs.o ABSOLUTE
    _printf_fp_dec                           0x00000000   Number         0  stubs.o ABSOLUTE
    _printf_fp_hex                           0x00000000   Number         0  stubs.o ABSOLUTE
    _printf_g                                0x00000000   Number         0  stubs.o ABSOLUTE
    _printf_i                                0x00000000   Number         0  stubs.o ABSOLUTE
    _printf_int_dec                          0x00000000   Number         0  stubs.o ABSOLUTE
    _printf_l                                0x00000000   Number         0  stubs.o ABSOLUTE
    _printf_lc                               0x00000000   Number         0  stubs.o ABSOLUTE
    _printf_ll                               0x00000000   Number         0  stubs.o ABSOLUTE
    _printf_lld                              0x00000000   Number         0  stubs.o ABSOLUTE
    _printf_lli                              0x00000000   Number         0  stubs.o ABSOLUTE
    _printf_llo                              0x00000000   Number         0  stubs.o ABSOLUTE
    _printf_llu                              0x00000000   Number         0  stubs.o ABSOLUTE
    _printf_llx                              0x00000000   Number         0  stubs.o ABSOLUTE
    _printf_longlong_dec                     0x00000000   Number         0  stubs.o ABSOLUTE
    _printf_longlong_hex                     0x00000000   Number         0  stubs.o ABSOLUTE
    _printf_longlong_oct                     0x00000000   Number         0  stubs.o ABSOLUTE
    _printf_ls                               0x00000000   Number         0  stubs.o ABSOLUTE
    _printf_mbtowc                           0x00000000   Number         0  stubs.o ABSOLUTE
    _printf_n                                0x00000000   Number         0  stubs.o ABSOLUTE
    _printf_o                                0x00000000   Number         0  stubs.o ABSOLUTE
    _printf_p                                0x00000000   Number         0  stubs.o ABSOLUTE
    _printf_percent                          0x00000000   Number         0  stubs.o ABSOLUTE
    _printf_pre_padding                      0x00000000   Number         0  stubs.o ABSOLUTE
    _printf_return_value                     0x00000000   Number         0  stubs.o ABSOLUTE
    _printf_s                                0x00000000   Number         0  stubs.o ABSOLUTE
    _printf_sizespec                         0x00000000   Number         0  stubs.o ABSOLUTE
    _printf_str                              0x00000000   Number         0  stubs.o ABSOLUTE
    _printf_truncate_signed                  0x00000000   Number         0  stubs.o ABSOLUTE
    _printf_truncate_unsigned                0x00000000   Number         0  stubs.o ABSOLUTE
    _printf_u                                0x00000000   Number         0  stubs.o ABSOLUTE
    _printf_wc                               0x00000000   Number         0  stubs.o ABSOLUTE
    _printf_wctomb                           0x00000000   Number         0  stubs.o ABSOLUTE
    _printf_widthprec                        0x00000000   Number         0  stubs.o ABSOLUTE
    _printf_x                                0x00000000   Number         0  stubs.o ABSOLUTE
    __cpp_initialize__aeabi_                  - Undefined Weak Reference
    __cxa_finalize                            - Undefined Weak Reference
    __decompress                              - Undefined Weak Reference
    _clock_init                               - Undefined Weak Reference
    _microlib_exit                            - Undefined Weak Reference
    _cfm                                     0x00000400   Data          16  cpu.o(.cfmconfig)
    __boot                                   0x00000411   Thumb Code     0  boot.o(. text)
    __set_MSP                                0x0000042d   Thumb Code     0  boot.o(. text)
    __main                                   0x00000435   Thumb Code     0  entry.o(.ARM.Collect$$$$00000000)
    _main_stk                                0x00000435   Thumb Code     0  entry4.o(.ARM.Collect$$$$00000003)
    _main_scatterload                        0x00000439   Thumb Code     0  entry5.o(.ARM.Collect$$$$00000004)
    __main_after_scatterload                 0x0000043d   Thumb Code     0  entry5.o(.ARM.Collect$$$$00000004)
    _main_clock                              0x0000043d   Thumb Code     0  entry7b.o(.ARM.Collect$$$$00000008)
    _main_cpp_init                           0x0000043d   Thumb Code     0  entry8b.o(.ARM.Collect$$$$0000000A)
    _main_init                               0x0000043d   Thumb Code     0  entry9a.o(.ARM.Collect$$$$0000000B)
    __rt_final_cpp                           0x00000445   Thumb Code     0  entry10a.o(.ARM.Collect$$$$0000000D)
    __rt_final_exit                          0x00000445   Thumb Code     0  entry11a.o(.ARM.Collect$$$$0000000F)
    __thumb_startup                          0x00000449   Thumb Code     8  startup_arm_cc.o(.emb_text)
    Cpu_INT_NMIInterrupt                     0x00000459   Thumb Code     8  cpu.o(.text)
    Cpu_Interrupt                            0x00000461   Thumb Code     2  cpu.o(.text)
    __init_hardware                          0x00000463   Thumb Code   256  cpu.o(.text)
    PE_low_level_init                        0x00000563   Thumb Code   162  cpu.o(.text)
    I2C_Interrupt                            0x0000063d   Thumb Code   458  i2c.o(.text)
    I2C_Init                                 0x00000807   Thumb Code   200  i2c.o(.text)
    I2C_Deinit                               0x000008cf   Thumb Code    40  i2c.o(.text)
    I2C_MasterSendBlock                      0x000008f7   Thumb Code   238  i2c.o(.text)
    I2C_MasterReceiveBlock                   0x000009e5   Thumb Code   272  i2c.o(.text)
    I2C_SelectSlaveDevice                    0x00000af5   Thumb Code   148  i2c.o(.text)
    I2C_GetError                             0x00000b89   Thumb Code    28  i2c.o(.text)
    I2C_CheckBus                             0x00000ba5   Thumb Code    30  i2c.o(.text)
    SystemTimer1_OnCounterRestart            0x00000bcd   Thumb Code    10  mqx1.o(.text)
    SystemTimer1_GetTicsPerSecond            0x00000bd7   Thumb Code    30  mqx1.o(.text)
    SystemTimer1_Interrupt                   0x00000bf5   Thumb Code    28  systemtimer1.o(.text)
    SystemTimer1_Init                        0x00000c11   Thumb Code    76  systemtimer1.o(.text)
    SystemTimer1_Deinit                      0x00000c5d   Thumb Code    36  systemtimer1.o(.text)
    SystemTimer1_Enable                      0x00000c81   Thumb Code    20  systemtimer1.o(.text)
    SystemTimer1_GetInputFrequency           0x00000c95   Thumb Code     6  systemtimer1.o(.text)
    SystemTimer1_SetPeriodTicks              0x00000c9b   Thumb Code    24  systemtimer1.o(.text)
    SystemTimer1_GetPeriodTicks              0x00000cb3   Thumb Code    24  systemtimer1.o(.text)
    SystemTimer1_ResetCounter                0x00000ccb   Thumb Code    52  systemtimer1.o(.text)
    SystemTimer1_GetCounterValue             0x00000cff   Thumb Code     8  systemtimer1.o(.text)
    PWMTimerRGB_Init                         0x00000d29   Thumb Code   140  pwmtimerrgb.o(.text)
    PWMTimerRGB_Deinit                       0x00000db5   Thumb Code    22  pwmtimerrgb.o(.text)
    PWMTimerRGB_Enable                       0x00000dcb   Thumb Code    24  pwmtimerrgb.o(.text)
    PWMTimerRGB_Disable                      0x00000de3   Thumb Code    18  pwmtimerrgb.o(.text)
    PWMTimerRGB_GetCounterValue              0x00000df5   Thumb Code     8  pwmtimerrgb.o(.text)
    PWMTimerRGB_SetOffsetTicks               0x00000dfd   Thumb Code    54  pwmtimerrgb.o(.text)
    PWMTimerRGB_GetOffsetTicks               0x00000e33   Thumb Code    44  pwmtimerrgb.o(.text)
    BlinkRateCounter_OnCounterRestart        0x00000e8d   Thumb Code    34  events.o(.text)
    I2C_OnMasterBlockSent                    0x00000eaf   Thumb Code     8  events.o(.text)
    I2C_OnMasterBlockReceived                0x00000eb7   Thumb Code     8  events.o(.text)
    Cpu_OnNMIINT                             0x00000ebf   Thumb Code     2  events.o(.text)
    I2C_OnError                              0x00000ec1   Thumb Code     2  events.o(.text)
    ReadAccRegs                              0x00000ecd   Thumb Code   100  mma845xq.o(.text)
    WriteAccRegs                             0x00000f31   Thumb Code    82  mma845xq.o(.text)
    main                                     0x00000f83   Thumb Code    12  processorexpert.o(.text)
    GetTemperature                           0x0000101b   Thumb Code     4  mqx_tasks.o(.text)
    GetLightON                               0x0000101f   Thumb Code     4  mqx_tasks.o(.text)
    GetTouchON                               0x00001023   Thumb Code     4  mqx_tasks.o(.text)
    GetSysStatus                             0x00001027   Thumb Code     6  mqx_tasks.o(.text)
    SetSysStatus                             0x0000102d   Thumb Code     6  mqx_tasks.o(.text)
    Init_Task                                0x00001033   Thumb Code   292  mqx_tasks.o(.text)
    ColorTask                                0x00001157   Thumb Code   200  mqx_tasks.o(.text)
    _time_delay_internal                     0x000013fd   Thumb Code   158  time_ticks.o(.text)
    _time_delay_for                          0x0000149b   Thumb Code   102  time_ticks.o(.text)
    _time_delay_ticks                        0x00001501   Thumb Code   100  time_ticks.o(.text)
    _time_delay_until                        0x00001565   Thumb Code    96  time_ticks.o(.text)
    _time_diff_ticks                         0x000015c5   Thumb Code    38  time_ticks.o(.text)
    _time_diff_ticks_int32                   0x000015eb   Thumb Code    40  time_ticks.o(.text)
    _time_dequeue                            0x00001613   Thumb Code    88  time_ticks.o(.text)
    _time_dequeue_td                         0x0000166b   Thumb Code    74  time_ticks.o(.text)
    _time_get_elapsed_ticks                  0x000016b5   Thumb Code   118  time_ticks.o(.text)
    _time_get_elapsed_ticks_fast             0x0000172b   Thumb Code    64  time_ticks.o(.text)
    _time_get_hwticks                        0x0000176b   Thumb Code    34  time_ticks.o(.text)
    _time_get_ticks                          0x0000178d   Thumb Code   142  time_ticks.o(.text)
    _time_get_hwticks_per_tick               0x0000181b   Thumb Code    12  time_ticks.o(.text)
    _time_init_ticks                         0x00001827   Thumb Code    50  time_ticks.o(.text)
    _time_notify_kernel                      0x00001859   Thumb Code   366  time_ticks.o(.text)
    _time_set_ticks                          0x000019c7   Thumb Code    80  time_ticks.o(.text)
    _time_set_timer_vector                   0x00001a17   Thumb Code    12  time_ticks.o(.text)
    _time_set_hwtick_function                0x00001a23   Thumb Code    16  time_ticks.o(.text)
    _time_set_hwticks_per_tick               0x00001a33   Thumb Code    12  time_ticks.o(.text)
    _time_get_ticks_per_sec                  0x00001a3f   Thumb Code    12  time_ticks.o(.text)
    _mqx_idle_task                           0x00001a55   Thumb Code    12  idletask.o(.text)
    _int_enable                              0x00001a65   Thumb Code    40  int.o(.text)
    _int_disable                             0x00001a8d   Thumb Code    26  int.o(.text)
    _int_default_isr                         0x00001aa7   Thumb Code    50  int.o(.text)
    _int_get_default_isr                     0x00001ad9   Thumb Code     8  int.o(.text)
    _int_get_exception_handler               0x00001ae1   Thumb Code    62  int.o(.text)
    _int_get_isr                             0x00001b1f   Thumb Code    60  int.o(.text)
    _int_get_isr_data                        0x00001b5b   Thumb Code    62  int.o(.text)
    _int_get_isr_depth                       0x00001b99   Thumb Code     8  int.o(.text)
    _int_install_default_isr                 0x00001ba1   Thumb Code    46  int.o(.text)
    _int_install_exception_isr               0x00001bcf   Thumb Code    22  int.o(.text)
    _int_install_isr                         0x00001be5   Thumb Code    86  int.o(.text)
    _int_install_unexpected_isr              0x00001c3b   Thumb Code    22  int.o(.text)
    _int_set_exception_handler               0x00001c51   Thumb Code    78  int.o(.text)
    _int_set_isr_data                        0x00001c9f   Thumb Code    76  int.o(.text)
    _int_init                                0x00001ceb   Thumb Code    64  int.o(.text)
    _lwmsgq_init_internal                    0x00001d45   Thumb Code   212  lwmsgq.o(.text)
    _lwmsgq_init                             0x00001e19   Thumb Code    22  lwmsgq.o(.text)
    _lwmsgq_receive                          0x00001e2f   Thumb Code   374  lwmsgq.o(.text)
    _lwmsgq_send                             0x00001fa5   Thumb Code   358  lwmsgq.o(.text)
    _lwsem_create_internal                   0x0000211d   Thumb Code   116  lwsem.o(.text)
    _lwsem_create                            0x00002191   Thumb Code    20  lwsem.o(.text)
    _lwsem_create_hidden                     0x000021a5   Thumb Code    20  lwsem.o(.text)
    _lwsem_destroy_internal                  0x000021b9   Thumb Code   204  lwsem.o(.text)
    _lwsem_destroy                           0x00002285   Thumb Code    14  lwsem.o(.text)
    _lwsem_poll                              0x00002293   Thumb Code    96  lwsem.o(.text)
    _lwsem_post                              0x000022f3   Thumb Code   214  lwsem.o(.text)
    _lwsem_test                              0x000023c9   Thumb Code   124  lwsem.o(.text)
    _lwsem_wait                              0x00002445   Thumb Code   168  lwsem.o(.text)
    _lwsem_wait_timed_internal               0x000024ed   Thumb Code    84  lwsem.o(.text)
    _lwsem_wait_for                          0x00002541   Thumb Code   150  lwsem.o(.text)
    _lwsem_wait_ticks                        0x000025d7   Thumb Code   214  lwsem.o(.text)
    _lwsem_wait_until                        0x000026ad   Thumb Code   148  lwsem.o(.text)
    _mqx_get_kernel_data                     0x0000274d   Thumb Code     6  mqx_utils.o(.text)
    _mqx_fatal_error                         0x00002753   Thumb Code    12  mqx_utils.o(.text)
    _mqx_get_cpu_type                        0x0000275f   Thumb Code     8  mqx_utils.o(.text)
    _mqx_set_cpu_type                        0x00002767   Thumb Code     8  mqx_utils.o(.text)
    _mqx_get_initialization                  0x0000276f   Thumb Code    12  mqx_utils.o(.text)
    _mqx_get_exit_handler                    0x0000277b   Thumb Code     4  mqx_utils.o(.text)
    _mqx_set_exit_handler                    0x0000277f   Thumb Code     2  mqx_utils.o(.text)
    _mqx_get_system_task_id                  0x00002781   Thumb Code     8  mqx_utils.o(.text)
    _mqx_init_kernel_data_internal           0x00002789   Thumb Code   240  mqx_utils.o(.text)
    _mqxlite_init                            0x0000289d   Thumb Code   248  mqxlite.o(.text)
    _mqx_exit                                0x00002995   Thumb Code    10  mqxlite.o(.text)
    _mqxlite                                 0x0000299f   Thumb Code   138  mqxlite.o(.text)
    _mutatr_init                             0x00002a51   Thumb Code    34  mutex.o(.text)
    _mutex_unlock                            0x00002a73   Thumb Code   270  mutex.o(.text)
    _mutex_cleanup                           0x00002b81   Thumb Code    78  mutex.o(.text)
    _mutex_create_component                  0x00002bcf   Thumb Code    80  mutex.o(.text)
    _mutatr_destroy                          0x00002c1f   Thumb Code    34  mutex.o(.text)
    _mutex_lock                              0x00002c41   Thumb Code   766  mutex.o(.text)
    _mutex_destroy                           0x00002f3f   Thumb Code   208  mutex.o(.text)
    _mutatr_get_wait_protocol                0x0000300f   Thumb Code    38  mutex.o(.text)
    _mutatr_get_priority_ceiling             0x00003035   Thumb Code    38  mutex.o(.text)
    _mutatr_get_sched_protocol               0x0000305b   Thumb Code    38  mutex.o(.text)
    _mutatr_get_spin_limit                   0x00003081   Thumb Code    38  mutex.o(.text)
    _mutex_init                              0x000030a7   Thumb Code   190  mutex.o(.text)
    _mutatr_set_wait_protocol                0x00003165   Thumb Code    54  mutex.o(.text)
    _mutatr_set_priority_ceiling             0x0000319b   Thumb Code    52  mutex.o(.text)
    _mutatr_set_sched_protocol               0x000031cf   Thumb Code    56  mutex.o(.text)
    _mutatr_set_spin_limit                   0x00003207   Thumb Code    32  mutex.o(.text)
    _mutex_test                              0x00003227   Thumb Code   132  mutex.o(.text)
    _mutex_try_lock                          0x000032ab   Thumb Code   274  mutex.o(.text)
    _mutex_set_priority_ceiling              0x000033bd   Thumb Code    80  mutex.o(.text)
    _mutex_get_priority_ceiling              0x0000340d   Thumb Code    38  mutex.o(.text)
    _mutex_get_wait_count                    0x00003433   Thumb Code    46  mutex.o(.text)
    _queue_test                              0x00003469   Thumb Code   104  qu_test.o(.text)
    _sched_get_max_priority                  0x000034d1   Thumb Code     6  sched.o(.text)
    _sched_get_min_priority                  0x000034d7   Thumb Code    12  sched.o(.text)
    _sched_yield                             0x000034e3   Thumb Code   112  sched.o(.text)
    _sched_set_priority_internal             0x00003553   Thumb Code   128  sched.o(.text)
    _sched_boost_priority_internal           0x000035d3   Thumb Code    40  sched.o(.text)
    _sched_unboost_priority_internal         0x000035fb   Thumb Code    66  sched.o(.text)
    _sched_insert_priorityq_internal         0x0000363d   Thumb Code    56  sched.o(.text)
    _sched_get_max_priority_on_q_internal    0x00003675   Thumb Code    38  sched.o(.text)
    _task_ready_internal                     0x000036a1   Thumb Code    34  task.o(.text)
    _task_set_error                          0x000036c3   Thumb Code    48  task.o(.text)
    _task_ready                              0x000036f3   Thumb Code   118  task.o(.text)
    _task_get_td                             0x00003769   Thumb Code   128  task.o(.text)
    _task_destroy_internal                   0x000037e9   Thumb Code   412  task.o(.text)
    _task_destroy                            0x00003985   Thumb Code    14  task.o(.text)
    _task_exit_function_internal             0x00003993   Thumb Code    26  task.o(.text)
    _task_abort_internal                     0x000039ad   Thumb Code   260  task.o(.text)
    _task_abort                              0x00003ab1   Thumb Code    14  task.o(.text)
    _task_fill_stack_internal                0x00003abf   Thumb Code    18  task.o(.text)
    _task_alloc_td_internal                  0x00003ad1   Thumb Code   190  task.o(.text)
    _task_init_internal                      0x00003b8f   Thumb Code   300  task.o(.text)
    _task_build_internal                     0x00003cbb   Thumb Code   124  task.o(.text)
    _task_create_at                          0x00003d37   Thumb Code   152  task.o(.text)
    _task_get_exception_handler              0x00003dcf   Thumb Code    32  task.o(.text)
    _task_set_exception_handler              0x00003def   Thumb Code    36  task.o(.text)
    _task_get_exit_handler                   0x00003e13   Thumb Code    32  task.o(.text)
    _task_set_exit_handler                   0x00003e33   Thumb Code    36  task.o(.text)
    _task_get_id_from_name                   0x00003e57   Thumb Code   102  task.o(.text)
    _task_get_template_ptr                   0x00003ebd   Thumb Code    24  task.o(.text)
    _task_get_template_index                 0x00003ed5   Thumb Code    68  task.o(.text)
    _task_get_id_from_td                     0x00003f19   Thumb Code    12  task.o(.text)
    _task_get_index_from_id                  0x00003f25   Thumb Code    24  task.o(.text)
    _task_get_parameter_internal             0x00003f3d   Thumb Code    16  task.o(.text)
    _task_get_parameter                      0x00003f4d   Thumb Code    14  task.o(.text)
    _task_get_parameter_for                  0x00003f5b   Thumb Code    20  task.o(.text)
    _task_set_parameter_internal             0x00003f6f   Thumb Code    22  task.o(.text)
    _task_set_parameter                      0x00003f85   Thumb Code    22  task.o(.text)
    _task_set_parameter_for                  0x00003f9b   Thumb Code    38  task.o(.text)
    _task_get_priority                       0x00003fc1   Thumb Code    32  task.o(.text)
    _task_set_priority                       0x00003fe1   Thumb Code   162  task.o(.text)
    _task_restart                            0x00004275   Thumb Code    30  task.o(.text)
    _task_stop_preemption                    0x00004293   Thumb Code    28  task.o(.text)
    _task_start_preemption                   0x000042af   Thumb Code    42  task.o(.text)
    _task_check_stack                        0x000042d9   Thumb Code    28  task.o(.text)
    _task_get_creator                        0x000042f5   Thumb Code    10  task.o(.text)
    _task_get_error                          0x000042ff   Thumb Code    22  task.o(.text)
    _task_get_error_ptr                      0x00004315   Thumb Code    22  task.o(.text)
    _task_get_id                             0x0000432b   Thumb Code    10  task.o(.text)
    _task_exiting_function_internal          0x00004335   Thumb Code     2  task.o(.text)
    _task_sync_priority_internal             0x00004337   Thumb Code     4  task.o(.text)
    _task_set_error_td_internal              0x0000433b   Thumb Code    16  task.o(.text)
    _psp_get_stack_start                     0x00004351   Thumb Code     8  stack_st.o(.text)
    _psp_int_install                         0x00004359   Thumb Code    14  int_inst.o(.text)
    _int_unexpected_isr                      0x0000436d   Thumb Code    88  int_unx.o(.text)
    _int_set_vector_table                    0x000043c9   Thumb Code    24  int_vtab.o(.text)
    _int_get_vector_table                    0x000043e1   Thumb Code    14  int_vtab.o(.text)
    _int_exception_isr                       0x000043f1   Thumb Code   144  int_xcpt.o(.text)
    _mem_zero                                0x00004485   Thumb Code   254  mem_zero.o(.text)
    _psp_int_init                            0x00004583   Thumb Code    28  psp_iinit.o(.text)
    _psp_add_ticks                           0x000045a1   Thumb Code    78  psp_tiad.o(.text)
    _psp_normalize_ticks                     0x000045f5   Thumb Code    58  psp_tinm.o(.text)
    _psp_subtract_ticks                      0x00004635   Thumb Code    64  psp_tisu.o(.text)
    _psp_subtract_ticks_int32                0x00004675   Thumb Code   122  psp_tisu.o(.text)
    _psp_set_kernel_disable_level            0x000046f9   Thumb Code    92  sc_irdyq.o(.text)
    _psp_init_readyqs                        0x00004755   Thumb Code    86  sc_irdyq.o(.text)
    _psp_build_stack_frame                   0x000047b9   Thumb Code    86  stack_bu.o(.text)
    _psp_destroy_stack_frame                 0x00004815   Thumb Code     2  stack_de.o(.text)
    enable_irq                               0x00004819   Thumb Code    64  nvic.o(.text)
    disable_irq                              0x00004859   Thumb Code    34  nvic.o(.text)
    set_irq_priority                         0x0000487b   Thumb Code    54  nvic.o(.text)
    uart_init                                0x000048b9   Thumb Code   116  uart.o(.text)
    init_uart1                               0x0000492d   Thumb Code   114  uart.o(.text)
    init_uart2_fortest                       0x0000499f   Thumb Code   120  uart.o(.text)
    uart_send_data                           0x00004a17   Thumb Code    16  uart.o(.text)
    uart_send_string                         0x00004a27   Thumb Code    28  uart.o(.text)
    uart0_send_data                          0x00004a43   Thumb Code    20  uart.o(.text)
    uart0_send_string                        0x00004a57   Thumb Code    24  uart.o(.text)
    init_uart0                               0x00004a6f   Thumb Code   238  uart.o(.text)
    spiInit                                  0x00004b7d   Thumb Code   136  mkl_spi.o(.text)
    Send_Byte                                0x00004c05   Thumb Code    42  mkl_spi.o(.text)
    Get_Byte                                 0x00004c2f   Thumb Code    40  mkl_spi.o(.text)
    spiTX                                    0x00004c57   Thumb Code    16  mkl_spi.o(.text)
    flash_read_status                        0x00004c7d   Thumb Code    48  w25x32.o(.text)
    flash_read_id                            0x00004cef   Thumb Code    76  w25x32.o(.text)
    flash_read_data                          0x00004d3b   Thumb Code   136  w25x32.o(.text)
    flash_write_sector                       0x00004dc3   Thumb Code   118  w25x32.o(.text)
    flash_write_data                         0x00004e39   Thumb Code   142  w25x32.o(.text)
    flash_whole_erase                        0x00004ec7   Thumb Code    58  w25x32.o(.text)
    flash_block_erase                        0x00004f01   Thumb Code    90  w25x32.o(.text)
    flash_sector_erase                       0x00004f5b   Thumb Code    90  w25x32.o(.text)
    flash_sel_erases                         0x00004fb5   Thumb Code    26  w25x32.o(.text)
    ADC_Init                                 0x00004fd5   Thumb Code    54  adc.o(.text)
    Calibrate_ADC                            0x0000500b   Thumb Code   208  adc.o(.text)
    ADC_Start                                0x000050db   Thumb Code    10  adc.o(.text)
    ADC_Stop                                 0x000050e5   Thumb Code     8  adc.o(.text)
    ADC_Trigger                              0x000050ed   Thumb Code    36  adc.o(.text)
    adc0_isr                                 0x00005119   Thumb Code    26  dma1.o(.text)
    dma_setup                                0x00005133   Thumb Code    38  dma1.o(.text)
    DMA1_Init                                0x00005159   Thumb Code   212  dma1.o(.text)
    lptmr_isr                                0x00005295   Thumb Code    76  lptmr.o(.text)
    Lptmr_Init                               0x000052e1   Thumb Code   226  lptmr.o(.text)
    Lptmr_Start                              0x000053c3   Thumb Code    14  lptmr.o(.text)
    sleep                                    0x000054ad   Thumb Code    16  smc.o(.text)
    deepsleep                                0x000054bd   Thumb Code    16  smc.o(.text)
    enter_wait                               0x000054cd   Thumb Code    16  smc.o(.text)
    enter_stop                               0x000054dd   Thumb Code    62  smc.o(.text)
    enter_vlpr                               0x0000551b   Thumb Code   106  smc.o(.text)
    exit_vlpr                                0x00005585   Thumb Code    64  smc.o(.text)
    enter_vlps                               0x000055c5   Thumb Code    70  smc.o(.text)
    enter_lls                                0x0000560b   Thumb Code    58  smc.o(.text)
    enter_vlls3                              0x00005645   Thumb Code    62  smc.o(.text)
    enter_vlls2                              0x00005683   Thumb Code    62  smc.o(.text)
    enter_vlls1                              0x000056c1   Thumb Code    62  smc.o(.text)
    enter_vlls0                              0x000056ff   Thumb Code   136  smc.o(.text)
    enter_vlls0_nopor                        0x00005787   Thumb Code   124  smc.o(.text)
    app_cmd_tbl_add                          0x0000593f   Thumb Code    42  app_shell.o(.text)
    shell_task                               0x000059dd   Thumb Code   258  app_shell.o(.text)
    uart1_irq_handler                        0x00005adf   Thumb Code    52  app_shell.o(.text)
    traceInfo_output                         0x00005dd9   Thumb Code    40  app_trace.o(.text)
    assert_failed                            0x00005e01   Thumb Code    18  app_trace.o(.text)
    app_traceInfo_output                     0x00005e13   Thumb Code    84  app_trace.o(.text)
    DumpData                                 0x00005e67   Thumb Code   168  app_trace.o(.text)
    trace_init                               0x00005f0f   Thumb Code    34  app_trace.o(.text)
    GetAccStatus                             0x00005f75   Thumb Code     6  app_mma8451.o(.text)
    SetAccStatus                             0x00005f7b   Thumb Code     6  app_mma8451.o(.text)
    init_MMA8451_interrupt                   0x00005fa1   Thumb Code    70  app_mma8451.o(.text)
    angle_calculation                        0x00005fe7   Thumb Code    90  app_mma8451.o(.text)
    Get_mean                                 0x00006041   Thumb Code    74  app_mma8451.o(.text)
    Get_var                                  0x0000608b   Thumb Code   126  app_mma8451.o(.text)
    FindFirstPeak                            0x00006109   Thumb Code   148  app_mma8451.o(.text)
    FindLastPeak                             0x0000619d   Thumb Code   152  app_mma8451.o(.text)
    enablemma8451standby                     0x00006235   Thumb Code    96  app_mma8451.o(.text)
    enablemma8451running                     0x00006295   Thumb Code   658  app_mma8451.o(.text)
    enablemma8451detect                      0x0000669f   Thumb Code   464  app_mma8451.o(.text)
    app_mma8451_control_task                 0x0000686f   Thumb Code   650  app_mma8451.o(.text)
    test1                                    0x00006b05   Thumb Code    10  app_wifi.o(.text)
    test2                                    0x00006b0f   Thumb Code    10  app_wifi.o(.text)
    test3                                    0x00006b19   Thumb Code    10  app_wifi.o(.text)
    verifyCheckSum                           0x00006b23   Thumb Code    34  app_wifi.o(.text)
    HandleMessage                            0x00006bf9   Thumb Code   142  app_wifi.o(.text)
    IsImage                                  0x00006c87   Thumb Code    24  app_wifi.o(.text)
    do_cmd_wifidata                          0x00006c9f   Thumb Code    56  app_wifi.o(.text)
    app_wifi_control_task                    0x00006d0b   Thumb Code   132  app_wifi.o(.text)
    Shell_Init                               0x00006e61   Thumb Code    66  shell.o(.text)
    Shell_Exec                               0x0000702f   Thumb Code   144  shell.o(.text)
    Shell_CmdTblAdd                          0x000070bf   Thumb Code   218  shell.o(.text)
    Shell_CmdTblRem                          0x00007199   Thumb Code   132  shell.o(.text)
    __aeabi_uidiv                            0x0000722d   Thumb Code     0  uidiv.o(.text)
    __aeabi_uidivmod                         0x0000722d   Thumb Code    44  uidiv.o(.text)
    __aeabi_idiv                             0x00007259   Thumb Code     0  idiv.o(.text)
    __aeabi_idivmod                          0x00007259   Thumb Code    40  idiv.o(.text)
    __aeabi_memcpy                           0x00007281   Thumb Code    36  memcpya.o(.text)
    __aeabi_memcpy4                          0x00007281   Thumb Code     0  memcpya.o(.text)
    __aeabi_memcpy8                          0x00007281   Thumb Code     0  memcpya.o(.text)
    __aeabi_memset                           0x000072a5   Thumb Code    14  memseta.o(.text)
    __aeabi_memset4                          0x000072a5   Thumb Code     0  memseta.o(.text)
    __aeabi_memset8                          0x000072a5   Thumb Code     0  memseta.o(.text)
    __aeabi_memclr                           0x000072b3   Thumb Code     4  memseta.o(.text)
    __aeabi_memclr4                          0x000072b3   Thumb Code     0  memseta.o(.text)
    __aeabi_memclr8                          0x000072b3   Thumb Code     0  memseta.o(.text)
    _memset$wrapper                          0x000072b7   Thumb Code    18  memseta.o(.text)
    strstr                                   0x000072c9   Thumb Code    40  strstr.o(.text)
    strncpy                                  0x000072f1   Thumb Code    26  strncpy.o(.text)
    strlen                                   0x0000730b   Thumb Code    14  strlen.o(.text)
    strcmp                                   0x00007319   Thumb Code    28  strcmp.o(.text)
    memcmp                                   0x00007335   Thumb Code    26  memcmp.o(.text)
    strcpy                                   0x0000734f   Thumb Code    18  strcpy.o(.text)
    strncmp                                  0x00007361   Thumb Code    30  strncmp.o(.text)
    strtok                                   0x00007381   Thumb Code    68  strtok.o(.text)
    atoi                                     0x000073c9   Thumb Code    26  atoi.o(.text)
    __aeabi_dadd                             0x000073e5   Thumb Code   328  dadd.o(.text)
    __aeabi_dsub                             0x0000752d   Thumb Code    12  dadd.o(.text)
    __aeabi_drsub                            0x00007539   Thumb Code    12  dadd.o(.text)
    __aeabi_dmul                             0x00007549   Thumb Code   202  dmul.o(.text)
    __aeabi_ddiv                             0x00007619   Thumb Code   234  ddiv.o(.text)
    __aeabi_i2d                              0x00007709   Thumb Code    34  dflti.o(.text)
    __aeabi_ui2d                             0x00007731   Thumb Code    24  dfltui.o(.text)
    __aeabi_d2uiz                            0x0000774d   Thumb Code    50  dfixui.o(.text)
    __aeabi_f2d                              0x00007789   Thumb Code    40  f2d.o(.text)
    __aeabi_cdcmpeq                          0x000077b1   Thumb Code     0  cdcmple.o(.text)
    __aeabi_cdcmple                          0x000077b1   Thumb Code    38  cdcmple.o(.text)
    __aeabi_cdrcmple                         0x000077d9   Thumb Code    38  cdrcmple.o(.text)
    __aeabi_uldivmod                         0x00007801   Thumb Code    96  uldiv.o(.text)
    __aeabi_llsl                             0x00007861   Thumb Code    32  llshl.o(.text)
    _ll_shift_l                              0x00007861   Thumb Code     0  llshl.o(.text)
    __aeabi_llsr                             0x00007881   Thumb Code    34  llushr.o(.text)
    _ll_ushift_r                             0x00007881   Thumb Code     0  llushr.o(.text)
    __aeabi_lasr                             0x000078a3   Thumb Code    38  llsshr.o(.text)
    _ll_sshift_r                             0x000078a3   Thumb Code     0  llsshr.o(.text)
    strtol                                   0x000078c9   Thumb Code   108  strtol.o(.text)
    __I$use$fp                               0x00007939   Thumb Code     0  iusefp.o(.text)
    _double_round                            0x00007939   Thumb Code    26  depilogue.o(.text)
    _double_epilogue                         0x00007953   Thumb Code   164  depilogue.o(.text)
    __aeabi_d2ulz                            0x000079f9   Thumb Code    54  dfixul.o(.text)
    __scatterload                            0x00007a39   Thumb Code    28  init.o(.text)
    __scatterload_rt2                        0x00007a39   Thumb Code     0  init.o(.text)
    __rt_ctype_table                         0x00007a5d   Thumb Code     4  ctype_o.o(.text)
    __semihosting_library_function           0x00007a5d   Thumb Code     0  semi.o(.text)
    _strtoul                                 0x00007a65   Thumb Code   166  _strtoul.o(.text)
    __I$use$semihosting$fputc                0x00007b0b   Thumb Code     0  iusesemip.o(.text)
    _chval                                   0x00007b0b   Thumb Code    30  _chval.o(.text)
    _sched_start_internal                    0x00007b29   Thumb Code     0  dispatch.o(KERNEL)
    _sched_run_internal                      0x00007b2f   Thumb Code     0  dispatch.o(KERNEL)
    _sched_check_scheduler_internal          0x00007b35   Thumb Code     0  dispatch.o(KERNEL)
    _sched_execute_scheduler_internal        0x00007b4d   Thumb Code     0  dispatch.o(KERNEL)
    _mqx_api_call                            0x00007beb   Thumb Code     0  dispatch.o(KERNEL)
    _task_block                              0x00007bed   Thumb Code     0  dispatch.o(KERNEL)
    _int_kernel_isr                          0x00007c2f   Thumb Code     0  dispatch.o(KERNEL)
    _psp_exception_return                    0x00007ccb   Thumb Code     0  dispatch.o(KERNEL)
    _mem_test_and_set                        0x00007d03   Thumb Code     0  dispatch.o(KERNEL)
    __get_PSP                                0x00007d19   Thumb Code     0  dispatch.o(KERNEL)
    __get_MSP                                0x00007d1f   Thumb Code     0  dispatch.o(KERNEL)
    __get_PSR                                0x00007d2b   Thumb Code     0  dispatch.o(KERNEL)
    __enable_interrupt                       0x00007d31   Thumb Code     0  dispatch.o(KERNEL)
    __disable_interrupt                      0x00007d35   Thumb Code     0  dispatch.o(KERNEL)
    __get_LR                                 0x00007d39   Thumb Code     0  dispatch.o(KERNEL)
    __get_PC                                 0x00007d3d   Thumb Code     0  dispatch.o(KERNEL)
    __get_CONTROL                            0x00007d41   Thumb Code     0  dispatch.o(KERNEL)
    __0printf$8                              0x00007d61   Thumb Code    24  printf8.o(i.__0printf$8)
    __1printf$8                              0x00007d61   Thumb Code     0  printf8.o(i.__0printf$8)
    __2printf                                0x00007d61   Thumb Code     0  printf8.o(i.__0printf$8)
    __0snprintf$8                            0x00007d81   Thumb Code    38  printf8.o(i.__0snprintf$8)
    __1snprintf$8                            0x00007d81   Thumb Code     0  printf8.o(i.__0snprintf$8)
    __2snprintf                              0x00007d81   Thumb Code     0  printf8.o(i.__0snprintf$8)
    __0vsnprintf                             0x00007dad   Thumb Code    32  printfa.o(i.__0vsnprintf)
    __1vsnprintf                             0x00007dad   Thumb Code     0  printfa.o(i.__0vsnprintf)
    __2vsnprintf                             0x00007dad   Thumb Code     0  printfa.o(i.__0vsnprintf)
    __c89vsnprintf                           0x00007dad   Thumb Code     0  printfa.o(i.__0vsnprintf)
    vsnprintf                                0x00007dad   Thumb Code     0  printfa.o(i.__0vsnprintf)
    __ARM_clz                                0x00007dd1   Thumb Code    46  depilogue.o(i.__ARM_clz)
    __ARM_common_switch8                     0x00007dff   Thumb Code    28  mem_zero.o(i.__ARM_common_switch8)
    __aeabi_errno_addr                       0x00007e1d   Thumb Code     4  errno.o(i.__aeabi_errno_addr)
    __rt_errno_addr                          0x00007e1d   Thumb Code     0  errno.o(i.__aeabi_errno_addr)
    __scatterload_copy                       0x00007e25   Thumb Code    14  handlers.o(i.__scatterload_copy)
    __scatterload_null                       0x00007e33   Thumb Code     2  handlers.o(i.__scatterload_null)
    __scatterload_zeroinit                   0x00007e35   Thumb Code    14  handlers.o(i.__scatterload_zeroinit)
    fputc                                    0x00008b75   Thumb Code    18  fputc.o(i.fputc)
    MQX_init_struct                          0x00008b88   Data          36  mqx1.o(.constdata)
    MQX_template_list                        0x00008bac   Data         140  task_template_list.o(.constdata)
    _mqx_zero_tick_struct                    0x00008c40   Data          12  mqxlite.o(.constdata)
    _mqx_version_number                      0x00008c4c   Data           4  mqxlite.o(.constdata)
    _mqx_version                             0x00008c50   Data           4  mqxlite.o(.constdata)
    _mqx_vendor                              0x00008c54   Data           4  mqxlite.o(.constdata)
    _mqx_path                                0x00008c58   Data           4  mqxlite.o(.constdata)
    _mqx_generic_revision                    0x00008c5c   Data           4  mqxlite.o(.constdata)
    _mqx_psp_revision                        0x00008c60   Data           4  mqxlite.o(.constdata)
    _mqx_copyright                           0x00008c64   Data           4  mqxlite.o(.constdata)
    _mqx_date                                0x00008c68   Data           4  mqxlite.o(.constdata)
    _mqxlite_version_number                  0x00008c6c   Data           4  mqxlite.o(.constdata)
    _mqxlite_version                         0x00008c70   Data           4  mqxlite.o(.constdata)
    ChannelsCfg                              0x00008c74   Data           3  dma1.o(.constdata)
    ChannelsCfg2                             0x00008c77   Data           3  dma1.o(.constdata)
    acos_array                               0x00008c7c   Data         360  acos.o(.constdata)
    __ctype_table                            0x00008dfc   Data         129  ctype_o.o(.constdata)
    Region$$Table$$Base                      0x00008ff4   Number         0  anon$$obj.o(Region$$Table)
    Region$$Table$$Limit                     0x00009014   Number         0  anon$$obj.o(Region$$Table)
    mqx_task_stack_pointers                  0x1ffff000   Data          12  mqx1.o(.data)
    I2C_DeviceData                           0x1ffff014   Data           4  mqx_tasks.o(.data)
    PWMTimerRGB_DeviceData                   0x1ffff018   Data           4  mqx_tasks.o(.data)
    PeriodicTimer                            0x1ffff01c   Data           4  mqx_tasks.o(.data)
    BlinkFlag                                0x1ffff020   Data           1  mqx_tasks.o(.data)
    DataState                                0x1ffff021   Data           2  mqx_tasks.o(.data)
    sysStatus                                0x1ffff023   Data           1  mqx_tasks.o(.data)
    _mqx_kernel_data                         0x1ffff024   Data           4  mqxlite.o(.data)
    _mqx_system_stack                        0x1ffff028   Data           4  mqxlite.o(.data)
    _tad_task_at_flag                        0x1ffff02c   Data           4  task.o(.data)
    Measured                                 0x1ffff030   Data           1  dma1.o(.data)
    MeasuredValues                           0x1ffff032   Data           4  dma1.o(.data)
    bSysActive                               0x1ffff036   Data           1  lptmr.o(.data)
    bVLPSMode                                0x1ffff037   Data           1  lptmr.o(.data)
    sleepcounter                             0x1ffff038   Data           1  lptmr.o(.data)
    accStatus                                0x1ffff05c   Data           1  app_mma8451.o(.data)
    z_angle_tmp                              0x1ffff05e   Data           2  app_mma8451.o(.data)
    Shell_ModuleCmdUsedPoolPtr               0x1ffff064   Data           4  shell.o(.data)
    Shell_ModuleCmdFreePoolPtr               0x1ffff068   Data           4  shell.o(.data)
    __stdout                                 0x1ffff070   Data           4  stdout.o(.data)
    Init_Task_task_stack                     0x1ffff098   Data        1152  mqx1.o(.bss)
    _mqx_kernel_data_struct                  0x1ffff518   Data         588  mqx1.o(.bss)
    mqx_static_ready_queue                   0x1ffff764   Data         528  mqx1.o(.bss)
    mqx_static_isr_table                     0x1ffff974   Data         396  mqx1.o(.bss)
    mqx_interrupt_stack                      0x1ffffb00   Data        1040  mqx1.o(.bss)
    mqx_idle_task_stack                      0x1fffff10   Data         288  mqx1.o(.bss)
    mqx_system_stack                         0x20000030   Data         168  mqx1.o(.bss)
    PE_LDD_DeviceDataList                    0x200000d8   Data          24  pe_ldd.o(.bss)
    mutex_struct                             0x200000fc   Data          16  mutex.o(.bss)
    g_lptmr_int_sem                          0x2000010c   Data          28  lptmr.o(.bss)
    shell_task_stack                         0x20000128   Data         896  app_shell.o(.bss)
    mma8451_task_stack                       0x200006d8   Data         896  app_mma8451.o(.bss)
    Shell_ModuleCmdTbl                       0x20001030   Data         120  shell.o(.bss)
    Image$$ARM_LIB_STACK$$ZI$$Limit          0x20003000   Number         0  anon$$obj.o ABSOLUTE



==============================================================================

Memory Map of the image

  Image Entry point : 0x00000411

  Load Region LR_m_text (Base: 0x00000410, Size: 0x00008c7c, Max: 0x0001fbf0, ABSOLUTE)

    Execution Region ER_m_text (Base: 0x00000410, Size: 0x00008c04, Max: 0x0001fbf0, ABSOLUTE)

    Base Addr    Size         Type   Attr      Idx    E Section Name        Object

    0x00000410   0x00000024   Code   RO          988  * . text              boot.o
    0x00000434   0x00000000   Code   RO         1266  * .ARM.Collect$$$$00000000  mc_p.l(entry.o)
    0x00000434   0x00000004   Code   RO         1580    .ARM.Collect$$$$00000003  mc_p.l(entry4.o)
    0x00000438   0x00000004   Code   RO         1583    .ARM.Collect$$$$00000004  mc_p.l(entry5.o)
    0x0000043c   0x00000000   Code   RO         1585    .ARM.Collect$$$$00000008  mc_p.l(entry7b.o)
    0x0000043c   0x00000000   Code   RO         1587    .ARM.Collect$$$$0000000A  mc_p.l(entry8b.o)
    0x0000043c   0x00000008   Code   RO         1588    .ARM.Collect$$$$0000000B  mc_p.l(entry9a.o)
    0x00000444   0x00000000   Code   RO         1590    .ARM.Collect$$$$0000000D  mc_p.l(entry10a.o)
    0x00000444   0x00000000   Code   RO         1592    .ARM.Collect$$$$0000000F  mc_p.l(entry11a.o)
    0x00000444   0x00000004   Code   RO         1581    .ARM.Collect$$$$00002714  mc_p.l(entry4.o)
    0x00000448   0x00000010   Code   RO          443    .emb_text           startup_arm_cc.o
    0x00000458   0x000001e4   Code   RO            4    .text               cpu.o
    0x0000063c   0x00000590   Code   RO          166    .text               i2c.o
    0x00000bcc   0x00000028   Code   RO          245    .text               mqx1.o
    0x00000bf4   0x00000134   Code   RO          314    .text               systemtimer1.o
    0x00000d28   0x00000164   Code   RO          408    .text               pwmtimerrgb.o
    0x00000e8c   0x00000040   Code   RO          456    .text               events.o
    0x00000ecc   0x000000b6   Code   RO          478    .text               mma845xq.o
    0x00000f82   0x0000000c   Code   RO          504    .text               processorexpert.o
    0x00000f8e   0x00000002   PAD
    0x00000f90   0x0000046c   Code   RO          516    .text               mqx_tasks.o
    0x000013fc   0x00000658   Code   RO          554    .text               time_ticks.o
    0x00001a54   0x00000010   Code   RO          581    .text               idletask.o
    0x00001a64   0x000002e0   Code   RO          593    .text               int.o
    0x00001d44   0x000003d8   Code   RO          623    .text               lwmsgq.o
    0x0000211c   0x00000630   Code   RO          638    .text               lwsem.o
    0x0000274c   0x00000150   Code   RO          665    .text               mqx_utils.o
    0x0000289c   0x000001b4   Code   RO          681    .text               mqxlite.o
    0x00002a50   0x00000a18   Code   RO          708    .text               mutex.o
    0x00003468   0x00000068   Code   RO          726    .text               qu_test.o
    0x000034d0   0x000001d0   Code   RO          741    .text               sched.o
    0x000036a0   0x00000cb0   Code   RO          753    .text               task.o
    0x00004350   0x00000008   Code   RO          775    .text               stack_st.o
    0x00004358   0x00000014   Code   RO          812    .text               int_inst.o
    0x0000436c   0x0000005c   Code   RO          842    .text               int_unx.o
    0x000043c8   0x00000026   Code   RO          854    .text               int_vtab.o
    0x000043ee   0x00000002   PAD
    0x000043f0   0x00000094   Code   RO          866    .text               int_xcpt.o
    0x00004484   0x000000fe   Code   RO          878    .text               mem_zero.o
    0x00004582   0x0000001c   Code   RO          892    .text               psp_iinit.o
    0x0000459e   0x00000002   PAD
    0x000045a0   0x00000054   Code   RO          916    .text               psp_tiad.o
    0x000045f4   0x00000040   Code   RO          928    .text               psp_tinm.o
    0x00004634   0x000000c4   Code   RO          940    .text               psp_tisu.o
    0x000046f8   0x000000c0   Code   RO          952    .text               sc_irdyq.o
    0x000047b8   0x0000005c   Code   RO          964    .text               stack_bu.o
    0x00004814   0x00000002   Code   RO          976    .text               stack_de.o
    0x00004816   0x00000002   PAD
    0x00004818   0x000000a0   Code   RO          994    .text               nvic.o
    0x000048b8   0x000002c4   Code   RO         1012    .text               uart.o
    0x00004b7c   0x00000100   Code   RO         1027    .text               mkl_spi.o
    0x00004c7c   0x00000358   Code   RO         1045    .text               w25x32.o
    0x00004fd4   0x00000144   Code   RO         1060    .text               adc.o
    0x00005118   0x0000017c   Code   RO         1078    .text               dma1.o
    0x00005294   0x00000218   Code   RO         1097    .text               lptmr.o
    0x000054ac   0x0000036c   Code   RO         1116    .text               smc.o
    0x00005818   0x000005c0   Code   RO         1131    .text               app_shell.o
    0x00005dd8   0x0000019c   Code   RO         1165    .text               app_trace.o
    0x00005f74   0x00000b90   Code   RO         1189    .text               app_mma8451.o
    0x00006b04   0x0000034c   Code   RO         1229    .text               app_wifi.o
    0x00006e50   0x000003dc   Code   RO         1247    .text               shell.o
    0x0000722c   0x0000002c   Code   RO         1269    .text               mc_p.l(uidiv.o)
    0x00007258   0x00000028   Code   RO         1271    .text               mc_p.l(idiv.o)
    0x00007280   0x00000024   Code   RO         1273    .text               mc_p.l(memcpya.o)
    0x000072a4   0x00000024   Code   RO         1275    .text               mc_p.l(memseta.o)
    0x000072c8   0x00000028   Code   RO         1277    .text               mc_p.l(strstr.o)
    0x000072f0   0x0000001a   Code   RO         1279    .text               mc_p.l(strncpy.o)
    0x0000730a   0x0000000e   Code   RO         1281    .text               mc_p.l(strlen.o)
    0x00007318   0x0000001c   Code   RO         1283    .text               mc_p.l(strcmp.o)
    0x00007334   0x0000001a   Code   RO         1285    .text               mc_p.l(memcmp.o)
    0x0000734e   0x00000012   Code   RO         1287    .text               mc_p.l(strcpy.o)
    0x00007360   0x0000001e   Code   RO         1289    .text               mc_p.l(strncmp.o)
    0x0000737e   0x00000002   PAD
    0x00007380   0x00000048   Code   RO         1291    .text               mc_p.l(strtok.o)
    0x000073c8   0x0000001a   Code   RO         1560    .text               mc_p.l(atoi.o)
    0x000073e2   0x00000002   PAD
    0x000073e4   0x00000164   Code   RO         1562    .text               mf_p.l(dadd.o)
    0x00007548   0x000000d0   Code   RO         1564    .text               mf_p.l(dmul.o)
    0x00007618   0x000000f0   Code   RO         1566    .text               mf_p.l(ddiv.o)
    0x00007708   0x00000028   Code   RO         1568    .text               mf_p.l(dflti.o)
    0x00007730   0x0000001c   Code   RO         1570    .text               mf_p.l(dfltui.o)
    0x0000774c   0x0000003c   Code   RO         1572    .text               mf_p.l(dfixui.o)
    0x00007788   0x00000028   Code   RO         1574    .text               mf_p.l(f2d.o)
    0x000077b0   0x00000028   Code   RO         1576    .text               mf_p.l(cdcmple.o)
    0x000077d8   0x00000028   Code   RO         1578    .text               mf_p.l(cdrcmple.o)
    0x00007800   0x00000060   Code   RO         1597    .text               mc_p.l(uldiv.o)
    0x00007860   0x00000020   Code   RO         1599    .text               mc_p.l(llshl.o)
    0x00007880   0x00000022   Code   RO         1601    .text               mc_p.l(llushr.o)
    0x000078a2   0x00000026   Code   RO         1603    .text               mc_p.l(llsshr.o)
    0x000078c8   0x00000070   Code   RO         1612    .text               mc_p.l(strtol.o)
    0x00007938   0x00000000   Code   RO         1614    .text               mc_p.l(iusefp.o)
    0x00007938   0x000000be   Code   RO         1615    .text               mf_p.l(depilogue.o)
    0x000079f6   0x00000002   PAD
    0x000079f8   0x00000040   Code   RO         1619    .text               mf_p.l(dfixul.o)
    0x00007a38   0x00000024   Code   RO         1621    .text               mc_p.l(init.o)
    0x00007a5c   0x00000000   Code   RO         1623    .text               mc_p.l(semi.o)
    0x00007a5c   0x00000008   Code   RO         1624    .text               mc_p.l(ctype_o.o)
    0x00007a64   0x000000a6   Code   RO         1652    .text               mc_p.l(_strtoul.o)
    0x00007b0a   0x00000000   Code   RO         1654    .text               mc_p.l(iusesemip.o)
    0x00007b0a   0x0000001e   Code   RO         1655    .text               mc_p.l(_chval.o)
    0x00007b28   0x00000238   Code   RO          991    KERNEL              dispatch.o
    0x00007d60   0x00000020   Code   RO         1506    i.__0printf$8       mc_p.l(printf8.o)
    0x00007d80   0x0000002c   Code   RO         1507    i.__0snprintf$8     mc_p.l(printf8.o)
    0x00007dac   0x00000024   Code   RO         1537    i.__0vsnprintf      mc_p.l(printfa.o)
    0x00007dd0   0x0000002e   Code   RO         1617    i.__ARM_clz         mf_p.l(depilogue.o)
    0x00007dfe   0x0000001c   Code   RO          887    i.__ARM_common_switch8  mem_zero.o
    0x00007e1a   0x00000002   PAD
    0x00007e1c   0x00000008   Code   RO         1605    i.__aeabi_errno_addr  mc_p.l(errno.o)
    0x00007e24   0x0000000e   Code   RO         1659    i.__scatterload_copy  mc_p.l(handlers.o)
    0x00007e32   0x00000002   Code   RO         1660    i.__scatterload_null  mc_p.l(handlers.o)
    0x00007e34   0x0000000e   Code   RO         1661    i.__scatterload_zeroinit  mc_p.l(handlers.o)
    0x00007e42   0x00000002   PAD
    0x00007e44   0x00000158   Code   RO         1539    i._fp_digits        mc_p.l(printfa.o)
    0x00007f9c   0x00000428   Code   RO         1513    i._printf_core      mc_p.l(printf8.o)
    0x000083c4   0x000006ec   Code   RO         1540    i._printf_core      mc_p.l(printfa.o)
    0x00008ab0   0x00000020   Code   RO         1514    i._printf_post_padding  mc_p.l(printf8.o)
    0x00008ad0   0x00000020   Code   RO         1541    i._printf_post_padding  mc_p.l(printfa.o)
    0x00008af0   0x0000002c   Code   RO         1515    i._printf_pre_padding  mc_p.l(printf8.o)
    0x00008b1c   0x0000002c   Code   RO         1542    i._printf_pre_padding  mc_p.l(printfa.o)
    0x00008b48   0x00000016   Code   RO         1516    i._snputc           mc_p.l(printf8.o)
    0x00008b5e   0x00000016   Code   RO         1543    i._snputc           mc_p.l(printfa.o)
    0x00008b74   0x00000012   Code   RO         1594    i.fputc             mc_p.l(fputc.o)
    0x00008b86   0x00000002   PAD
    0x00008b88   0x00000024   Data   RO          247    .constdata          mqx1.o
    0x00008bac   0x0000008c   Data   RO          342    .constdata          task_template_list.o
    0x00008c38   0x00000006   Data   RO          409    .constdata          pwmtimerrgb.o
    0x00008c3e   0x00000002   PAD
    0x00008c40   0x00000034   Data   RO          682    .constdata          mqxlite.o
    0x00008c74   0x00000006   Data   RO         1079    .constdata          dma1.o
    0x00008c7a   0x00000002   PAD
    0x00008c7c   0x00000168   Data   RO         1220    .constdata          acos.o
    0x00008de4   0x00000018   Data   RO         1231    .constdata          app_wifi.o
    0x00008dfc   0x00000081   Data   RO         1625    .constdata          mc_p.l(ctype_o.o)
    0x00008e7d   0x00000003   PAD
    0x00008e80   0x00000004   Data   RO         1626    .constdata          mc_p.l(ctype_o.o)
    0x00008e84   0x00000022   Data   RO          343    .conststring        task_template_list.o
    0x00008ea6   0x00000002   PAD
    0x00008ea8   0x000000ec   Data   RO          683    .conststring        mqxlite.o
    0x00008f94   0x0000005d   Data   RO         1133    .conststring        app_shell.o
    0x00008ff1   0x00000003   PAD
    0x00008ff4   0x00000020   Data   RO         1657    Region$$Table       anon$$obj.o


    Execution Region RW_m_data (Base: 0x1ffff000, Size: 0x000020a8, Max: 0x00003400, ABSOLUTE)

    Base Addr    Size         Type   Attr      Idx    E Section Name        Object

    0x1ffff000   0x0000000c   Data   RW          248    .data               mqx1.o
    0x1ffff00c   0x00000008   Data   RW          410    .data               pwmtimerrgb.o
    0x1ffff014   0x00000010   Data   RW          517    .data               mqx_tasks.o
    0x1ffff024   0x00000008   Data   RW          684    .data               mqxlite.o
    0x1ffff02c   0x00000004   Data   RW          754    .data               task.o
    0x1ffff030   0x00000006   Data   RW         1080    .data               dma1.o
    0x1ffff036   0x00000003   Data   RW         1099    .data               lptmr.o
    0x1ffff039   0x00000003   PAD
    0x1ffff03c   0x00000018   Data   RW         1134    .data               app_shell.o
    0x1ffff054   0x0000000f   Data   RW         1191    .data               app_mma8451.o
    0x1ffff063   0x00000001   PAD
    0x1ffff064   0x00000008   Data   RW         1249    .data               shell.o
    0x1ffff06c   0x00000004   Data   RW         1292    .data               mc_p.l(strtok.o)
    0x1ffff070   0x00000004   Data   RW         1596    .data               mc_p.l(stdout.o)
    0x1ffff074   0x00000004   Data   RW         1608    .data               mc_p.l(errno.o)
    0x1ffff078   0x00000020   Zero   RW          167    .bss                i2c.o
    0x1ffff098   0x00001040   Zero   RW          246    .bss                mqx1.o
    0x200000d8   0x00000018   Zero   RW          274    .bss                pe_ldd.o
    0x200000f0   0x0000000c   Zero   RW          315    .bss                systemtimer1.o
    0x200000fc   0x00000010   Zero   RW          709    .bss                mutex.o
    0x2000010c   0x0000001c   Zero   RW         1098    .bss                lptmr.o
    0x20000128   0x000004c0   Zero   RW         1132    .bss                app_shell.o
    0x200005e8   0x000000f0   Zero   RW         1166    .bss                app_trace.o
    0x200006d8   0x00000618   Zero   RW         1190    .bss                app_mma8451.o
    0x20000cf0   0x00000340   Zero   RW         1230    .bss                app_wifi.o
    0x20001030   0x00000078   Zero   RW         1248    .bss                shell.o


    Execution Region ARM_LIB_HEAP (Base: 0x20002400, Size: 0x00000800, Max: 0x00000800, ABSOLUTE)

    Base Addr    Size         Type   Attr      Idx    E Section Name        Object

    0x20002400   0x00000800   Zero   RW            2    ARM_LIB_HEAP.bss    anon$$obj.o


    Execution Region ARM_LIB_STACK (Base: 0x20002c00, Size: 0x00000400, Max: 0x00000400, ABSOLUTE)

    Base Addr    Size         Type   Attr      Idx    E Section Name        Object

    0x20002c00   0x00000400   Zero   RW            1    ARM_LIB_STACK.bss   anon$$obj.o



  Load Region LR_m_interrupts (Base: 0x00000000, Size: 0x000000c0, Max: 0x000000c0, ABSOLUTE)

    Execution Region ER_m_interrupts (Base: 0x00000000, Size: 0x000000c0, Max: 0x000000c0, ABSOLUTE)

    Base Addr    Size         Type   Attr      Idx    E Section Name        Object

    0x00000000   0x000000c0   Data   RO          328    .vectortable        vectors.o



  Load Region LR_FlashConfig (Base: 0x00000400, Size: 0x00000010, Max: 0x00000010, ABSOLUTE)

    Execution Region ER_FlashConfig (Base: 0x00000400, Size: 0x00000010, Max: 0x00000010, ABSOLUTE)

    Base Addr    Size         Type   Attr      Idx    E Section Name        Object

    0x00000400   0x00000010   Data   RO            5    .cfmconfig          cpu.o


==============================================================================

Image component sizes


      Code (inc. data)   RO Data    RW Data    ZI Data      Debug   Object Name

         0          0        360          0          0        433   acos.o
       324          8          0          0          0       1076   adc.o
      2960        890          0         15       1560       6147   app_mma8451.o
      1472        710         93         24       1216       3794   app_shell.o
       412         68          0          0        240       2810   app_trace.o
       844        194         24          0        832       3835   app_wifi.o
        36          2          0          0          0        276   boot.o
       484         56         16          0          0      90951   cpu.o
       568         26          0          0          0        528   dispatch.o
       380        104          6          6          0       1562   dma1.o
        64         10          0          0          0       2374   events.o
      1424         44          0          0         32     206463   i2c.o
        16          4          0          0          0        705   idletask.o
       736         26          0          0          0       4766   int.o
        20          6          0          0          0        451   int_inst.o
        92          4          0          0          0        642   int_unx.o
        38          0          0          0          0        674   int_vtab.o
       148          4          0          0          0        921   int_xcpt.o
       536        220          0          3         28       1747   lptmr.o
       984         18          0          0          0       3394   lwmsgq.o
      1584         24          0          0          0       6610   lwsem.o
       282         18          0          0          0       1004   mem_zero.o
       256         22          0          0          0     154891   mkl_spi.o
       182          0          0          0          0      50284   mma845xq.o
        40          0         36         12       4160       1970   mqx1.o
      1132        478          0         16          0       3216   mqx_tasks.o
       336         36          0          0          0       2151   mqx_utils.o
       436         40        288          8          0      30579   mqxlite.o
      2584         48          0          0         16       9926   mutex.o
       160          8          0          0          0       1182   nvic.o
         0          0          0          0         24      50144   pe_ldd.o
        12          0          0          0          0        407   processorexpert.o
        28          0          0          0          0        592   psp_iinit.o
        84          6          0          0          0        693   psp_tiad.o
        64          6          0          0          0        635   psp_tinm.o
       196         10          0          0          0       1304   psp_tisu.o
       356         46          6          8          0      52147   pwmtimerrgb.o
       104          0          0          0          0       1038   qu_test.o
       192         14          0          0          0       1218   sc_irdyq.o
       464          6          0          0          0       2963   sched.o
       988         30          0          8        120       6895   shell.o
       876         22          0          0          0       2524   smc.o
        92          6          0          0          0        865   stack_bu.o
         2          0          0          0          0        447   stack_de.o
         8          0          0          0          0        471   stack_st.o
        16          8          0          0          0        364   startup_arm_cc.o
       308         34          0          0         12       3189   systemtimer1.o
      3248         44          0          4          0      17953   task.o
         0          0        174          0          0       5595   task_template_list.o
      1624         18          0          0          0       8729   time_ticks.o
       708         32          0          0          0       2479   uart.o
         0          0        192          0          0       2364   vectors.o
       856          6          0          0          0       3558   w25x32.o

    ----------------------------------------------------------------------
     28766       3356       1236        108      11312     761936   Object Totals
         0          0         32          0       3072          0   (incl. Generated)
        10          0          9          4          0          0   (incl. Padding)

    ----------------------------------------------------------------------

      Code (inc. data)   RO Data    RW Data    ZI Data      Debug   Library Member Name

        30          0          0          0          0         60   _chval.o
       166          0          0          0          0         84   _strtoul.o
        26          0          0          0          0         72   atoi.o
         8          4        133          0          0         60   ctype_o.o
         0          0          0          0          0          0   entry.o
         0          0          0          0          0          0   entry10a.o
         0          0          0          0          0          0   entry11a.o
         8          4          0          0          0          0   entry4.o
         4          0          0          0          0          0   entry5.o
         0          0          0          0          0          0   entry7b.o
         0          0          0          0          0          0   entry8b.o
         8          4          0          0          0          0   entry9a.o
         8          4          0          4          0         60   errno.o
        18          0          0          0          0         72   fputc.o
        30          0          0          0          0          0   handlers.o
        40          0          0          0          0         72   idiv.o
        36          8          0          0          0         68   init.o
         0          0          0          0          0          0   iusefp.o
         0          0          0          0          0          0   iusesemip.o
        32          0          0          0          0         68   llshl.o
        38          0          0          0          0         68   llsshr.o
        34          0          0          0          0         68   llushr.o
        26          0          0          0          0         72   memcmp.o
        36          0          0          0          0         60   memcpya.o
        36          0          0          0          0        100   memseta.o
      1238         58          0          0          0        468   printf8.o
      2250         94          0          0          0        460   printfa.o
         0          0          0          0          0          0   semi.o
         0          0          0          4          0          0   stdout.o
        28          0          0          0          0         68   strcmp.o
        18          0          0          0          0         60   strcpy.o
        14          0          0          0          0         60   strlen.o
        30          0          0          0          0         72   strncmp.o
        26          0          0          0          0         68   strncpy.o
        40          0          0          0          0         72   strstr.o
        72          4          0          4          0         72   strtok.o
       112          4          0          0          0         76   strtol.o
        44          0          0          0          0         72   uidiv.o
        96          0          0          0          0         84   uldiv.o
        40          2          0          0          0         68   cdcmple.o
        40          2          0          0          0         68   cdrcmple.o
       356          4          0          0          0        140   dadd.o
       240          6          0          0          0         84   ddiv.o
       236          0          0          0          0        216   depilogue.o
        60         10          0          0          0         68   dfixui.o
        64         10          0          0          0         68   dfixul.o
        40          6          0          0          0         68   dflti.o
        28          4          0          0          0         68   dfltui.o
       208          6          0          0          0         88   dmul.o
        40          0          0          0          0         60   f2d.o

    ----------------------------------------------------------------------
      5914        234        136         12          0       3612   Library Totals
        10          0          3          0          0          0   (incl. Padding)

    ----------------------------------------------------------------------

      Code (inc. data)   RO Data    RW Data    ZI Data      Debug   Library Name

      4552        184        133         12          0       2616   mc_p.l
      1352         50          0          0          0        996   mf_p.l

    ----------------------------------------------------------------------
      5914        234        136         12          0       3612   Library Totals

    ----------------------------------------------------------------------

==============================================================================


      Code (inc. data)   RO Data    RW Data    ZI Data      Debug   

     34680       3590       1372        120      11312     760272   Grand Totals
     34680       3590       1372        120      11312     760272   ELF Image Totals
     34680       3590       1372        120          0          0   ROM Totals

==============================================================================

    Total RO  Size (Code + RO Data)                36052 (  35.21kB)
    Total RW  Size (RW Data + ZI Data)             11432 (  11.16kB)
    Total ROM Size (Code + RO Data + RW Data)      36172 (  35.32kB)

==============================================================================

