<html>
<body>
<pre>
<h1>µVision Build Log</h1>
<h2>Project:</h2>
E:\Starfish\starfish\StarFish_MCU - Port\StarFish_MCU.uvproj
Project File Date:  12/04/2014

<h2>Output:</h2>
Build target 'MKL26Z128xxx4'
compiling mqx_tasks.c...
./Sources/mqx_tasks.c(47): warning:  #1295-D: Deprecated declaration enablemma8451standby - give arg types
./Sources/mqx_tasks.c(48): warning:  #1295-D: Deprecated declaration enablemma8451detect - give arg types
./Sources/mqx_tasks.c(49): warning:  #1295-D: Deprecated declaration enablemma8451running - give arg types
./Sources/mqx_tasks.c(119): warning:  #550-D: variable "mqx_ret" was set but never used
compiling app_mma8451.c...
APP\acos.h(2): warning:  #1-D: last line of file ends without a newline
APP\app_mma8451.c(39): warning:  #1295-D: Deprecated declaration enablemma8451standby - give arg types
APP\app_mma8451.c(40): warning:  #1295-D: Deprecated declaration enablemma8451detect - give arg types
APP\app_mma8451.c(41): warning:  #1295-D: Deprecated declaration enablemma8451running - give arg types
APP\app_mma8451.c(108): warning:  #68-D: integer conversion resulted in a change of sign
APP\app_mma8451.c(158): warning:  #177-D: variable "j" was declared but never referenced
APP\app_mma8451.c(311): warning:  #177-D: variable "ths" was declared but never referenced
compiling app_wifi.c...
APP\app_wifi.c(170): warning:  #550-D: variable "ret" was set but never used
APP\app_wifi.c(171): warning:  #177-D: variable "state" was declared but never referenced
linking...
.\Project_Settings\Linker_Files\ProcessorExpert.scf(46): warning: L6314W: No section matches pattern *.o(RESET).
Program Size: Code=32080 RO-data=1352 RW-data=120 ZI-data=11312  
After Build - User command #1: C:\Keil\\ARM\ARMCC\bin\fromelf.exe --m32combined --output=.\UV4Build\StarFish_MCU.srec .\UV4Build\StarFish_MCU.axf
After Build - User command #2: C:\Keil\\ARM\ARMCC\bin\fromelf.exe --bincombined --output=.\UV4Build\StarFish_MCU.bin .\UV4Build\StarFish_MCU.axf
".\UV4Build\StarFish_MCU.axf" - 0 Errors, 14 Warning(s).
Build target 'MKL26Z128xxx4'
compiling app_mma8451.c...
APP\acos.h(2): warning:  #1-D: last line of file ends without a newline
APP\app_mma8451.c(39): warning:  #1295-D: Deprecated declaration enablemma8451standby - give arg types
APP\app_mma8451.c(40): warning:  #1295-D: Deprecated declaration enablemma8451detect - give arg types
APP\app_mma8451.c(41): warning:  #1295-D: Deprecated declaration enablemma8451running - give arg types
APP\app_mma8451.c(108): warning:  #68-D: integer conversion resulted in a change of sign
APP\app_mma8451.c(158): warning:  #177-D: variable "j" was declared but never referenced
APP\app_mma8451.c(282): warning:  #223-D: function "putmma8451standby" declared implicitly
APP\app_mma8451.c(367): warning:  #223-D: function "putmma8451standby" declared implicitly
APP\app_mma8451.c(478): warning:  #177-D: variable "ths" was declared but never referenced
linking...
.\UV4Build\StarFish_MCU.axf: Error: L6218E: Undefined symbol putmma8451standby (referred from app_mma8451.o).
".\UV4Build\StarFish_MCU.axf" - 1 Errors, 9 Warning(s).
Target not created
Build target 'MKL26Z128xxx4'
compiling app_mma8451.c...
APP\acos.h(2): warning:  #1-D: last line of file ends without a newline
APP\app_mma8451.c(39): warning:  #1295-D: Deprecated declaration enablemma8451standby - give arg types
APP\app_mma8451.c(40): warning:  #1295-D: Deprecated declaration enablemma8451detect - give arg types
APP\app_mma8451.c(41): warning:  #1295-D: Deprecated declaration enablemma8451running - give arg types
APP\app_mma8451.c(108): warning:  #68-D: integer conversion resulted in a change of sign
APP\app_mma8451.c(158): warning:  #177-D: variable "j" was declared but never referenced
APP\app_mma8451.c(478): warning:  #177-D: variable "ths" was declared but never referenced
linking...
.\Project_Settings\Linker_Files\ProcessorExpert.scf(46): warning: L6314W: No section matches pattern *.o(RESET).
Program Size: Code=33172 RO-data=1352 RW-data=120 ZI-data=11312  
After Build - User command #1: C:\Keil\\ARM\ARMCC\bin\fromelf.exe --m32combined --output=.\UV4Build\StarFish_MCU.srec .\UV4Build\StarFish_MCU.axf
After Build - User command #2: C:\Keil\\ARM\ARMCC\bin\fromelf.exe --bincombined --output=.\UV4Build\StarFish_MCU.bin .\UV4Build\StarFish_MCU.axf
".\UV4Build\StarFish_MCU.axf" - 0 Errors, 8 Warning(s).
Build target 'MKL26Z128xxx4'
compiling task_template_list.c...
compiling mqx_tasks.c...
./Sources/mqx_tasks.c(47): warning:  #1295-D: Deprecated declaration enablemma8451standby - give arg types
./Sources/mqx_tasks.c(48): warning:  #1295-D: Deprecated declaration enablemma8451detect - give arg types
./Sources/mqx_tasks.c(49): warning:  #1295-D: Deprecated declaration enablemma8451running - give arg types
./Sources/mqx_tasks.c(119): warning:  #550-D: variable "mqx_ret" was set but never used
compiling uart.c...
compiling DMA1.c...
compiling lptmr.c...
common\drivers\lptmr\lptmr.c(9): warning:  #1295-D: Deprecated declaration dma_setup - give arg types
common\drivers\lptmr\lptmr.c(15): warning:  #1295-D: Deprecated declaration GetSysStatus - give arg types
common\drivers\lptmr\lptmr.c(17): warning:  #1295-D: Deprecated declaration GetAccStatus - give arg types
compiling app_shell.c...
compiling app_trace.c...
compiling app_mma8451.c...
APP\acos.h(2): warning:  #1-D: last line of file ends without a newline
APP\app_mma8451.c(39): warning:  #1295-D: Deprecated declaration enablemma8451standby - give arg types
APP\app_mma8451.c(40): warning:  #1295-D: Deprecated declaration enablemma8451detect - give arg types
APP\app_mma8451.c(41): warning:  #1295-D: Deprecated declaration enablemma8451running - give arg types
APP\app_mma8451.c(108): warning:  #68-D: integer conversion resulted in a change of sign
APP\app_mma8451.c(158): warning:  #177-D: variable "j" was declared but never referenced
APP\app_mma8451.c(478): warning:  #177-D: variable "ths" was declared but never referenced
compiling app_wifi.c...
APP\app_wifi.c(170): warning:  #550-D: variable "ret" was set but never used
APP\app_wifi.c(171): warning:  #177-D: variable "state" was declared but never referenced
compiling shell.c...
linking...
.\Project_Settings\Linker_Files\ProcessorExpert.scf(46): warning: L6314W: No section matches pattern *.o(RESET).
Program Size: Code=33172 RO-data=1352 RW-data=120 ZI-data=11312  
After Build - User command #1: C:\Keil\\ARM\ARMCC\bin\fromelf.exe --m32combined --output=.\UV4Build\StarFish_MCU.srec .\UV4Build\StarFish_MCU.axf
After Build - User command #2: C:\Keil\\ARM\ARMCC\bin\fromelf.exe --bincombined --output=.\UV4Build\StarFish_MCU.bin .\UV4Build\StarFish_MCU.axf
".\UV4Build\StarFish_MCU.axf" - 0 Errors, 17 Warning(s).
Build target 'MKL26Z128xxx4'
compiling task_template_list.c...
compiling Events.c...
compiling MMA845xQ.c...
compiling mqx_tasks.c...
./Sources/mqx_tasks.c(47): warning:  #1295-D: Deprecated declaration enablemma8451standby - give arg types
./Sources/mqx_tasks.c(48): warning:  #1295-D: Deprecated declaration enablemma8451detect - give arg types
./Sources/mqx_tasks.c(49): warning:  #1295-D: Deprecated declaration enablemma8451running - give arg types
./Sources/mqx_tasks.c(119): warning:  #550-D: variable "mqx_ret" was set but never used
compiling nvic.c...
compiling uart.c...
compiling DMA1.c...
compiling lptmr.c...
common\drivers\lptmr\lptmr.c(9): warning:  #1295-D: Deprecated declaration dma_setup - give arg types
common\drivers\lptmr\lptmr.c(15): warning:  #1295-D: Deprecated declaration GetSysStatus - give arg types
common\drivers\lptmr\lptmr.c(17): warning:  #1295-D: Deprecated declaration GetAccStatus - give arg types
compiling app_mma8451.c...
APP\acos.h(2): warning:  #1-D: last line of file ends without a newline
APP\app_mma8451.c(39): warning:  #1295-D: Deprecated declaration enablemma8451standby - give arg types
APP\app_mma8451.c(40): warning:  #1295-D: Deprecated declaration enablemma8451detect - give arg types
APP\app_mma8451.c(41): warning:  #1295-D: Deprecated declaration enablemma8451running - give arg types
APP\app_mma8451.c(108): warning:  #68-D: integer conversion resulted in a change of sign
APP\app_mma8451.c(158): warning:  #177-D: variable "j" was declared but never referenced
APP\app_mma8451.c(478): warning:  #177-D: variable "ths" was declared but never referenced
linking...
.\Project_Settings\Linker_Files\ProcessorExpert.scf(46): warning: L6314W: No section matches pattern *.o(RESET).
Program Size: Code=33172 RO-data=1352 RW-data=120 ZI-data=11312  
After Build - User command #1: C:\Keil\\ARM\ARMCC\bin\fromelf.exe --m32combined --output=.\UV4Build\StarFish_MCU.srec .\UV4Build\StarFish_MCU.axf
After Build - User command #2: C:\Keil\\ARM\ARMCC\bin\fromelf.exe --bincombined --output=.\UV4Build\StarFish_MCU.bin .\UV4Build\StarFish_MCU.axf
".\UV4Build\StarFish_MCU.axf" - 0 Errors, 15 Warning(s).
Build target 'MKL26Z128xxx4'
compiling task_template_list.c...
compiling Events.c...
compiling MMA845xQ.c...
compiling mqx_tasks.c...
./Sources/mqx_tasks.c(47): warning:  #1295-D: Deprecated declaration enablemma8451standby - give arg types
./Sources/mqx_tasks.c(48): warning:  #1295-D: Deprecated declaration enablemma8451detect - give arg types
./Sources/mqx_tasks.c(49): warning:  #1295-D: Deprecated declaration enablemma8451running - give arg types
./Sources/mqx_tasks.c(119): warning:  #550-D: variable "mqx_ret" was set but never used
compiling nvic.c...
compiling uart.c...
compiling DMA1.c...
compiling lptmr.c...
common\drivers\lptmr\lptmr.c(9): warning:  #1295-D: Deprecated declaration dma_setup - give arg types
common\drivers\lptmr\lptmr.c(15): warning:  #1295-D: Deprecated declaration GetSysStatus - give arg types
common\drivers\lptmr\lptmr.c(17): warning:  #1295-D: Deprecated declaration GetAccStatus - give arg types
compiling app_mma8451.c...
APP\acos.h(2): warning:  #1-D: last line of file ends without a newline
APP\app_mma8451.c(39): warning:  #1295-D: Deprecated declaration enablemma8451standby - give arg types
APP\app_mma8451.c(40): warning:  #1295-D: Deprecated declaration enablemma8451detect - give arg types
APP\app_mma8451.c(41): warning:  #1295-D: Deprecated declaration enablemma8451running - give arg types
APP\app_mma8451.c(108): warning:  #68-D: integer conversion resulted in a change of sign
APP\app_mma8451.c(158): warning:  #177-D: variable "j" was declared but never referenced
APP\app_mma8451.c(478): warning:  #177-D: variable "ths" was declared but never referenced
linking...
.\Project_Settings\Linker_Files\ProcessorExpert.scf(46): warning: L6314W: No section matches pattern *.o(RESET).
Program Size: Code=33172 RO-data=1352 RW-data=120 ZI-data=11312  
After Build - User command #1: C:\Keil\\ARM\ARMCC\bin\fromelf.exe --m32combined --output=.\UV4Build\StarFish_MCU.srec .\UV4Build\StarFish_MCU.axf
After Build - User command #2: C:\Keil\\ARM\ARMCC\bin\fromelf.exe --bincombined --output=.\UV4Build\StarFish_MCU.bin .\UV4Build\StarFish_MCU.axf
".\UV4Build\StarFish_MCU.axf" - 0 Errors, 15 Warning(s).
Build target 'MKL26Z128xxx4'
compiling mqx_tasks.c...
./Sources/mqx_tasks.c(47): warning:  #1295-D: Deprecated declaration enablemma8451standby - give arg types
./Sources/mqx_tasks.c(48): warning:  #1295-D: Deprecated declaration enablemma8451detect - give arg types
./Sources/mqx_tasks.c(49): warning:  #1295-D: Deprecated declaration enablemma8451running - give arg types
./Sources/mqx_tasks.c(119): warning:  #550-D: variable "mqx_ret" was set but never used
linking...
.\Project_Settings\Linker_Files\ProcessorExpert.scf(46): warning: L6314W: No section matches pattern *.o(RESET).
Program Size: Code=33172 RO-data=1352 RW-data=120 ZI-data=11312  
After Build - User command #1: C:\Keil\\ARM\ARMCC\bin\fromelf.exe --m32combined --output=.\UV4Build\StarFish_MCU.srec .\UV4Build\StarFish_MCU.axf
After Build - User command #2: C:\Keil\\ARM\ARMCC\bin\fromelf.exe --bincombined --output=.\UV4Build\StarFish_MCU.bin .\UV4Build\StarFish_MCU.axf
".\UV4Build\StarFish_MCU.axf" - 0 Errors, 5 Warning(s).
