ARM Linker, 5.03 [Build 76] [MDK-ARM Standard]

==============================================================================

Section Cross References

    cpu.o(.text) refers to events.o(.text) for Cpu_OnNMIINT
    cpu.o(.text) refers to mqxlite.o(.text) for _mqxlite_init
    cpu.o(.text) refers to vectors.o(.vectortable) for __vect_table
    cpu.o(.text) refers to mqx1.o(.constdata) for MQX_init_struct
    i2c.o(.text) refers to events.o(.text) for I2C_OnMasterBlockSent
    i2c.o(.text) refers to int.o(.text) for _int_get_isr_data
    i2c.o(.text) refers to i2c.o(.bss) for DeviceDataPrv__DEFAULT_RTOS_ALLOC
    i2c.o(.text) refers to pe_ldd.o(.bss) for PE_LDD_DeviceDataList
    mqx1.o(.text) refers to time_ticks.o(.text) for _time_notify_kernel
    mqx1.o(.text) refers to systemtimer1.o(.text) for SystemTimer1_GetInputFrequency
    mqx1.o(.text) refers to uidiv.o(.text) for __aeabi_uidivmod
    mqx1.o(.constdata) refers to mqx1.o(.bss) for _mqx_kernel_data_struct
    mqx1.o(.constdata) refers to task_template_list.o(.constdata) for MQX_template_list
    mqx1.o(.data) refers to mqx1.o(.bss) for Init_Task_task_stack
    mqx1.o(.data) refers to app_shell.o(.bss) for shell_task_stack
    systemtimer1.o(.text) refers to mqx1.o(.text) for SystemTimer1_OnCounterRestart
    systemtimer1.o(.text) refers to int.o(.text) for _int_get_isr_data
    systemtimer1.o(.text) refers to systemtimer1.o(.bss) for DeviceDataPrv__DEFAULT_RTOS_ALLOC
    systemtimer1.o(.text) refers to pe_ldd.o(.bss) for PE_LDD_DeviceDataList
    vectors.o(.vectortable) refers to boot.o(. text) for __boot
    vectors.o(.vectortable) refers to cpu.o(.text) for Cpu_INT_NMIInterrupt
    vectors.o(.vectortable) refers to dispatch.o(KERNEL) for _int_kernel_isr
    task_template_list.o(.constdata) refers to mqx_tasks.o(.text) for Init_Task
    task_template_list.o(.constdata) refers to task_template_list.o(.conststring) for .conststring
    task_template_list.o(.constdata) refers to app_mma8451.o(.text) for app_mma8451_control_task
    task_template_list.o(.constdata) refers to app_wifi.o(.text) for app_wifi_control_task
    task_template_list.o(.constdata) refers to app_shell.o(.text) for shell_task
    pwmtimerrgb.o(.text) refers to pwmtimerrgb.o(.data) for DeviceDataPrv__DEFAULT_RTOS_ALLOC
    pwmtimerrgb.o(.text) refers to pe_ldd.o(.bss) for PE_LDD_DeviceDataList
    pwmtimerrgb.o(.text) refers to pwmtimerrgb.o(.constdata) for ChannelMode
    startup_arm_cc.o(.emb_text) refers to cpu.o(.text) for __init_hardware
    startup_arm_cc.o(.emb_text) refers to entry.o(.ARM.Collect$$$$00000000) for __main
    events.o(.text) refers to pwmtimerrgb.o(.text) for PWMTimerRGB_Disable
    events.o(.text) refers to mqx_tasks.o(.data) for BlinkFlag
    mma845xq.o(.text) refers to i2c.o(.text) for I2C_MasterSendBlock
    mma845xq.o(.text) refers to memcpya.o(.text) for __aeabi_memcpy
    processorexpert.o(.text) refers to cpu.o(.text) for PE_low_level_init
    processorexpert.o(.text) refers to mqxlite.o(.text) for _mqxlite
    mqx_tasks.o(.text) refers to app_trace.o(.text) for app_traceInfo_output
    mqx_tasks.o(.text) refers to printfa.o(i.__0snprintf) for __2snprintf
    mqx_tasks.o(.text) refers to lptmr.o(.text) for Lptmr_Init
    mqx_tasks.o(.text) refers to adc.o(.text) for ADC_Init
    mqx_tasks.o(.text) refers to dma1.o(.text) for DMA1_Init
    mqx_tasks.o(.text) refers to task.o(.text) for _task_create_at
    mqx_tasks.o(.text) refers to lwsem.o(.text) for _lwsem_wait
    mqx_tasks.o(.text) refers to time_ticks.o(.text) for _time_get_elapsed_ticks
    mqx_tasks.o(.text) refers to app_mma8451.o(.text) for putmma8451detect
    mqx_tasks.o(.text) refers to smc.o(.text) for enter_vlps
    mqx_tasks.o(.text) refers to mma845xq.o(.text) for ReadAccRegs
    mqx_tasks.o(.text) refers to pwmtimerrgb.o(.text) for PWMTimerRGB_Enable
    mqx_tasks.o(.text) refers to idiv.o(.text) for __aeabi_idivmod
    mqx_tasks.o(.text) refers to mqxlite.o(.constdata) for _mqx_date
    mqx_tasks.o(.text) refers to mqx_tasks.o(.data) for sysStatus
    mqx_tasks.o(.text) refers to app_shell.o(.bss) for shell_task_stack
    mqx_tasks.o(.text) refers to app_mma8451.o(.bss) for mma8451_task_stack
    mqx_tasks.o(.text) refers to lptmr.o(.bss) for g_lptmr_int_sem
    mqx_tasks.o(.text) refers to dma1.o(.data) for Measured
    time_ticks.o(.text) refers to dispatch.o(KERNEL) for _sched_execute_scheduler_internal
    time_ticks.o(.text) refers to task.o(.text) for _task_set_error
    time_ticks.o(.text) refers to psp_tiad.o(.text) for _psp_add_ticks
    time_ticks.o(.text) refers to psp_tisu.o(.text) for _psp_subtract_ticks
    time_ticks.o(.text) refers to int.o(.text) for _int_disable
    time_ticks.o(.text) refers to psp_tinm.o(.text) for _psp_normalize_ticks
    time_ticks.o(.text) refers to mqxlite.o(.data) for _mqx_kernel_data
    time_ticks.o(.text) refers to mqxlite.o(.constdata) for _mqx_zero_tick_struct
    idletask.o(.text) refers to mqxlite.o(.data) for _mqx_kernel_data
[...]
    MQXLITE\kernel\mqxlite.c                 0x00000000   Number         0  mqxlite.o ABSOLUTE
    MQXLITE\kernel\mutex.c                   0x00000000   Number         0  mutex.o ABSOLUTE
    MQXLITE\kernel\qu_test.c                 0x00000000   Number         0  qu_test.o ABSOLUTE
    MQXLITE\kernel\sched.c                   0x00000000   Number         0  sched.o ABSOLUTE
    MQXLITE\kernel\task.c                    0x00000000   Number         0  task.o ABSOLUTE
    MQXLITE\kernel\time_ticks.c              0x00000000   Number         0  time_ticks.o ABSOLUTE
    MQXLITE\psp\cortex_m\cortex.c            0x00000000   Number         0  cortex.o ABSOLUTE
    MQXLITE\psp\cortex_m\int_gkis.c          0x00000000   Number         0  int_gkis.o ABSOLUTE
    MQXLITE\psp\cortex_m\int_inst.c          0x00000000   Number         0  int_inst.o ABSOLUTE
    MQXLITE\psp\cortex_m\int_kisr.c          0x00000000   Number         0  int_kisr.o ABSOLUTE
    MQXLITE\psp\cortex_m\int_pvta.c          0x00000000   Number         0  int_pvta.o ABSOLUTE
    MQXLITE\psp\cortex_m\int_unx.c           0x00000000   Number         0  int_unx.o ABSOLUTE
    MQXLITE\psp\cortex_m\int_vtab.c          0x00000000   Number         0  int_vtab.o ABSOLUTE
    MQXLITE\psp\cortex_m\int_xcpt.c          0x00000000   Number         0  int_xcpt.o ABSOLUTE
    MQXLITE\psp\cortex_m\mem_zero.c          0x00000000   Number         0  mem_zero.o ABSOLUTE
    MQXLITE\psp\cortex_m\psp_iinit.c         0x00000000   Number         0  psp_iinit.o ABSOLUTE
    MQXLITE\psp\cortex_m\psp_supp.c          0x00000000   Number         0  psp_supp.o ABSOLUTE
    MQXLITE\psp\cortex_m\psp_tiad.c          0x00000000   Number         0  psp_tiad.o ABSOLUTE
    MQXLITE\psp\cortex_m\psp_tinm.c          0x00000000   Number         0  psp_tinm.o ABSOLUTE
    MQXLITE\psp\cortex_m\psp_tisu.c          0x00000000   Number         0  psp_tisu.o ABSOLUTE
    MQXLITE\psp\cortex_m\sc_irdyq.c          0x00000000   Number         0  sc_irdyq.o ABSOLUTE
    MQXLITE\psp\cortex_m\stack_bu.c          0x00000000   Number         0  stack_bu.o ABSOLUTE
    MQXLITE\psp\cortex_m\stack_de.c          0x00000000   Number         0  stack_de.o ABSOLUTE
    MQXLITE\psp\cortex_m\stack_st.c          0x00000000   Number         0  stack_st.o ABSOLUTE
    __tagsym$$used                           0x00000000   Number         0  vectors.o(.vectortable)
    cdcmple.s                                0x00000000   Number         0  cdcmple.o ABSOLUTE
    cdrcmple.s                               0x00000000   Number         0  cdrcmple.o ABSOLUTE
    common\drivers\W25Q32\w25x32.c           0x00000000   Number         0  w25x32.o ABSOLUTE
    common\drivers\adc\adc.c                 0x00000000   Number         0  adc.o ABSOLUTE
    common\drivers\dma\DMA1.c                0x00000000   Number         0  dma1.o ABSOLUTE
    common\drivers\lptmr\lptmr.c             0x00000000   Number         0  lptmr.o ABSOLUTE
    common\drivers\nvic.c                    0x00000000   Number         0  nvic.o ABSOLUTE
    common\drivers\smc\smc.c                 0x00000000   Number         0  smc.o ABSOLUTE
    common\drivers\spi\MKL_spi.c             0x00000000   Number         0  mkl_spi.o ABSOLUTE
    common\drivers\uart.c                    0x00000000   Number         0  uart.o ABSOLUTE
    common\shell\shell.c                     0x00000000   Number         0  shell.o ABSOLUTE
    dc.s                                     0x00000000   Number         0  dc.o ABSOLUTE
    handlers.s                               0x00000000   Number         0  handlers.o ABSOLUTE
    init.s                                   0x00000000   Number         0  init.o ABSOLUTE
    .cfmconfig                               0x00000400   Section       16  cpu.o(.cfmconfig)
    __tagsym$$used                           0x00000400   Number         0  cpu.o(.cfmconfig)
    . text                                   0x00000410   Section       36  boot.o(. text)
    .ARM.Collect$$$$00000000                 0x00000434   Section        0  entry.o(.ARM.Collect$$$$00000000)
    .ARM.Collect$$$$00000003                 0x00000434   Section        4  entry4.o(.ARM.Collect$$$$00000003)
    .ARM.Collect$$$$00000004                 0x00000438   Section        4  entry5.o(.ARM.Collect$$$$00000004)
    .ARM.Collect$$$$00000008                 0x0000043c   Section        0  entry7b.o(.ARM.Collect$$$$00000008)
    .ARM.Collect$$$$0000000A                 0x0000043c   Section        0  entry8b.o(.ARM.Collect$$$$0000000A)
    .ARM.Collect$$$$0000000B                 0x0000043c   Section        8  entry9a.o(.ARM.Collect$$$$0000000B)
    .ARM.Collect$$$$0000000D                 0x00000444   Section        0  entry10a.o(.ARM.Collect$$$$0000000D)
    .ARM.Collect$$$$0000000F                 0x00000444   Section        0  entry11a.o(.ARM.Collect$$$$0000000F)
    .ARM.Collect$$$$00002714                 0x00000444   Section        4  entry4.o(.ARM.Collect$$$$00002714)
    __lit__00000000                          0x00000444   Data           4  entry4.o(.ARM.Collect$$$$00002714)
    .emb_text                                0x00000448   Section       16  startup_arm_cc.o(.emb_text)
    .text                                    0x00000458   Section        0  cpu.o(.text)
    .text                                    0x00000638   Section        0  i2c.o(.text)
    .text                                    0x00000ba8   Section        0  mqx1.o(.text)
    .text                                    0x00000bd0   Section        0  systemtimer1.o(.text)
    .text                                    0x00000d00   Section        0  pwmtimerrgb.o(.text)
    .text                                    0x00000e64   Section        0  events.o(.text)
    .text                                    0x00000ea4   Section        0  mma845xq.o(.text)
    .text                                    0x00000f5a   Section        0  processorexpert.o(.text)
    .text                                    0x00000f68   Section        0  mqx_tasks.o(.text)
    show_version_information                 0x00000f69   Thumb Code   138  mqx_tasks.o(.text)
    .text                                    0x00001398   Section        0  time_ticks.o(.text)
    .text                                    0x000019d0   Section        0  idletask.o(.text)
    .text                                    0x000019e0   Section        0  int.o(.text)
    .text                                    0x00001cbc   Section        0  lwmsgq.o(.text)
    .text                                    0x00002080   Section        0  lwsem.o(.text)
    .text                                    0x000026a0   Section        0  mqx_utils.o(.text)
    .text                                    0x000027f0   Section        0  mqxlite.o(.text)
    .text                                    0x000029a4   Section        0  mutex.o(.text)
    .text                                    0x00003390   Section        0  qu_test.o(.text)
    .text                                    0x000033f8   Section        0  sched.o(.text)
    .text                                    0x000035c4   Section        0  task.o(.text)
    _task_restart_func                       0x00003f8d   Thumb Code   490  task.o(.text)
    .text                                    0x00004250   Section        0  stack_st.o(.text)
    .text                                    0x00004258   Section        0  int_inst.o(.text)
    .text                                    0x0000426c   Section        0  int_unx.o(.text)
    .text                                    0x000042c8   Section        0  int_vtab.o(.text)
    .text                                    0x000042f0   Section        0  int_xcpt.o(.text)
    .text                                    0x00004384   Section        0  mem_zero.o(.text)
    .text                                    0x0000447a   Section        0  psp_iinit.o(.text)
    .text                                    0x00004498   Section        0  psp_tiad.o(.text)
    .text                                    0x000044ec   Section        0  psp_tinm.o(.text)
    .text                                    0x0000452c   Section        0  psp_tisu.o(.text)
    .text                                    0x000045f0   Section        0  sc_irdyq.o(.text)
    .text                                    0x000046ac   Section        0  stack_bu.o(.text)
    .text                                    0x00004708   Section        0  stack_de.o(.text)
    .text                                    0x0000470c   Section        0  nvic.o(.text)
    .text                                    0x000047ac   Section        0  uart.o(.text)
    .text                                    0x00004a6c   Section        0  adc.o(.text)
    .text                                    0x00004bac   Section        0  dma1.o(.text)
    .text                                    0x00004d28   Section        0  lptmr.o(.text)
    .text                                    0x00004f40   Section        0  smc.o(.text)
    .text                                    0x000052ac   Section        0  app_shell.o(.text)
    cmd_list                                 0x000052ad   Thumb Code    54  app_shell.o(.text)
    get_task_stack_usage                     0x000052e3   Thumb Code    72  app_shell.o(.text)
    show_mqxlite_task_information            0x0000532b   Thumb Code   114  app_shell.o(.text)
    get_mqxlite_status                       0x0000539d   Thumb Code    54  app_shell.o(.text)
    exec_cmd                                 0x000053fd   Thumb Code   116  app_shell.o(.text)
    .text                                    0x00005868   Section        0  app_trace.o(.text)
    .text                                    0x00005a00   Section        0  app_mma8451.o(.text)
    MMA8451_INT1_isr_service                 0x00005a0d   Thumb Code    30  app_mma8451.o(.text)
    mma8451_getdata                          0x00005cbb   Thumb Code   534  app_mma8451.o(.text)
    .text                                    0x0000631c   Section        0  app_wifi.o(.text)
    ParseChecksum                            0x0000633f   Thumb Code    40  app_wifi.o(.text)
    do_wifi_image_cmd                        0x00006367   Thumb Code   140  app_wifi.o(.text)
    do_wifi_xxx_cmd                          0x000063f7   Thumb Code   322  app_wifi.o(.text)
    do_sms_cmd                               0x00006539   Thumb Code    96  app_wifi.o(.text)
    send_at_command                          0x00006639   Thumb Code    18  app_wifi.o(.text)
    uart0_irq_handler                        0x000069b5   Thumb Code    48  app_wifi.o(.text)
    .text                                    0x00006bc4   Section        0  shell.o(.text)
    Shell_ModuleCmdClr                       0x00006bc5   Thumb Code    16  shell.o(.text)
    Shell_ModuleCmdNameGet                   0x00006c17   Thumb Code   116  shell.o(.text)
    Shell_CmdSearch                          0x00006c8b   Thumb Code   172  shell.o(.text)
    Shell_Scanner                            0x00006d37   Thumb Code   108  shell.o(.text)
    .text                                    0x00006fa0   Section        0  uidiv.o(.text)
    .text                                    0x00006fcc   Section        0  idiv.o(.text)
    .text                                    0x00006ff4   Section        0  memcpya.o(.text)
    .text                                    0x00007018   Section        0  memseta.o(.text)
    .text                                    0x0000703c   Section        0  strstr.o(.text)
    .text                                    0x00007064   Section        0  strncpy.o(.text)
    .text                                    0x0000707e   Section        0  strlen.o(.text)
    .text                                    0x0000708c   Section        0  strcmp.o(.text)
    .text                                    0x000070a8   Section        0  memcmp.o(.text)
    .text                                    0x000070c2   Section        0  strcpy.o(.text)
    .text                                    0x000070d4   Section        0  strncmp.o(.text)
    .text                                    0x000070f4   Section        0  strtok.o(.text)
    .text                                    0x0000713c   Section        0  atoi.o(.text)
    .text                                    0x00007158   Section        0  dadd.o(.text)
    .text                                    0x000072bc   Section        0  dmul.o(.text)
    .text                                    0x0000738c   Section        0  ddiv.o(.text)
    .text                                    0x0000747c   Section        0  dflti.o(.text)
    .text                                    0x000074a4   Section        0  dfltui.o(.text)
    .text                                    0x000074c0   Section        0  f2d.o(.text)
    .text                                    0x000074e8   Section       40  cdcmple.o(.text)
    .text                                    0x00007510   Section       40  cdrcmple.o(.text)
    .text                                    0x00007538   Section        0  d2f.o(.text)
    .text                                    0x00007570   Section        0  uldiv.o(.text)
    .text                                    0x000075d0   Section        0  llshl.o(.text)
    .text                                    0x000075f0   Section        0  llsshr.o(.text)
    .text                                    0x00007618   Section        0  strtod.o(.text)
    _local_sscanf                            0x00007619   Thumb Code    54  strtod.o(.text)
    .text                                    0x000076bc   Section        0  strtol.o(.text)
    .text                                    0x0000772c   Section        0  fepilogue.o(.text)
    .text                                    0x0000772c   Section        0  iusefp.o(.text)
    .text                                    0x000077b0   Section        0  depilogue.o(.text)
    .text                                    0x00007870   Section        0  dfixul.o(.text)
    .text                                    0x000078b0   Section       36  init.o(.text)
    .text                                    0x000078d4   Section        0  llushr.o(.text)
    .text                                    0x000078f8   Section        0  ctype_o.o(.text)
    .text                                    0x00007900   Section        0  isspace_o.o(.text)
    .text                                    0x00007914   Section        0  scanf_fp.o(.text)
    _fp_value                                0x00007915   Thumb Code   246  scanf_fp.o(.text)
    .text                                    0x00007c60   Section        0  _sgetc.o(.text)
    .text                                    0x00007ca4   Section        0  _strtoul.o(.text)
    .text                                    0x00007d4a   Section        0  llmul.o(.text)
    .text                                    0x00007dc4   Section        0  _chval.o(.text)
    .text                                    0x00007de4   Section        0  dfltul.o(.text)
    KERNEL                                   0x00007e00   Section      568  dispatch.o(KERNEL)
    _int_kernel_isr_epilog                   0x00007f4d   Thumb Code     0  dispatch.o(KERNEL)
    i.__0snprintf                            0x00008038   Section        0  printfa.o(i.__0snprintf)
    i.__0vsnprintf                           0x00008064   Section        0  printfa.o(i.__0vsnprintf)
    i.__ARM_clz                              0x00008088   Section        0  depilogue.o(i.__ARM_clz)
    i.__ARM_common_switch8                   0x000080b6   Section        0  mem_zero.o(i.__ARM_common_switch8)
    i.__aeabi_errno_addr                     0x000080d4   Section        0  errno.o(i.__aeabi_errno_addr)
    i.__read_errno                           0x000080dc   Section        0  errno.o(i.__read_errno)
    i.__scatterload_copy                     0x000080e8   Section       14  handlers.o(i.__scatterload_copy)
    i.__scatterload_null                     0x000080f6   Section        2  handlers.o(i.__scatterload_null)
    i.__scatterload_zeroinit                 0x000080f8   Section       14  handlers.o(i.__scatterload_zeroinit)
    i.__set_errno                            0x00008108   Section        0  errno.o(i.__set_errno)
    i._fp_digits                             0x00008114   Section        0  printfa.o(i._fp_digits)
    _fp_digits                               0x00008115   Thumb Code   314  printfa.o(i._fp_digits)
    i._is_digit                              0x0000826c   Section        0  scanf_fp.o(i._is_digit)
    i._printf_core                           0x0000827c   Section        0  printfa.o(i._printf_core)
    _printf_core                             0x0000827d   Thumb Code  1766  printfa.o(i._printf_core)
    i._printf_post_padding                   0x00008974   Section        0  printfa.o(i._printf_post_padding)
    _printf_post_padding                     0x00008975   Thumb Code    32  printfa.o(i._printf_post_padding)
    i._printf_pre_padding                    0x00008994   Section        0  printfa.o(i._printf_pre_padding)
    _printf_pre_padding                      0x00008995   Thumb Code    44  printfa.o(i._printf_pre_padding)
    i._snputc                                0x000089c0   Section        0  printfa.o(i._snputc)
    _snputc                                  0x000089c1   Thumb Code    22  printfa.o(i._snputc)
    i.atof                                   0x000089d6   Section        0  atof.o(i.atof)
    .constdata                               0x00008a00   Section       36  mqx1.o(.constdata)
    .constdata                               0x00008a24   Section      140  task_template_list.o(.constdata)
    .constdata                               0x00008ab0   Section        6  pwmtimerrgb.o(.constdata)
    ChannelDevice                            0x00008ab0   Data           3  pwmtimerrgb.o(.constdata)
    ChannelMode                              0x00008ab3   Data           3  pwmtimerrgb.o(.constdata)
    .constdata                               0x00008ab8   Section       52  mqxlite.o(.constdata)
    .constdata                               0x00008aec   Section        6  dma1.o(.constdata)
    .constdata                               0x00008af4   Section       75  app_shell.o(.constdata)
    .constdata                               0x00008b40   Section      360  acos.o(.constdata)
    .constdata                               0x00008ca8   Section      129  ctype_o.o(.constdata)
    .constdata                               0x00008d2c   Section        4  ctype_o.o(.constdata)
    table                                    0x00008d2c   Data           4  ctype_o.o(.constdata)
    .conststring                             0x00008d30   Section       29  task_template_list.o(.conststring)
    .conststring                             0x00008d4d   Section      226  mqxlite.o(.conststring)
    .conststring                             0x00008e2f   Section       17  app_shell.o(.conststring)
    .data                                    0x1ffff000   Section       12  mqx1.o(.data)
    .data                                    0x1ffff00c   Section        8  pwmtimerrgb.o(.data)
    DeviceDataPrv__DEFAULT_RTOS_ALLOC        0x1ffff00c   Data           8  pwmtimerrgb.o(.data)
    .data                                    0x1ffff014   Section       16  mqx_tasks.o(.data)
    .data                                    0x1ffff024   Section        8  mqxlite.o(.data)
    .data                                    0x1ffff02c   Section        4  task.o(.data)
    .data                                    0x1ffff030   Section        6  dma1.o(.data)
    .data                                    0x1ffff036   Section        3  lptmr.o(.data)
    .data                                    0x1ffff03c   Section       24  app_shell.o(.data)
    App_ShellAppCmdTbl                       0x1ffff03c   Data          24  app_shell.o(.data)
    .data                                    0x1ffff054   Section       13  app_mma8451.o(.data)
    g_I2C_DeviceData                         0x1ffff054   Data           4  app_mma8451.o(.data)
    buffer_count                             0x1ffff05c   Data           2  app_mma8451.o(.data)
    step                                     0x1ffff05e   Data           1  app_mma8451.o(.data)
    g_DataState                              0x1ffff05f   Data           2  app_mma8451.o(.data)
    .data                                    0x1ffff064   Section        8  shell.o(.data)
    .data                                    0x1ffff06c   Section        4  strtok.o(.data)
    state                                    0x1ffff06c   Data           4  strtok.o(.data)
    .data                                    0x1ffff070   Section        4  errno.o(.data)
    _errno                                   0x1ffff070   Data           4  errno.o(.data)
    .bss                                     0x1ffff074   Section       32  i2c.o(.bss)
    DeviceDataPrv__DEFAULT_RTOS_ALLOC        0x1ffff074   Data          32  i2c.o(.bss)
    .bss                                     0x1ffff094   Section     4160  mqx1.o(.bss)
    .bss                                     0x200000d4   Section       24  pe_ldd.o(.bss)
    .bss                                     0x200000ec   Section       12  systemtimer1.o(.bss)
    DeviceDataPrv__DEFAULT_RTOS_ALLOC        0x200000ec   Data          12  systemtimer1.o(.bss)
    .bss                                     0x200000f8   Section       16  mutex.o(.bss)
    .bss                                     0x20000108   Section       28  lptmr.o(.bss)
    .bss                                     0x20000124   Section     1216  app_shell.o(.bss)
    g_uart2_rx_queue                         0x200004a4   Data         320  app_shell.o(.bss)
    .bss                                     0x200005e4   Section      240  app_trace.o(.bss)
    isr_output_msg                           0x200005e4   Data          64  app_trace.o(.bss)
    output_msg                               0x20000624   Data         128  app_trace.o(.bss)
    g_trace_mutex                            0x200006a4   Data          48  app_trace.o(.bss)
    .bss                                     0x200006d8   Section     1560  app_mma8451.o(.bss)
    g_mma8451_int_sem                        0x20000a58   Data          28  app_mma8451.o(.bss)
    Angle_1s                                 0x20000a74   Data         600  app_mma8451.o(.bss)
    s_first                                  0x20000cd0   Data          16  app_mma8451.o(.bss)
    s_last                                   0x20000ce0   Data          16  app_mma8451.o(.bss)
    .bss                                     0x20000cf0   Section      944  app_wifi.o(.bss)
    g_uart0_rx_queue                         0x20000cf0   Data         320  app_wifi.o(.bss)
    g_wifi_com_recv_buf                      0x20000e30   Data         512  app_wifi.o(.bss)
    g_es201_gps_dev                          0x20001030   Data          56  app_wifi.o(.bss)
    g_at_cmd_send_sem                        0x20001084   Data          28  app_wifi.o(.bss)
    .bss                                     0x200010a0   Section      120  shell.o(.bss)

    Global Symbols

    Symbol Name                              Value     Ov Type        Size  Object(Section)

    BuildAttributes$$THM_ISAv3M$S$PE$A:L22$X:L11$S22$IEEE1$IW$USESV6$~STKCKD$USESV7$~SHL$OTIME$ROPI$IEEEJ$EBA8$MICROLIB$REQ8$PRES8$EABIv2 0x00000000   Number         0  anon$$obj.o ABSOLUTE
    __ARM_use_no_argv                        0x00000000   Number         0  processorexpert.o ABSOLUTE
    __vect_table                             0x00000000   Data         192  vectors.o(.vectortable)
    _printf_a                                0x00000000   Number         0  stubs.o ABSOLUTE
    _printf_c                                0x00000000   Number         0  stubs.o ABSOLUTE
    _printf_charcount                        0x00000000   Number         0  stubs.o ABSOLUTE
    _printf_d                                0x00000000   Number         0  stubs.o ABSOLUTE
    _printf_e                                0x00000000   Number         0  stubs.o ABSOLUTE
    _printf_f                                0x00000000   Number         0  stubs.o ABSOLUTE
    _printf_flags                            0x00000000   Number         0  stubs.o ABSOLUTE
    _printf_fp_dec                           0x00000000   Number         0  stubs.o ABSOLUTE
    _printf_fp_hex                           0x00000000   Number         0  stubs.o ABSOLUTE
    _printf_g                                0x00000000   Number         0  stubs.o ABSOLUTE
    _printf_i                                0x00000000   Number         0  stubs.o ABSOLUTE
    _printf_int_dec                          0x00000000   Number         0  stubs.o ABSOLUTE
    _printf_l                                0x00000000   Number         0  stubs.o ABSOLUTE
    _printf_lc                               0x00000000   Number         0  stubs.o ABSOLUTE
    _printf_ll                               0x00000000   Number         0  stubs.o ABSOLUTE
    _printf_lld                              0x00000000   Number         0  stubs.o ABSOLUTE
    _printf_lli                              0x00000000   Number         0  stubs.o ABSOLUTE
    _printf_llo                              0x00000000   Number         0  stubs.o ABSOLUTE
    _printf_llu                              0x00000000   Number         0  stubs.o ABSOLUTE
    _printf_llx                              0x00000000   Number         0  stubs.o ABSOLUTE
    _printf_longlong_dec                     0x00000000   Number         0  stubs.o ABSOLUTE
    _printf_longlong_hex                     0x00000000   Number         0  stubs.o ABSOLUTE
    _printf_longlong_oct                     0x00000000   Number         0  stubs.o ABSOLUTE
    _printf_ls                               0x00000000   Number         0  stubs.o ABSOLUTE
    _printf_mbtowc                           0x00000000   Number         0  stubs.o ABSOLUTE
    _printf_n                                0x00000000   Number         0  stubs.o ABSOLUTE
    _printf_o                                0x00000000   Number         0  stubs.o ABSOLUTE
    _printf_p                                0x00000000   Number         0  stubs.o ABSOLUTE
    _printf_percent                          0x00000000   Number         0  stubs.o ABSOLUTE
    _printf_pre_padding                      0x00000000   Number         0  stubs.o ABSOLUTE
    _printf_return_value                     0x00000000   Number         0  stubs.o ABSOLUTE
    _printf_s                                0x00000000   Number         0  stubs.o ABSOLUTE
    _printf_sizespec                         0x00000000   Number         0  stubs.o ABSOLUTE
    _printf_str                              0x00000000   Number         0  stubs.o ABSOLUTE
    _printf_truncate_signed                  0x00000000   Number         0  stubs.o ABSOLUTE
    _printf_truncate_unsigned                0x00000000   Number         0  stubs.o ABSOLUTE
    _printf_u                                0x00000000   Number         0  stubs.o ABSOLUTE
    _printf_wc                               0x00000000   Number         0  stubs.o ABSOLUTE
    _printf_wctomb                           0x00000000   Number         0  stubs.o ABSOLUTE
    _printf_widthprec                        0x00000000   Number         0  stubs.o ABSOLUTE
    _printf_x                                0x00000000   Number         0  stubs.o ABSOLUTE
    __cpp_initialize__aeabi_                  - Undefined Weak Reference
    __cxa_finalize                            - Undefined Weak Reference
    __decompress                              - Undefined Weak Reference
    _clock_init                               - Undefined Weak Reference
    _microlib_exit                            - Undefined Weak Reference
    _cfm                                     0x00000400   Data          16  cpu.o(.cfmconfig)
    __boot                                   0x00000411   Thumb Code     0  boot.o(. text)
    __set_MSP                                0x0000042d   Thumb Code     0  boot.o(. text)
    __main                                   0x00000435   Thumb Code     0  entry.o(.ARM.Collect$$$$00000000)
    _main_stk                                0x00000435   Thumb Code     0  entry4.o(.ARM.Collect$$$$00000003)
    _main_scatterload                        0x00000439   Thumb Code     0  entry5.o(.ARM.Collect$$$$00000004)
    __main_after_scatterload                 0x0000043d   Thumb Code     0  entry5.o(.ARM.Collect$$$$00000004)
    _main_clock                              0x0000043d   Thumb Code     0  entry7b.o(.ARM.Collect$$$$00000008)
    _main_cpp_init                           0x0000043d   Thumb Code     0  entry8b.o(.ARM.Collect$$$$0000000A)
    _main_init                               0x0000043d   Thumb Code     0  entry9a.o(.ARM.Collect$$$$0000000B)
    __rt_final_cpp                           0x00000445   Thumb Code     0  entry10a.o(.ARM.Collect$$$$0000000D)
    __rt_final_exit                          0x00000445   Thumb Code     0  entry11a.o(.ARM.Collect$$$$0000000F)
    __thumb_startup                          0x00000449   Thumb Code     8  startup_arm_cc.o(.emb_text)
    Cpu_INT_NMIInterrupt                     0x00000459   Thumb Code     8  cpu.o(.text)
    Cpu_Interrupt                            0x00000461   Thumb Code     2  cpu.o(.text)
    __init_hardware                          0x00000463   Thumb Code   252  cpu.o(.text)
    PE_low_level_init                        0x0000055f   Thumb Code   162  cpu.o(.text)
    I2C_Interrupt                            0x00000639   Thumb Code   450  i2c.o(.text)
    I2C_Init                                 0x000007fb   Thumb Code   200  i2c.o(.text)
    I2C_Deinit                               0x000008c3   Thumb Code    40  i2c.o(.text)
    I2C_MasterSendBlock                      0x000008eb   Thumb Code   228  i2c.o(.text)
    I2C_MasterReceiveBlock                   0x000009cf   Thumb Code   262  i2c.o(.text)
    I2C_SelectSlaveDevice                    0x00000ad5   Thumb Code   146  i2c.o(.text)
    I2C_GetError                             0x00000b67   Thumb Code    28  i2c.o(.text)
    I2C_CheckBus                             0x00000b83   Thumb Code    30  i2c.o(.text)
    SystemTimer1_OnCounterRestart            0x00000ba9   Thumb Code    10  mqx1.o(.text)
    SystemTimer1_GetTicsPerSecond            0x00000bb3   Thumb Code    30  mqx1.o(.text)
    SystemTimer1_Interrupt                   0x00000bd1   Thumb Code    28  systemtimer1.o(.text)
    SystemTimer1_Init                        0x00000bed   Thumb Code    76  systemtimer1.o(.text)
    SystemTimer1_Deinit                      0x00000c39   Thumb Code    36  systemtimer1.o(.text)
    SystemTimer1_Enable                      0x00000c5d   Thumb Code    20  systemtimer1.o(.text)
    SystemTimer1_GetInputFrequency           0x00000c71   Thumb Code     6  systemtimer1.o(.text)
    SystemTimer1_SetPeriodTicks              0x00000c77   Thumb Code    24  systemtimer1.o(.text)
    SystemTimer1_GetPeriodTicks              0x00000c8f   Thumb Code    24  systemtimer1.o(.text)
    SystemTimer1_ResetCounter                0x00000ca7   Thumb Code    50  systemtimer1.o(.text)
    SystemTimer1_GetCounterValue             0x00000cd9   Thumb Code     8  systemtimer1.o(.text)
    PWMTimerRGB_Init                         0x00000d01   Thumb Code   140  pwmtimerrgb.o(.text)
    PWMTimerRGB_Deinit                       0x00000d8d   Thumb Code    22  pwmtimerrgb.o(.text)
    PWMTimerRGB_Enable                       0x00000da3   Thumb Code    24  pwmtimerrgb.o(.text)
    PWMTimerRGB_Disable                      0x00000dbb   Thumb Code    18  pwmtimerrgb.o(.text)
    PWMTimerRGB_GetCounterValue              0x00000dcd   Thumb Code     8  pwmtimerrgb.o(.text)
    PWMTimerRGB_SetOffsetTicks               0x00000dd5   Thumb Code    54  pwmtimerrgb.o(.text)
    PWMTimerRGB_GetOffsetTicks               0x00000e0b   Thumb Code    44  pwmtimerrgb.o(.text)
    BlinkRateCounter_OnCounterRestart        0x00000e65   Thumb Code    34  events.o(.text)
    I2C_OnMasterBlockSent                    0x00000e87   Thumb Code     8  events.o(.text)
    I2C_OnMasterBlockReceived                0x00000e8f   Thumb Code     8  events.o(.text)
    Cpu_OnNMIINT                             0x00000e97   Thumb Code     2  events.o(.text)
    I2C_OnError                              0x00000e99   Thumb Code     2  events.o(.text)
    ReadAccRegs                              0x00000ea5   Thumb Code   100  mma845xq.o(.text)
    WriteAccRegs                             0x00000f09   Thumb Code    82  mma845xq.o(.text)
    main                                     0x00000f5b   Thumb Code    12  processorexpert.o(.text)
    GetTemperature                           0x00000ff3   Thumb Code     4  mqx_tasks.o(.text)
    GetLightON                               0x00000ff7   Thumb Code     4  mqx_tasks.o(.text)
    GetTouchON                               0x00000ffb   Thumb Code     4  mqx_tasks.o(.text)
    GetSysStatus                             0x00000fff   Thumb Code     6  mqx_tasks.o(.text)
    SetSysStatus                             0x00001005   Thumb Code     6  mqx_tasks.o(.text)
    Init_Task                                0x0000100b   Thumb Code   254  mqx_tasks.o(.text)
    ColorTask                                0x00001109   Thumb Code   200  mqx_tasks.o(.text)
    _time_delay_internal                     0x00001399   Thumb Code   156  time_ticks.o(.text)
    _time_delay_for                          0x00001435   Thumb Code   100  time_ticks.o(.text)
    _time_delay_ticks                        0x00001499   Thumb Code    96  time_ticks.o(.text)
    _time_delay_until                        0x000014f9   Thumb Code    94  time_ticks.o(.text)
    _time_diff_ticks                         0x00001557   Thumb Code    38  time_ticks.o(.text)
    _time_diff_ticks_int32                   0x0000157d   Thumb Code    40  time_ticks.o(.text)
    _time_dequeue                            0x000015a5   Thumb Code    86  time_ticks.o(.text)
    _time_dequeue_td                         0x000015fb   Thumb Code    72  time_ticks.o(.text)
    _time_get_elapsed_ticks                  0x00001643   Thumb Code   116  time_ticks.o(.text)
    _time_get_elapsed_ticks_fast             0x000016b7   Thumb Code    64  time_ticks.o(.text)
    _time_get_hwticks                        0x000016f7   Thumb Code    34  time_ticks.o(.text)
    _time_get_ticks                          0x00001719   Thumb Code   140  time_ticks.o(.text)
    _time_get_hwticks_per_tick               0x000017a5   Thumb Code    12  time_ticks.o(.text)
    _time_init_ticks                         0x000017b1   Thumb Code    50  time_ticks.o(.text)
    _time_notify_kernel                      0x000017e3   Thumb Code   354  time_ticks.o(.text)
    _time_set_ticks                          0x00001945   Thumb Code    78  time_ticks.o(.text)
    _time_set_timer_vector                   0x00001993   Thumb Code    12  time_ticks.o(.text)
    _time_set_hwtick_function                0x0000199f   Thumb Code    16  time_ticks.o(.text)
    _time_set_hwticks_per_tick               0x000019af   Thumb Code    12  time_ticks.o(.text)
    _time_get_ticks_per_sec                  0x000019bb   Thumb Code    12  time_ticks.o(.text)
    _mqx_idle_task                           0x000019d1   Thumb Code    12  idletask.o(.text)
    _int_enable                              0x000019e1   Thumb Code    38  int.o(.text)
    _int_disable                             0x00001a07   Thumb Code    26  int.o(.text)
    _int_default_isr                         0x00001a21   Thumb Code    50  int.o(.text)
    _int_get_default_isr                     0x00001a53   Thumb Code     8  int.o(.text)
    _int_get_exception_handler               0x00001a5b   Thumb Code    62  int.o(.text)
    _int_get_isr                             0x00001a99   Thumb Code    60  int.o(.text)
    _int_get_isr_data                        0x00001ad5   Thumb Code    62  int.o(.text)
    _int_get_isr_depth                       0x00001b13   Thumb Code     8  int.o(.text)
    _int_install_default_isr                 0x00001b1b   Thumb Code    46  int.o(.text)
    _int_install_exception_isr               0x00001b49   Thumb Code    22  int.o(.text)
    _int_install_isr                         0x00001b5f   Thumb Code    86  int.o(.text)
    _int_install_unexpected_isr              0x00001bb5   Thumb Code    22  int.o(.text)
    _int_set_exception_handler               0x00001bcb   Thumb Code    78  int.o(.text)
    _int_set_isr_data                        0x00001c19   Thumb Code    76  int.o(.text)
    _int_init                                0x00001c65   Thumb Code    64  int.o(.text)
    _lwmsgq_init_internal                    0x00001cbd   Thumb Code   212  lwmsgq.o(.text)
    _lwmsgq_init                             0x00001d91   Thumb Code    22  lwmsgq.o(.text)
    _lwmsgq_receive                          0x00001da7   Thumb Code   364  lwmsgq.o(.text)
    _lwmsgq_send                             0x00001f13   Thumb Code   348  lwmsgq.o(.text)
    _lwsem_create_internal                   0x00002081   Thumb Code   116  lwsem.o(.text)
    _lwsem_create                            0x000020f5   Thumb Code    20  lwsem.o(.text)
    _lwsem_create_hidden                     0x00002109   Thumb Code    20  lwsem.o(.text)
    _lwsem_destroy_internal                  0x0000211d   Thumb Code   202  lwsem.o(.text)
    _lwsem_destroy                           0x000021e7   Thumb Code    14  lwsem.o(.text)
    _lwsem_poll                              0x000021f5   Thumb Code    94  lwsem.o(.text)
    _lwsem_post                              0x00002253   Thumb Code   210  lwsem.o(.text)
    _lwsem_test                              0x00002325   Thumb Code   124  lwsem.o(.text)
    _lwsem_wait                              0x000023a1   Thumb Code   166  lwsem.o(.text)
    _lwsem_wait_timed_internal               0x00002447   Thumb Code    84  lwsem.o(.text)
    _lwsem_wait_for                          0x0000249b   Thumb Code   148  lwsem.o(.text)
    _lwsem_wait_ticks                        0x0000252f   Thumb Code   210  lwsem.o(.text)
    _lwsem_wait_until                        0x00002601   Thumb Code   146  lwsem.o(.text)
    _mqx_get_kernel_data                     0x000026a1   Thumb Code     6  mqx_utils.o(.text)
    _mqx_fatal_error                         0x000026a7   Thumb Code    12  mqx_utils.o(.text)
    _mqx_get_cpu_type                        0x000026b3   Thumb Code     8  mqx_utils.o(.text)
    _mqx_set_cpu_type                        0x000026bb   Thumb Code     8  mqx_utils.o(.text)
    _mqx_get_initialization                  0x000026c3   Thumb Code    12  mqx_utils.o(.text)
    _mqx_get_exit_handler                    0x000026cf   Thumb Code     4  mqx_utils.o(.text)
    _mqx_set_exit_handler                    0x000026d3   Thumb Code     2  mqx_utils.o(.text)
    _mqx_get_system_task_id                  0x000026d5   Thumb Code     8  mqx_utils.o(.text)
    _mqx_init_kernel_data_internal           0x000026dd   Thumb Code   240  mqx_utils.o(.text)
    _mqxlite_init                            0x000027f1   Thumb Code   248  mqxlite.o(.text)
    _mqx_exit                                0x000028e9   Thumb Code    10  mqxlite.o(.text)
    _mqxlite                                 0x000028f3   Thumb Code   136  mqxlite.o(.text)
    _mutatr_init                             0x000029a5   Thumb Code    34  mutex.o(.text)
    _mutex_unlock                            0x000029c7   Thumb Code   264  mutex.o(.text)
    _mutex_cleanup                           0x00002acf   Thumb Code    78  mutex.o(.text)
    _mutex_create_component                  0x00002b1d   Thumb Code    80  mutex.o(.text)
    _mutatr_destroy                          0x00002b6d   Thumb Code    34  mutex.o(.text)
    _mutex_lock                              0x00002b8f   Thumb Code   738  mutex.o(.text)
    _mutex_destroy                           0x00002e71   Thumb Code   208  mutex.o(.text)
    _mutatr_get_wait_protocol                0x00002f41   Thumb Code    38  mutex.o(.text)
    _mutatr_get_priority_ceiling             0x00002f67   Thumb Code    38  mutex.o(.text)
    _mutatr_get_sched_protocol               0x00002f8d   Thumb Code    38  mutex.o(.text)
    _mutatr_get_spin_limit                   0x00002fb3   Thumb Code    38  mutex.o(.text)
    _mutex_init                              0x00002fd9   Thumb Code   190  mutex.o(.text)
    _mutatr_set_wait_protocol                0x00003097   Thumb Code    54  mutex.o(.text)
    _mutatr_set_priority_ceiling             0x000030cd   Thumb Code    52  mutex.o(.text)
    _mutatr_set_sched_protocol               0x00003101   Thumb Code    54  mutex.o(.text)
    _mutatr_set_spin_limit                   0x00003137   Thumb Code    32  mutex.o(.text)
    _mutex_test                              0x00003157   Thumb Code   132  mutex.o(.text)
    _mutex_try_lock                          0x000031db   Thumb Code   266  mutex.o(.text)
    _mutex_set_priority_ceiling              0x000032e5   Thumb Code    80  mutex.o(.text)
    _mutex_get_priority_ceiling              0x00003335   Thumb Code    38  mutex.o(.text)
    _mutex_get_wait_count                    0x0000335b   Thumb Code    46  mutex.o(.text)
    _queue_test                              0x00003391   Thumb Code   102  qu_test.o(.text)
    _sched_get_max_priority                  0x000033f9   Thumb Code     6  sched.o(.text)
    _sched_get_min_priority                  0x000033ff   Thumb Code    12  sched.o(.text)
    _sched_yield                             0x0000340b   Thumb Code   110  sched.o(.text)
    _sched_set_priority_internal             0x00003479   Thumb Code   128  sched.o(.text)
    _sched_boost_priority_internal           0x000034f9   Thumb Code    40  sched.o(.text)
    _sched_unboost_priority_internal         0x00003521   Thumb Code    64  sched.o(.text)
    _sched_insert_priorityq_internal         0x00003561   Thumb Code    56  sched.o(.text)
    _sched_get_max_priority_on_q_internal    0x00003599   Thumb Code    38  sched.o(.text)
    _task_ready_internal                     0x000035c5   Thumb Code    34  task.o(.text)
    _task_set_error                          0x000035e7   Thumb Code    48  task.o(.text)
    _task_ready                              0x00003617   Thumb Code   116  task.o(.text)
    _task_get_td                             0x0000368b   Thumb Code   126  task.o(.text)
    _task_destroy_internal                   0x00003709   Thumb Code   404  task.o(.text)
    _task_destroy                            0x0000389d   Thumb Code    14  task.o(.text)
    _task_exit_function_internal             0x000038ab   Thumb Code    26  task.o(.text)
    _task_abort_internal                     0x000038c5   Thumb Code   252  task.o(.text)
    _task_abort                              0x000039c1   Thumb Code    14  task.o(.text)
    _task_fill_stack_internal                0x000039cf   Thumb Code    18  task.o(.text)
    _task_alloc_td_internal                  0x000039e1   Thumb Code   190  task.o(.text)
    _task_init_internal                      0x00003a9f   Thumb Code   300  task.o(.text)
    _task_build_internal                     0x00003bcb   Thumb Code   124  task.o(.text)
    _task_create_at                          0x00003c47   Thumb Code   148  task.o(.text)
    _task_get_exception_handler              0x00003cdb   Thumb Code    32  task.o(.text)
    _task_set_exception_handler              0x00003cfb   Thumb Code    36  task.o(.text)
    _task_get_exit_handler                   0x00003d1f   Thumb Code    32  task.o(.text)
    _task_set_exit_handler                   0x00003d3f   Thumb Code    36  task.o(.text)
    _task_get_id_from_name                   0x00003d63   Thumb Code   102  task.o(.text)
    _task_get_template_ptr                   0x00003dc9   Thumb Code    24  task.o(.text)
    _task_get_template_index                 0x00003de1   Thumb Code    68  task.o(.text)
    _task_get_id_from_td                     0x00003e25   Thumb Code    12  task.o(.text)
    _task_get_index_from_id                  0x00003e31   Thumb Code    24  task.o(.text)
    _task_get_parameter_internal             0x00003e49   Thumb Code    16  task.o(.text)
    _task_get_parameter                      0x00003e59   Thumb Code    14  task.o(.text)
    _task_get_parameter_for                  0x00003e67   Thumb Code    20  task.o(.text)
    _task_set_parameter_internal             0x00003e7b   Thumb Code    22  task.o(.text)
    _task_set_parameter                      0x00003e91   Thumb Code    22  task.o(.text)
    _task_set_parameter_for                  0x00003ea7   Thumb Code    38  task.o(.text)
    _task_get_priority                       0x00003ecd   Thumb Code    32  task.o(.text)
    _task_set_priority                       0x00003eed   Thumb Code   160  task.o(.text)
    _task_restart                            0x00004177   Thumb Code    30  task.o(.text)
    _task_stop_preemption                    0x00004195   Thumb Code    28  task.o(.text)
    _task_start_preemption                   0x000041b1   Thumb Code    40  task.o(.text)
    _task_check_stack                        0x000041d9   Thumb Code    28  task.o(.text)
    _task_get_creator                        0x000041f5   Thumb Code    10  task.o(.text)
    _task_get_error                          0x000041ff   Thumb Code    22  task.o(.text)
    _task_get_error_ptr                      0x00004215   Thumb Code    22  task.o(.text)
    _task_get_id                             0x0000422b   Thumb Code    10  task.o(.text)
    _task_exiting_function_internal          0x00004235   Thumb Code     2  task.o(.text)
    _task_sync_priority_internal             0x00004237   Thumb Code     4  task.o(.text)
    _task_set_error_td_internal              0x0000423b   Thumb Code    16  task.o(.text)
    _psp_get_stack_start                     0x00004251   Thumb Code     8  stack_st.o(.text)
    _psp_int_install                         0x00004259   Thumb Code    14  int_inst.o(.text)
    _int_unexpected_isr                      0x0000426d   Thumb Code    86  int_unx.o(.text)
    _int_set_vector_table                    0x000042c9   Thumb Code    24  int_vtab.o(.text)
    _int_get_vector_table                    0x000042e1   Thumb Code    14  int_vtab.o(.text)
    _int_exception_isr                       0x000042f1   Thumb Code   144  int_xcpt.o(.text)
    _mem_zero                                0x00004385   Thumb Code   246  mem_zero.o(.text)
    _psp_int_init                            0x0000447b   Thumb Code    28  psp_iinit.o(.text)
    _psp_add_ticks                           0x00004499   Thumb Code    78  psp_tiad.o(.text)
    _psp_normalize_ticks                     0x000044ed   Thumb Code    58  psp_tinm.o(.text)
    _psp_subtract_ticks                      0x0000452d   Thumb Code    64  psp_tisu.o(.text)
    _psp_subtract_ticks_int32                0x0000456d   Thumb Code   122  psp_tisu.o(.text)
    _psp_set_kernel_disable_level            0x000045f1   Thumb Code    92  sc_irdyq.o(.text)
    _psp_init_readyqs                        0x0000464d   Thumb Code    84  sc_irdyq.o(.text)
    _psp_build_stack_frame                   0x000046ad   Thumb Code    86  stack_bu.o(.text)
    _psp_destroy_stack_frame                 0x00004709   Thumb Code     2  stack_de.o(.text)
    enable_irq                               0x0000470d   Thumb Code    64  nvic.o(.text)
    disable_irq                              0x0000474d   Thumb Code    34  nvic.o(.text)
    set_irq_priority                         0x0000476f   Thumb Code    54  nvic.o(.text)
    uart_init                                0x000047ad   Thumb Code   116  uart.o(.text)
    init_uart1                               0x00004821   Thumb Code   114  uart.o(.text)
    init_uart2_fortest                       0x00004893   Thumb Code   120  uart.o(.text)
    uart_send_data                           0x0000490b   Thumb Code    14  uart.o(.text)
    uart_send_string                         0x00004919   Thumb Code    28  uart.o(.text)
    uart0_send_data                          0x00004935   Thumb Code    18  uart.o(.text)
    uart0_send_string                        0x00004947   Thumb Code    24  uart.o(.text)
    init_uart0                               0x0000495f   Thumb Code   238  uart.o(.text)
    ADC_Init                                 0x00004a6d   Thumb Code    54  adc.o(.text)
    Calibrate_ADC                            0x00004aa3   Thumb Code   204  adc.o(.text)
    ADC_Start                                0x00004b6f   Thumb Code    10  adc.o(.text)
    ADC_Stop                                 0x00004b79   Thumb Code     8  adc.o(.text)
    ADC_Trigger                              0x00004b81   Thumb Code    36  adc.o(.text)
    adc0_isr                                 0x00004bad   Thumb Code    26  dma1.o(.text)
    dma_setup                                0x00004bc7   Thumb Code    38  dma1.o(.text)
    DMA1_Init                                0x00004bed   Thumb Code   212  dma1.o(.text)
    lptmr_isr                                0x00004d29   Thumb Code    76  lptmr.o(.text)
    Lptmr_Init                               0x00004d75   Thumb Code   226  lptmr.o(.text)
    Lptmr_Start                              0x00004e57   Thumb Code    14  lptmr.o(.text)
    sleep                                    0x00004f41   Thumb Code    16  smc.o(.text)
    deepsleep                                0x00004f51   Thumb Code    16  smc.o(.text)
    enter_wait                               0x00004f61   Thumb Code    16  smc.o(.text)
    enter_stop                               0x00004f71   Thumb Code    62  smc.o(.text)
    enter_vlpr                               0x00004faf   Thumb Code   106  smc.o(.text)
    exit_vlpr                                0x00005019   Thumb Code    64  smc.o(.text)
    enter_vlps                               0x00005059   Thumb Code    70  smc.o(.text)
    enter_lls                                0x0000509f   Thumb Code    58  smc.o(.text)
    enter_vlls3                              0x000050d9   Thumb Code    62  smc.o(.text)
    enter_vlls2                              0x00005117   Thumb Code    62  smc.o(.text)
    enter_vlls1                              0x00005155   Thumb Code    62  smc.o(.text)
    enter_vlls0                              0x00005193   Thumb Code   136  smc.o(.text)
    enter_vlls0_nopor                        0x0000521b   Thumb Code   124  smc.o(.text)
    app_cmd_tbl_add                          0x000053d3   Thumb Code    42  app_shell.o(.text)
    shell_task                               0x00005471   Thumb Code   258  app_shell.o(.text)
    uart1_irq_handler                        0x00005573   Thumb Code    50  app_shell.o(.text)
    traceInfo_output                         0x00005869   Thumb Code    40  app_trace.o(.text)
    assert_failed                            0x00005891   Thumb Code    18  app_trace.o(.text)
    app_traceInfo_output                     0x000058a3   Thumb Code    84  app_trace.o(.text)
    DumpData                                 0x000058f7   Thumb Code   164  app_trace.o(.text)
    trace_init                               0x0000599b   Thumb Code    34  app_trace.o(.text)
    GetAccStatus                             0x00005a01   Thumb Code     6  app_mma8451.o(.text)
    SetAccStatus                             0x00005a07   Thumb Code     6  app_mma8451.o(.text)
    init_PTA14_interrupt                     0x00005a2b   Thumb Code    66  app_mma8451.o(.text)
    angle_calculation                        0x00005a6d   Thumb Code    90  app_mma8451.o(.text)
    Get_mean                                 0x00005ac7   Thumb Code    74  app_mma8451.o(.text)
    Get_var                                  0x00005b11   Thumb Code   126  app_mma8451.o(.text)
    FindFirstPeak                            0x00005b8f   Thumb Code   148  app_mma8451.o(.text)
    FindLastPeak                             0x00005c23   Thumb Code   152  app_mma8451.o(.text)
    putmma8451standby                        0x00005ed1   Thumb Code    90  app_mma8451.o(.text)
    putmma8451running                        0x00005f2b   Thumb Code    90  app_mma8451.o(.text)
    putmma8451detect                         0x00005f85   Thumb Code     2  app_mma8451.o(.text)
    app_mma8451_control_task                 0x00005f87   Thumb Code   492  app_mma8451.o(.text)
    verifyCheckSum                           0x0000631d   Thumb Code    34  app_wifi.o(.text)
    get_es201_gps_instance                   0x000063f3   Thumb Code     4  app_wifi.o(.text)
    handleMessage                            0x00006599   Thumb Code    80  app_wifi.o(.text)
    IsImage                                  0x000065e9   Thumb Code    24  app_wifi.o(.text)
    do_cmd_wifidata                          0x00006601   Thumb Code    56  app_wifi.o(.text)
    send_sms_alarm_command                   0x0000664b   Thumb Code   158  app_wifi.o(.text)
    send_sms_alarm_message                   0x000066e9   Thumb Code    76  app_wifi.o(.text)
    get_gps_information                      0x00006735   Thumb Code    30  app_wifi.o(.text)
    app_es201_send_task                      0x00006753   Thumb Code   610  app_wifi.o(.text)
    app_wifi_control_task                    0x000069e5   Thumb Code   170  app_wifi.o(.text)
    Shell_Init                               0x00006bd5   Thumb Code    66  shell.o(.text)
    Shell_Exec                               0x00006da3   Thumb Code   142  shell.o(.text)
    Shell_CmdTblAdd                          0x00006e31   Thumb Code   218  shell.o(.text)
    Shell_CmdTblRem                          0x00006f0b   Thumb Code   132  shell.o(.text)
    __aeabi_uidiv                            0x00006fa1   Thumb Code     0  uidiv.o(.text)
    __aeabi_uidivmod                         0x00006fa1   Thumb Code    44  uidiv.o(.text)
    __aeabi_idiv                             0x00006fcd   Thumb Code     0  idiv.o(.text)
    __aeabi_idivmod                          0x00006fcd   Thumb Code    40  idiv.o(.text)
    __aeabi_memcpy                           0x00006ff5   Thumb Code    36  memcpya.o(.text)
    __aeabi_memcpy4                          0x00006ff5   Thumb Code     0  memcpya.o(.text)
    __aeabi_memcpy8                          0x00006ff5   Thumb Code     0  memcpya.o(.text)
    __aeabi_memset                           0x00007019   Thumb Code    14  memseta.o(.text)
    __aeabi_memset4                          0x00007019   Thumb Code     0  memseta.o(.text)
    __aeabi_memset8                          0x00007019   Thumb Code     0  memseta.o(.text)
    __aeabi_memclr                           0x00007027   Thumb Code     4  memseta.o(.text)
    __aeabi_memclr4                          0x00007027   Thumb Code     0  memseta.o(.text)
    __aeabi_memclr8                          0x00007027   Thumb Code     0  memseta.o(.text)
    _memset$wrapper                          0x0000702b   Thumb Code    18  memseta.o(.text)
    strstr                                   0x0000703d   Thumb Code    40  strstr.o(.text)
    strncpy                                  0x00007065   Thumb Code    26  strncpy.o(.text)
    strlen                                   0x0000707f   Thumb Code    14  strlen.o(.text)
    strcmp                                   0x0000708d   Thumb Code    28  strcmp.o(.text)
    memcmp                                   0x000070a9   Thumb Code    26  memcmp.o(.text)
    strcpy                                   0x000070c3   Thumb Code    18  strcpy.o(.text)
    strncmp                                  0x000070d5   Thumb Code    30  strncmp.o(.text)
    strtok                                   0x000070f5   Thumb Code    68  strtok.o(.text)
    atoi                                     0x0000713d   Thumb Code    26  atoi.o(.text)
    __aeabi_dadd                             0x00007159   Thumb Code   326  dadd.o(.text)
    __aeabi_dsub                             0x0000729f   Thumb Code    12  dadd.o(.text)
    __aeabi_drsub                            0x000072ab   Thumb Code    12  dadd.o(.text)
    __aeabi_dmul                             0x000072bd   Thumb Code   202  dmul.o(.text)
    __aeabi_ddiv                             0x0000738d   Thumb Code   234  ddiv.o(.text)
    __aeabi_i2d                              0x0000747d   Thumb Code    34  dflti.o(.text)
    __aeabi_ui2d                             0x000074a5   Thumb Code    24  dfltui.o(.text)
    __aeabi_f2d                              0x000074c1   Thumb Code    40  f2d.o(.text)
    __aeabi_cdcmpeq                          0x000074e9   Thumb Code     0  cdcmple.o(.text)
    __aeabi_cdcmple                          0x000074e9   Thumb Code    38  cdcmple.o(.text)
    __aeabi_cdrcmple                         0x00007511   Thumb Code    38  cdrcmple.o(.text)
    __aeabi_d2f                              0x00007539   Thumb Code    56  d2f.o(.text)
    __aeabi_uldivmod                         0x00007571   Thumb Code    96  uldiv.o(.text)
    __aeabi_llsl                             0x000075d1   Thumb Code    32  llshl.o(.text)
    _ll_shift_l                              0x000075d1   Thumb Code     0  llshl.o(.text)
    __aeabi_lasr                             0x000075f1   Thumb Code    38  llsshr.o(.text)
    _ll_sshift_r                             0x000075f1   Thumb Code     0  llsshr.o(.text)
    __strtod_int                             0x0000764f   Thumb Code    92  strtod.o(.text)
    strtol                                   0x000076bd   Thumb Code   108  strtol.o(.text)
    __I$use$fp                               0x0000772d   Thumb Code     0  iusefp.o(.text)
    _float_round                             0x0000772d   Thumb Code    16  fepilogue.o(.text)
    _float_epilogue                          0x0000773d   Thumb Code   116  fepilogue.o(.text)
    _double_round                            0x000077b1   Thumb Code    26  depilogue.o(.text)
    _double_epilogue                         0x000077cb   Thumb Code   166  depilogue.o(.text)
    __aeabi_d2ulz                            0x00007871   Thumb Code    54  dfixul.o(.text)
    __scatterload                            0x000078b1   Thumb Code    28  init.o(.text)
    __scatterload_rt2                        0x000078b1   Thumb Code     0  init.o(.text)
    __aeabi_llsr                             0x000078d5   Thumb Code    34  llushr.o(.text)
    _ll_ushift_r                             0x000078d5   Thumb Code     0  llushr.o(.text)
    __rt_ctype_table                         0x000078f9   Thumb Code     4  ctype_o.o(.text)
    isspace                                  0x00007901   Thumb Code    18  isspace_o.o(.text)
    _scanf_real                              0x00007a0b   Thumb Code     0  scanf_fp.o(.text)
    _scanf_really_real                       0x00007a0b   Thumb Code   586  scanf_fp.o(.text)
    _sgetc                                   0x00007c61   Thumb Code    32  _sgetc.o(.text)
    _sbackspace                              0x00007c81   Thumb Code    36  _sgetc.o(.text)
    _strtoul                                 0x00007ca5   Thumb Code   166  _strtoul.o(.text)
    __aeabi_lmul                             0x00007d4b   Thumb Code   122  llmul.o(.text)
    _ll_mul                                  0x00007d4b   Thumb Code     0  llmul.o(.text)
    _chval                                   0x00007dc5   Thumb Code    30  _chval.o(.text)
    __aeabi_ul2d                             0x00007de5   Thumb Code    22  dfltul.o(.text)
    _sched_start_internal                    0x00007e01   Thumb Code     0  dispatch.o(KERNEL)
    _sched_run_internal                      0x00007e07   Thumb Code     0  dispatch.o(KERNEL)
    _sched_check_scheduler_internal          0x00007e0d   Thumb Code     0  dispatch.o(KERNEL)
    _sched_execute_scheduler_internal        0x00007e25   Thumb Code     0  dispatch.o(KERNEL)
    _mqx_api_call                            0x00007ec3   Thumb Code     0  dispatch.o(KERNEL)
    _task_block                              0x00007ec5   Thumb Code     0  dispatch.o(KERNEL)
    _int_kernel_isr                          0x00007f07   Thumb Code     0  dispatch.o(KERNEL)
    _psp_exception_return                    0x00007fa3   Thumb Code     0  dispatch.o(KERNEL)
    _mem_test_and_set                        0x00007fdb   Thumb Code     0  dispatch.o(KERNEL)
    __get_PSP                                0x00007ff1   Thumb Code     0  dispatch.o(KERNEL)
    __get_MSP                                0x00007ff7   Thumb Code     0  dispatch.o(KERNEL)
    __get_PSR                                0x00008003   Thumb Code     0  dispatch.o(KERNEL)
    __enable_interrupt                       0x00008009   Thumb Code     0  dispatch.o(KERNEL)
    __disable_interrupt                      0x0000800d   Thumb Code     0  dispatch.o(KERNEL)
    __get_LR                                 0x00008011   Thumb Code     0  dispatch.o(KERNEL)
    __get_PC                                 0x00008015   Thumb Code     0  dispatch.o(KERNEL)
    __get_CONTROL                            0x00008019   Thumb Code     0  dispatch.o(KERNEL)
    __0snprintf                              0x00008039   Thumb Code    38  printfa.o(i.__0snprintf)
    __1snprintf                              0x00008039   Thumb Code     0  printfa.o(i.__0snprintf)
    __2snprintf                              0x00008039   Thumb Code     0  printfa.o(i.__0snprintf)
    __c89snprintf                            0x00008039   Thumb Code     0  printfa.o(i.__0snprintf)
    snprintf                                 0x00008039   Thumb Code     0  printfa.o(i.__0snprintf)
    __0vsnprintf                             0x00008065   Thumb Code    32  printfa.o(i.__0vsnprintf)
    __1vsnprintf                             0x00008065   Thumb Code     0  printfa.o(i.__0vsnprintf)
    __2vsnprintf                             0x00008065   Thumb Code     0  printfa.o(i.__0vsnprintf)
    __c89vsnprintf                           0x00008065   Thumb Code     0  printfa.o(i.__0vsnprintf)
    vsnprintf                                0x00008065   Thumb Code     0  printfa.o(i.__0vsnprintf)
    __ARM_clz                                0x00008089   Thumb Code    46  depilogue.o(i.__ARM_clz)
    __ARM_common_switch8                     0x000080b7   Thumb Code    28  mem_zero.o(i.__ARM_common_switch8)
    __aeabi_errno_addr                       0x000080d5   Thumb Code     4  errno.o(i.__aeabi_errno_addr)
    __rt_errno_addr                          0x000080d5   Thumb Code     0  errno.o(i.__aeabi_errno_addr)
    __read_errno                             0x000080dd   Thumb Code     6  errno.o(i.__read_errno)
    __scatterload_copy                       0x000080e9   Thumb Code    14  handlers.o(i.__scatterload_copy)
    __scatterload_null                       0x000080f7   Thumb Code     2  handlers.o(i.__scatterload_null)
    __scatterload_zeroinit                   0x000080f9   Thumb Code    14  handlers.o(i.__scatterload_zeroinit)
    __set_errno                              0x00008109   Thumb Code     6  errno.o(i.__set_errno)
    _is_digit                                0x0000826d   Thumb Code    14  scanf_fp.o(i._is_digit)
    atof                                     0x000089d7   Thumb Code    42  atof.o(i.atof)
    MQX_init_struct                          0x00008a00   Data          36  mqx1.o(.constdata)
    MQX_template_list                        0x00008a24   Data         140  task_template_list.o(.constdata)
    _mqx_version_number                      0x00008ab8   Data           4  mqxlite.o(.constdata)
    _mqx_version                             0x00008abc   Data           4  mqxlite.o(.constdata)
    _mqx_vendor                              0x00008ac0   Data           4  mqxlite.o(.constdata)
    _mqx_path                                0x00008ac4   Data           4  mqxlite.o(.constdata)
    _mqx_generic_revision                    0x00008ac8   Data           4  mqxlite.o(.constdata)
    _mqx_psp_revision                        0x00008acc   Data           4  mqxlite.o(.constdata)
    _mqx_copyright                           0x00008ad0   Data           4  mqxlite.o(.constdata)
    _mqx_date                                0x00008ad4   Data           4  mqxlite.o(.constdata)
    _mqxlite_version_number                  0x00008ad8   Data           4  mqxlite.o(.constdata)
    _mqxlite_version                         0x00008adc   Data           4  mqxlite.o(.constdata)
    _mqx_zero_tick_struct                    0x00008ae0   Data          12  mqxlite.o(.constdata)
    ChannelsCfg                              0x00008aec   Data           3  dma1.o(.constdata)
    ChannelsCfg2                             0x00008aef   Data           3  dma1.o(.constdata)
    acos_array                               0x00008b40   Data         360  acos.o(.constdata)
    __ctype_table                            0x00008ca8   Data         129  ctype_o.o(.constdata)
    Region$$Table$$Base                      0x00008e40   Number         0  anon$$obj.o(Region$$Table)
    Region$$Table$$Limit                     0x00008e60   Number         0  anon$$obj.o(Region$$Table)
    mqx_task_stack_pointers                  0x1ffff000   Data          12  mqx1.o(.data)
    I2C_DeviceData                           0x1ffff014   Data           4  mqx_tasks.o(.data)
    PWMTimerRGB_DeviceData                   0x1ffff018   Data           4  mqx_tasks.o(.data)
    PeriodicTimer                            0x1ffff01c   Data           4  mqx_tasks.o(.data)
    BlinkFlag                                0x1ffff020   Data           1  mqx_tasks.o(.data)
    sysStatus                                0x1ffff021   Data           1  mqx_tasks.o(.data)
    DataState                                0x1ffff022   Data           2  mqx_tasks.o(.data)
    _mqx_kernel_data                         0x1ffff024   Data           4  mqxlite.o(.data)
    _mqx_system_stack                        0x1ffff028   Data           4  mqxlite.o(.data)
    _tad_task_at_flag                        0x1ffff02c   Data           4  task.o(.data)
    Measured                                 0x1ffff030   Data           1  dma1.o(.data)
    MeasuredValues                           0x1ffff032   Data           4  dma1.o(.data)
    bSysActive                               0x1ffff036   Data           1  lptmr.o(.data)
    bVLPSMode                                0x1ffff037   Data           1  lptmr.o(.data)
    sleepcounter                             0x1ffff038   Data           1  lptmr.o(.data)
    accStatus                                0x1ffff058   Data           1  app_mma8451.o(.data)
    z_angle_tmp                              0x1ffff05a   Data           2  app_mma8451.o(.data)
    Shell_ModuleCmdUsedPoolPtr               0x1ffff064   Data           4  shell.o(.data)
    Shell_ModuleCmdFreePoolPtr               0x1ffff068   Data           4  shell.o(.data)
    Init_Task_task_stack                     0x1ffff094   Data        1152  mqx1.o(.bss)
    _mqx_kernel_data_struct                  0x1ffff514   Data         588  mqx1.o(.bss)
    mqx_static_ready_queue                   0x1ffff760   Data         528  mqx1.o(.bss)
    mqx_static_isr_table                     0x1ffff970   Data         396  mqx1.o(.bss)
    mqx_interrupt_stack                      0x1ffffafc   Data        1040  mqx1.o(.bss)
    mqx_idle_task_stack                      0x1fffff0c   Data         288  mqx1.o(.bss)
    mqx_system_stack                         0x2000002c   Data         168  mqx1.o(.bss)
    PE_LDD_DeviceDataList                    0x200000d4   Data          24  pe_ldd.o(.bss)
    mutex_struct                             0x200000f8   Data          16  mutex.o(.bss)
    g_lptmr_int_sem                          0x20000108   Data          28  lptmr.o(.bss)
    shell_task_stack                         0x20000124   Data         896  app_shell.o(.bss)
    mma8451_task_stack                       0x200006d8   Data         896  app_mma8451.o(.bss)
    g_mma8451_alarm_sem                      0x20001068   Data          28  app_wifi.o(.bss)
    Shell_ModuleCmdTbl                       0x200010a0   Data         120  shell.o(.bss)
    Image$$ARM_LIB_STACK$$ZI$$Limit          0x20003000   Number         0  anon$$obj.o(ARM_LIB_STACK.bss)



==============================================================================

Memory Map of the image

  Image Entry point : 0x00000411

  Load Region LR_m_text (Base: 0x00000410, Size: 0x00008ac4, Max: 0x0001fbf0, ABSOLUTE)

    Execution Region ER_m_text (Base: 0x00000410, Size: 0x00008a50, Max: 0x0001fbf0, ABSOLUTE)

    Base Addr    Size         Type   Attr      Idx    E Section Name        Object

    0x00000410   0x00000024   Code   RO         1062  * . text              boot.o
    0x00000434   0x00000000   Code   RO         1368  * .ARM.Collect$$$$00000000  mc_p.l(entry.o)
    0x00000434   0x00000004   Code   RO         1682    .ARM.Collect$$$$00000003  mc_p.l(entry4.o)
    0x00000438   0x00000004   Code   RO         1685    .ARM.Collect$$$$00000004  mc_p.l(entry5.o)
    0x0000043c   0x00000000   Code   RO         1687    .ARM.Collect$$$$00000008  mc_p.l(entry7b.o)
    0x0000043c   0x00000000   Code   RO         1689    .ARM.Collect$$$$0000000A  mc_p.l(entry8b.o)
    0x0000043c   0x00000008   Code   RO         1690    .ARM.Collect$$$$0000000B  mc_p.l(entry9a.o)
    0x00000444   0x00000000   Code   RO         1692    .ARM.Collect$$$$0000000D  mc_p.l(entry10a.o)
    0x00000444   0x00000000   Code   RO         1694    .ARM.Collect$$$$0000000F  mc_p.l(entry11a.o)
    0x00000444   0x00000004   Code   RO         1683    .ARM.Collect$$$$00002714  mc_p.l(entry4.o)
    0x00000448   0x00000010   Code   RO          497    .emb_text           startup_arm_cc.o
    0x00000458   0x000001e0   Code   RO            4    .text               cpu.o
    0x00000638   0x00000570   Code   RO          166    .text               i2c.o
    0x00000ba8   0x00000028   Code   RO          245    .text               mqx1.o
    0x00000bd0   0x00000130   Code   RO          314    .text               systemtimer1.o
    0x00000d00   0x00000164   Code   RO          409    .text               pwmtimerrgb.o
    0x00000e64   0x00000040   Code   RO          510    .text               events.o
    0x00000ea4   0x000000b6   Code   RO          532    .text               mma845xq.o
    0x00000f5a   0x0000000c   Code   RO          574    .text               processorexpert.o
    0x00000f66   0x00000002   PAD
    0x00000f68   0x00000430   Code   RO          586    .text               mqx_tasks.o
    0x00001398   0x00000638   Code   RO          624    .text               time_ticks.o
    0x000019d0   0x00000010   Code   RO          651    .text               idletask.o
    0x000019e0   0x000002dc   Code   RO          663    .text               int.o
    0x00001cbc   0x000003c4   Code   RO          693    .text               lwmsgq.o
    0x00002080   0x00000620   Code   RO          708    .text               lwsem.o
    0x000026a0   0x00000150   Code   RO          735    .text               mqx_utils.o
    0x000027f0   0x000001b4   Code   RO          751    .text               mqxlite.o
    0x000029a4   0x000009ec   Code   RO          778    .text               mutex.o
    0x00003390   0x00000066   Code   RO          796    .text               qu_test.o
    0x000033f6   0x00000002   PAD
    0x000033f8   0x000001cc   Code   RO          811    .text               sched.o
    0x000035c4   0x00000c8c   Code   RO          823    .text               task.o
    0x00004250   0x00000008   Code   RO          849    .text               stack_st.o
    0x00004258   0x00000014   Code   RO          886    .text               int_inst.o
    0x0000426c   0x0000005c   Code   RO          916    .text               int_unx.o
    0x000042c8   0x00000026   Code   RO          928    .text               int_vtab.o
    0x000042ee   0x00000002   PAD
    0x000042f0   0x00000094   Code   RO          940    .text               int_xcpt.o
    0x00004384   0x000000f6   Code   RO          952    .text               mem_zero.o
    0x0000447a   0x0000001c   Code   RO          966    .text               psp_iinit.o
    0x00004496   0x00000002   PAD
    0x00004498   0x00000054   Code   RO          990    .text               psp_tiad.o
    0x000044ec   0x00000040   Code   RO         1002    .text               psp_tinm.o
    0x0000452c   0x000000c4   Code   RO         1014    .text               psp_tisu.o
    0x000045f0   0x000000bc   Code   RO         1026    .text               sc_irdyq.o
    0x000046ac   0x0000005c   Code   RO         1038    .text               stack_bu.o
    0x00004708   0x00000002   Code   RO         1050    .text               stack_de.o
    0x0000470a   0x00000002   PAD
    0x0000470c   0x000000a0   Code   RO         1068    .text               nvic.o
    0x000047ac   0x000002c0   Code   RO         1090    .text               uart.o
    0x00004a6c   0x00000140   Code   RO         1144    .text               adc.o
    0x00004bac   0x0000017c   Code   RO         1162    .text               dma1.o
    0x00004d28   0x00000218   Code   RO         1184    .text               lptmr.o
    0x00004f40   0x0000036c   Code   RO         1203    .text               smc.o
    0x000052ac   0x000005bc   Code   RO         1224    .text               app_shell.o
    0x00005868   0x00000198   Code   RO         1259    .text               app_trace.o
    0x00005a00   0x0000091c   Code   RO         1283    .text               app_mma8451.o
    0x0000631c   0x000008a8   Code   RO         1324    .text               app_wifi.o
    0x00006bc4   0x000003dc   Code   RO         1345    .text               shell.o
    0x00006fa0   0x0000002c   Code   RO         1371    .text               mc_p.l(uidiv.o)
    0x00006fcc   0x00000028   Code   RO         1373    .text               mc_p.l(idiv.o)
    0x00006ff4   0x00000024   Code   RO         1375    .text               mc_p.l(memcpya.o)
    0x00007018   0x00000024   Code   RO         1377    .text               mc_p.l(memseta.o)
    0x0000703c   0x00000028   Code   RO         1379    .text               mc_p.l(strstr.o)
    0x00007064   0x0000001a   Code   RO         1381    .text               mc_p.l(strncpy.o)
    0x0000707e   0x0000000e   Code   RO         1383    .text               mc_p.l(strlen.o)
    0x0000708c   0x0000001c   Code   RO         1385    .text               mc_p.l(strcmp.o)
    0x000070a8   0x0000001a   Code   RO         1387    .text               mc_p.l(memcmp.o)
    0x000070c2   0x00000012   Code   RO         1389    .text               mc_p.l(strcpy.o)
    0x000070d4   0x0000001e   Code   RO         1391    .text               mc_p.l(strncmp.o)
    0x000070f2   0x00000002   PAD
    0x000070f4   0x00000048   Code   RO         1393    .text               mc_p.l(strtok.o)
    0x0000713c   0x0000001a   Code   RO         1662    .text               mc_p.l(atoi.o)
    0x00007156   0x00000002   PAD
    0x00007158   0x00000164   Code   RO         1664    .text               mf_p.l(dadd.o)
    0x000072bc   0x000000d0   Code   RO         1666    .text               mf_p.l(dmul.o)
    0x0000738c   0x000000f0   Code   RO         1668    .text               mf_p.l(ddiv.o)
    0x0000747c   0x00000028   Code   RO         1670    .text               mf_p.l(dflti.o)
    0x000074a4   0x0000001c   Code   RO         1672    .text               mf_p.l(dfltui.o)
    0x000074c0   0x00000028   Code   RO         1674    .text               mf_p.l(f2d.o)
    0x000074e8   0x00000028   Code   RO         1676    .text               mf_p.l(cdcmple.o)
    0x00007510   0x00000028   Code   RO         1678    .text               mf_p.l(cdrcmple.o)
    0x00007538   0x00000038   Code   RO         1680    .text               mf_p.l(d2f.o)
    0x00007570   0x00000060   Code   RO         1699    .text               mc_p.l(uldiv.o)
    0x000075d0   0x00000020   Code   RO         1701    .text               mc_p.l(llshl.o)
    0x000075f0   0x00000026   Code   RO         1703    .text               mc_p.l(llsshr.o)
    0x00007616   0x00000002   PAD
    0x00007618   0x000000a4   Code   RO         1712    .text               mc_p.l(strtod.o)
    0x000076bc   0x00000070   Code   RO         1714    .text               mc_p.l(strtol.o)
    0x0000772c   0x00000000   Code   RO         1716    .text               mc_p.l(iusefp.o)
    0x0000772c   0x00000084   Code   RO         1717    .text               mf_p.l(fepilogue.o)
    0x000077b0   0x000000c0   Code   RO         1719    .text               mf_p.l(depilogue.o)
    0x00007870   0x00000040   Code   RO         1723    .text               mf_p.l(dfixul.o)
    0x000078b0   0x00000024   Code   RO         1725    .text               mc_p.l(init.o)
    0x000078d4   0x00000022   Code   RO         1728    .text               mc_p.l(llushr.o)
    0x000078f6   0x00000002   PAD
    0x000078f8   0x00000008   Code   RO         1732    .text               mc_p.l(ctype_o.o)
    0x00007900   0x00000012   Code   RO         1754    .text               mc_p.l(isspace_o.o)
    0x00007912   0x00000002   PAD
    0x00007914   0x0000034c   Code   RO         1760    .text               mc_p.l(scanf_fp.o)
    0x00007c60   0x00000044   Code   RO         1764    .text               mc_p.l(_sgetc.o)
    0x00007ca4   0x000000a6   Code   RO         1766    .text               mc_p.l(_strtoul.o)
    0x00007d4a   0x0000007a   Code   RO         1769    .text               mc_p.l(llmul.o)
    0x00007dc4   0x0000001e   Code   RO         1774    .text               mc_p.l(_chval.o)
    0x00007de2   0x00000002   PAD
    0x00007de4   0x0000001c   Code   RO         1776    .text               mf_p.l(dfltul.o)
    0x00007e00   0x00000238   Code   RO         1065    KERNEL              dispatch.o
    0x00008038   0x0000002c   Code   RO         1635    i.__0snprintf       mc_p.l(printfa.o)
    0x00008064   0x00000024   Code   RO         1639    i.__0vsnprintf      mc_p.l(printfa.o)
    0x00008088   0x0000002e   Code   RO         1721    i.__ARM_clz         mf_p.l(depilogue.o)
    0x000080b6   0x0000001c   Code   RO          961    i.__ARM_common_switch8  mem_zero.o
    0x000080d2   0x00000002   PAD
    0x000080d4   0x00000008   Code   RO         1705    i.__aeabi_errno_addr  mc_p.l(errno.o)
    0x000080dc   0x0000000c   Code   RO         1706    i.__read_errno      mc_p.l(errno.o)
    0x000080e8   0x0000000e   Code   RO         1780    i.__scatterload_copy  mc_p.l(handlers.o)
    0x000080f6   0x00000002   Code   RO         1781    i.__scatterload_null  mc_p.l(handlers.o)
    0x000080f8   0x0000000e   Code   RO         1782    i.__scatterload_zeroinit  mc_p.l(handlers.o)
    0x00008106   0x00000002   PAD
    0x00008108   0x0000000c   Code   RO         1707    i.__set_errno       mc_p.l(errno.o)
    0x00008114   0x00000158   Code   RO         1641    i._fp_digits        mc_p.l(printfa.o)
    0x0000826c   0x0000000e   Code   RO         1762    i._is_digit         mc_p.l(scanf_fp.o)
    0x0000827a   0x00000002   PAD
    0x0000827c   0x000006f8   Code   RO         1642    i._printf_core      mc_p.l(printfa.o)
    0x00008974   0x00000020   Code   RO         1643    i._printf_post_padding  mc_p.l(printfa.o)
    0x00008994   0x0000002c   Code   RO         1644    i._printf_pre_padding  mc_p.l(printfa.o)
    0x000089c0   0x00000016   Code   RO         1645    i._snputc           mc_p.l(printfa.o)
    0x000089d6   0x0000002a   Code   RO         1365    i.atof              m_ps.l(atof.o)
    0x00008a00   0x00000024   Data   RO          247    .constdata          mqx1.o
    0x00008a24   0x0000008c   Data   RO          342    .constdata          task_template_list.o
    0x00008ab0   0x00000006   Data   RO          410    .constdata          pwmtimerrgb.o
    0x00008ab6   0x00000002   PAD
    0x00008ab8   0x00000034   Data   RO          752    .constdata          mqxlite.o
    0x00008aec   0x00000006   Data   RO         1163    .constdata          dma1.o
    0x00008af2   0x00000002   PAD
    0x00008af4   0x0000004b   Data   RO         1226    .constdata          app_shell.o
    0x00008b3f   0x00000001   PAD
    0x00008b40   0x00000168   Data   RO         1315    .constdata          acos.o
    0x00008ca8   0x00000081   Data   RO         1733    .constdata          mc_p.l(ctype_o.o)
    0x00008d29   0x00000003   PAD
    0x00008d2c   0x00000004   Data   RO         1734    .constdata          mc_p.l(ctype_o.o)
    0x00008d30   0x0000001d   Data   RO          343    .conststring        task_template_list.o
    0x00008d4d   0x000000e2   Data   RO          753    .conststring        mqxlite.o
    0x00008e2f   0x00000011   Data   RO         1227    .conststring        app_shell.o
    0x00008e40   0x00000020   Data   RO         1778    Region$$Table       anon$$obj.o


    Execution Region RW_m_data (Base: 0x1ffff000, Size: 0x00002118, Max: 0x00003400, ABSOLUTE)

    Base Addr    Size         Type   Attr      Idx    E Section Name        Object

    0x1ffff000   0x0000000c   Data   RW          248    .data               mqx1.o
    0x1ffff00c   0x00000008   Data   RW          411    .data               pwmtimerrgb.o
    0x1ffff014   0x00000010   Data   RW          587    .data               mqx_tasks.o
    0x1ffff024   0x00000008   Data   RW          754    .data               mqxlite.o
    0x1ffff02c   0x00000004   Data   RW          824    .data               task.o
    0x1ffff030   0x00000006   Data   RW         1164    .data               dma1.o
    0x1ffff036   0x00000003   Data   RW         1186    .data               lptmr.o
    0x1ffff039   0x00000003   PAD
    0x1ffff03c   0x00000018   Data   RW         1228    .data               app_shell.o
    0x1ffff054   0x0000000d   Data   RW         1285    .data               app_mma8451.o
    0x1ffff061   0x00000003   PAD
    0x1ffff064   0x00000008   Data   RW         1347    .data               shell.o
    0x1ffff06c   0x00000004   Data   RW         1394    .data               mc_p.l(strtok.o)
    0x1ffff070   0x00000004   Data   RW         1708    .data               mc_p.l(errno.o)
    0x1ffff074   0x00000020   Zero   RW          167    .bss                i2c.o
    0x1ffff094   0x00001040   Zero   RW          246    .bss                mqx1.o
    0x200000d4   0x00000018   Zero   RW          274    .bss                pe_ldd.o
    0x200000ec   0x0000000c   Zero   RW          315    .bss                systemtimer1.o
    0x200000f8   0x00000010   Zero   RW          779    .bss                mutex.o
    0x20000108   0x0000001c   Zero   RW         1185    .bss                lptmr.o
    0x20000124   0x000004c0   Zero   RW         1225    .bss                app_shell.o
    0x200005e4   0x000000f0   Zero   RW         1260    .bss                app_trace.o
    0x200006d4   0x00000004   PAD
    0x200006d8   0x00000618   Zero   RW         1284    .bss                app_mma8451.o
    0x20000cf0   0x000003b0   Zero   RW         1325    .bss                app_wifi.o
    0x200010a0   0x00000078   Zero   RW         1346    .bss                shell.o


    Execution Region ARM_LIB_HEAP (Base: 0x20002400, Size: 0x00000800, Max: 0x00000800, ABSOLUTE, UNINIT)

    Base Addr    Size         Type   Attr      Idx    E Section Name        Object

    0x20002400   0x00000800   Zero   RW            2    ARM_LIB_HEAP.bss    anon$$obj.o


    Execution Region ARM_LIB_STACK (Base: 0x20002c00, Size: 0x00000400, Max: 0x00000400, ABSOLUTE, UNINIT)

    Base Addr    Size         Type   Attr      Idx    E Section Name        Object

    0x20002c00   0x00000400   Zero   RW            1    ARM_LIB_STACK.bss   anon$$obj.o



  Load Region LR_m_interrupts (Base: 0x00000000, Size: 0x000000c0, Max: 0x000000c0, ABSOLUTE)

    Execution Region ER_m_interrupts (Base: 0x00000000, Size: 0x000000c0, Max: 0x000000c0, ABSOLUTE)

    Base Addr    Size         Type   Attr      Idx    E Section Name        Object

    0x00000000   0x000000c0   Data   RO          328    .vectortable        vectors.o



  Load Region LR_FlashConfig (Base: 0x00000400, Size: 0x00000010, Max: 0x00000010, ABSOLUTE)

    Execution Region ER_FlashConfig (Base: 0x00000400, Size: 0x00000010, Max: 0x00000010, ABSOLUTE)

    Base Addr    Size         Type   Attr      Idx    E Section Name        Object

    0x00000400   0x00000010   Data   RO            5    .cfmconfig          cpu.o


==============================================================================

Image component sizes


      Code (inc. data)   RO Data    RW Data    ZI Data      Debug   Object Name

         0          0        360          0          0        385   acos.o
       320          8          0          0          0       1056   adc.o
      2332        634          0         13       1560       5164   app_mma8451.o
      1468        708         92         24       1216       3738   app_shell.o
       408         68          0          0        240       2714   app_trace.o
      2216        642          0          0        944       7988   app_wifi.o
        36          2          0          0          0        248   boot.o
       480         56         16          0          0      90471   cpu.o
       568         26          0          0          0        496   dispatch.o
       380        104          6          6          0       1514   dma1.o
        64         10          0          0          0       2322   events.o
      1392         42          0          0         32     206371   i2c.o
        16          4          0          0          0        673   idletask.o
       732         24          0          0          0       4750   int.o
        20          6          0          0          0        435   int_inst.o
        92          6          0          0          0        626   int_unx.o
        38          0          0          0          0        658   int_vtab.o
       148          4          0          0          0        905   int_xcpt.o
       536        220          0          3         28       1699   lptmr.o
       964         18          0          0          0       3378   lwmsgq.o
      1568         26          0          0          0       6574   lwsem.o
       274         18          0          0          0        988   mem_zero.o
       182          0          0          0          0      50180   mma845xq.o
        40          0         36         12       4160       1922   mqx1.o
      1072        456          0         16          0       3076   mqx_tasks.o
       336         36          0          0          0       2135   mqx_utils.o
       436         42        278          8          0      30487   mqxlite.o
      2540         46          0          0         16       9866   mutex.o
       160          8          0          0          0      49122   nvic.o
         0          0          0          0         24      50068   pe_ldd.o
        12          0          0          0          0        391   processorexpert.o
        28          0          0          0          0        576   psp_iinit.o
        84          6          0          0          0        677   psp_tiad.o
        64          6          0          0          0        619   psp_tinm.o
       196         10          0          0          0       1272   psp_tisu.o
       356         46          6          8          0      52019   pwmtimerrgb.o
       102          0          0          0          0       1006   qu_test.o
       188         12          0          0          0       1186   sc_irdyq.o
       460          6          0          0          0       2947   sched.o
       988         32          0          8        120       6827   shell.o
       876         22          0          0          0       2500   smc.o
        92          6          0          0          0        849   stack_bu.o
         2          0          0          0          0        431   stack_de.o
         8          0          0          0          0        455   stack_st.o
        16          8          0          0          0        336   startup_arm_cc.o
       304         32          0          0         12       3141   systemtimer1.o
      3212         44          0          4          0      17897   task.o
         0          0        169          0          0       5491   task_template_list.o
      1592         20          0          0          0       8681   time_ticks.o
       704         32          0          0          0       2447   uart.o
         0          0        192          0          0       2316   vectors.o

    ----------------------------------------------------------------------
     28114       3496       1192        108      11428     652073   Object Totals
         0          0         32          0       3072          0   (incl. Generated)
        12          0          5          6          4          0   (incl. Padding)

    ----------------------------------------------------------------------

      Code (inc. data)   RO Data    RW Data    ZI Data      Debug   Library Member Name

        42          0          0          0          0         76   atof.o
        30          0          0          0          0         60   _chval.o
        68          0          0          0          0         76   _sgetc.o
       166          0          0          0          0         84   _strtoul.o
        26          0          0          0          0         72   atoi.o
         8          4        133          0          0         60   ctype_o.o
         0          0          0          0          0          0   entry.o
         0          0          0          0          0          0   entry10a.o
         0          0          0          0          0          0   entry11a.o
         8          4          0          0          0          0   entry4.o
         4          0          0          0          0          0   entry5.o
         0          0          0          0          0          0   entry7b.o
         0          0          0          0          0          0   entry8b.o
         8          4          0          0          0          0   entry9a.o
        32         16          0          4          0        180   errno.o
        30          0          0          0          0          0   handlers.o
        40          0          0          0          0         72   idiv.o
        36          8          0          0          0         68   init.o
        18          0          0          0          0         68   isspace_o.o
         0          0          0          0          0          0   iusefp.o
       122          0          0          0          0         84   llmul.o
        32          0          0          0          0         68   llshl.o
        38          0          0          0          0         68   llsshr.o
        34          0          0          0          0         68   llushr.o
        26          0          0          0          0         72   memcmp.o
        36          0          0          0          0         60   memcpya.o
        36          0          0          0          0        100   memseta.o
      2306        104          0          0          0        544   printfa.o
       858         12          0          0          0        184   scanf_fp.o
        28          0          0          0          0         68   strcmp.o
        18          0          0          0          0         60   strcpy.o
        14          0          0          0          0         60   strlen.o
        30          0          0          0          0         72   strncmp.o
        26          0          0          0          0         68   strncpy.o
        40          0          0          0          0         72   strstr.o
       164         18          0          0          0        120   strtod.o
        72          4          0          4          0         72   strtok.o
       112          4          0          0          0         76   strtol.o
        44          0          0          0          0         72   uidiv.o
        96          0          0          0          0         84   uldiv.o
        40          2          0          0          0         68   cdcmple.o
        40          2          0          0          0         68   cdrcmple.o
        56          0          0          0          0         68   d2f.o
       356          6          0          0          0        140   dadd.o
       240          6          0          0          0         84   ddiv.o
       238          0          0          0          0        216   depilogue.o
        64         10          0          0          0         68   dfixul.o
        40          6          0          0          0         68   dflti.o
        28          4          0          0          0         68   dfltui.o
        28          6          0          0          0         68   dfltul.o
       208          6          0          0          0         88   dmul.o
        40          0          0          0          0         60   f2d.o
       132          0          0          0          0        144   fepilogue.o

    ----------------------------------------------------------------------
      6174        226        136          8          0       4096   Library Totals
        16          0          3          0          0          0   (incl. Padding)

    ----------------------------------------------------------------------

      Code (inc. data)   RO Data    RW Data    ZI Data      Debug   Library Name

        42          0          0          0          0         76   m_ps.l
      4606        178        133          8          0       2812   mc_p.l
      1510         48          0          0          0       1208   mf_p.l

    ----------------------------------------------------------------------
      6174        226        136          8          0       4096   Library Totals

    ----------------------------------------------------------------------

==============================================================================


      Code (inc. data)   RO Data    RW Data    ZI Data      Debug   

     34288       3722       1328        116      11428     650513   Grand Totals
     34288       3722       1328        116      11428     650513   ELF Image Totals
     34288       3722       1328        116          0          0   ROM Totals

==============================================================================

    Total RO  Size (Code + RO Data)                35616 (  34.78kB)
    Total RW  Size (RW Data + ZI Data)             11544 (  11.27kB)
    Total ROM Size (Code + RO Data + RW Data)      35732 (  34.89kB)

==============================================================================

