<html>
<body>
<pre>
<h1>µVision Build Log</h1>
<h2>Project:</h2>
E:\BaiduYunDownload\StarFish_MCU\StarFish_MCU\StarFish_MCU.uvproj
Project File Date:  09/16/2014

<h2>Output:</h2>
Build target 'MKL26Z128xxx4'
linking...
.\UV4Build\StarFish_MCU.axf: Error: L6218E: Undefined symbol AnalogSlider (referred from tss1.o).
.\UV4Build\StarFish_MCU.axf: Error: L6218E: Undefined symbol TSS_Init (referred from tss1.o).
.\UV4Build\StarFish_MCU.axf: Error: L6218E: Undefined symbol TSS_SetASliderConfig (referred from tss1.o).
.\UV4Build\StarFish_MCU.axf: Error: L6218E: Undefined symbol TSS_SetSystemConfig (referred from tss1.o).
.\UV4Build\StarFish_MCU.axf: Error: L6218E: Undefined symbol TSS_TSI0Isr (referred from tss1.o).
.\UV4Build\StarFish_MCU.axf: Error: L6218E: Undefined symbol TSS_Task (referred from mqx_tasks.o).
".\UV4Build\StarFish_MCU.axf" - 6 Errors, 0 Warning(s).
Target not created
Build target 'MKL26Z128xxx4'
linking...
.\UV4Build\StarFish_MCU.axf: Error: L6218E: Undefined symbol AnalogSlider (referred from events.o).
.\UV4Build\StarFish_MCU.axf: Error: L6218E: Undefined symbol TSS1_InitDevices (referred from events.o).
.\UV4Build\StarFish_MCU.axf: Error: L6218E: Undefined symbol TSS_Task (referred from mqx_tasks.o).
".\UV4Build\StarFish_MCU.axf" - 3 Errors, 0 Warning(s).
Target not created
Build target 'MKL26Z128xxx4'
compiling Events.c...
linking...
.\UV4Build\StarFish_MCU.axf: Error: L6218E: Undefined symbol TSS_Task (referred from mqx_tasks.o).
".\UV4Build\StarFish_MCU.axf" - 1 Errors, 0 Warning(s).
Target not created
Build target 'MKL26Z128xxx4'
compiling mqx_tasks.c...
./Sources/mqx_tasks.c(129): error:  #169: expected a declaration
./Sources/mqx_tasks.c(172): warning: At end of source:  #12-D: parsing restarts here after previous syntax error
".\UV4Build\StarFish_MCU.axf" - 1 Errors, 1 Warning(s).
Target not created
Build target 'MKL26Z128xxx4'
compiling mqx_tasks.c...
linking...
.\UV4Build\StarFish_MCU.axf: Error: L6218E: Undefined symbol TSS_Trigger (referred from task_template_list.o).
".\UV4Build\StarFish_MCU.axf" - 1 Errors, 0 Warning(s).
Target not created
Build target 'MKL26Z128xxx4'
linking...
.\UV4Build\StarFish_MCU.axf: Error: L6218E: Undefined symbol TSS_Trigger (referred from task_template_list.o).
".\UV4Build\StarFish_MCU.axf" - 1 Errors, 0 Warning(s).
Target not created
Build target 'MKL26Z128xxx4'
compiling task_template_list.c...
linking...
.\Project_Settings\Linker_Files\ProcessorExpert.scf(46): warning: L6314W: No section matches pattern *.o(RESET).
Program Size: Code=26040 RO-data=760 RW-data=84 ZI-data=9872  
After Build - User command #1: C:\Keil\\ARM\ARMCC\bin\fromelf.exe --m32combined --output=.\UV4Build\StarFish_MCU.srec .\UV4Build\StarFish_MCU.axf
After Build - User command #2: C:\Keil\\ARM\ARMCC\bin\fromelf.exe --m32combined --output=.\UV4Build\StarFish_MCU.bin .\UV4Build\StarFish_MCU.axf
".\UV4Build\StarFish_MCU.axf" - 0 Errors, 1 Warning(s).
Build target 'MKL26Z128xxx4'
compiling BlinkRateCounter.c...
compiling Cpu.c...
compiling I2C.c...
compiling MQX1.c...
compiling PE_LDD.c...
compiling SystemTimer1.c...
compiling Vectors.c...
compiling task_template_list.c...
compiling PWMTimerRGB.c...
compiling startup_ARM_CC.c...
compiling Events.c...
compiling MMA845xQ.c...
compiling ProcessorExpert.c...
compiling mqx_tasks.c...
compiling time_ticks.c...
compiling idletask.c...
compiling int.c...
compiling klog.c...
compiling lwevent.c...
compiling lwlog.c...
compiling lwmsgq.c...
compiling lwsem.c...
compiling lwtimer.c...
compiling mqx_utils.c...
compiling mqxlite.c...
compiling mutex.c...
compiling qu_test.c...
compiling sched.c...
compiling task.c...
compiling stack_st.c...
compiling cortex.c...
compiling int_gkis.c...
compiling int_inst.c...
compiling int_kisr.c...
compiling int_pvta.c...
compiling int_unx.c...
compiling int_vtab.c...
compiling int_xcpt.c...
compiling mem_zero.c...
compiling psp_iinit.c...
compiling psp_supp.c...
compiling psp_tiad.c...
compiling psp_tinm.c...
compiling psp_tisu.c...
compiling sc_irdyq.c...
compiling stack_bu.c...
compiling stack_de.c...
assembling boot.S...
assembling dispatch.S...
MQXLITE\psp\cortex_m\core\M0\dispatch.S(837): warning: A1609W: MOV <rd>,pc instruction does not set bit zero, so does not create a return address
compiling nvic.c...
compiling uart.c...
compiling app_shell.c...
compiling app_trace.c...
compiling shell.c...
linking...
.\Project_Settings\Linker_Files\ProcessorExpert.scf(46): warning: L6314W: No section matches pattern *.o(RESET).
Program Size: Code=26040 RO-data=760 RW-data=84 ZI-data=9872  
After Build - User command #1: C:\Keil\\ARM\ARMCC\bin\fromelf.exe --m32combined --output=.\UV4Build\StarFish_MCU.srec .\UV4Build\StarFish_MCU.axf
After Build - User command #2: C:\Keil\\ARM\ARMCC\bin\fromelf.exe --m32combined --output=.\UV4Build\StarFish_MCU.bin .\UV4Build\StarFish_MCU.axf
".\UV4Build\StarFish_MCU.axf" - 0 Errors, 2 Warning(s).
Build target 'MKL26Z128xxx4'
linking...
.\Project_Settings\Linker_Files\ProcessorExpert.scf(46): warning: L6314W: No section matches pattern *.o(RESET).
Program Size: Code=26040 RO-data=760 RW-data=84 ZI-data=9872  
After Build - User command #1: C:\Keil\\ARM\ARMCC\bin\fromelf.exe --m32combined --output=.\UV4Build\StarFish_MCU.srec .\UV4Build\StarFish_MCU.axf
After Build - User command #2: C:\Keil\\ARM\ARMCC\bin\fromelf.exe --m32combined --output=.\UV4Build\StarFish_MCU.bin .\UV4Build\StarFish_MCU.axf
".\UV4Build\StarFish_MCU.axf" - 0 Errors, 1 Warning(s).
Build target 'MKL26Z128xxx4'
linking...
.\Project_Settings\Linker_Files\ProcessorExpert.scf(46): warning: L6314W: No section matches pattern *.o(RESET).
Program Size: Code=26040 RO-data=760 RW-data=84 ZI-data=9872  
After Build - User command #1: C:\Keil\\ARM\ARMCC\bin\fromelf.exe --m32combined --output=.\UV4Build\StarFish_MCU.srec .\UV4Build\StarFish_MCU.axf
After Build - User command #2: C:\Keil\\ARM\ARMCC\bin\fromelf.exe --m32combined --output=.\UV4Build\StarFish_MCU.bin .\UV4Build\StarFish_MCU.axf
".\UV4Build\StarFish_MCU.axf" - 0 Errors, 1 Warning(s).
Clean started: Project: 'StarFish_MCU'
   deleting intermediate output files for target 'MKL26Z128xxx4'
Build target 'MKL26Z128xxx4'
compiling Cpu.c...
compiling I2C.c...
compiling MQX1.c...
compiling PE_LDD.c...
compiling SystemTimer1.c...
compiling Vectors.c...
compiling task_template_list.c...
compiling PWMTimerRGB.c...
compiling startup_ARM_CC.c...
compiling Events.c...
compiling MMA845xQ.c...
compiling ProcessorExpert.c...
compiling mqx_tasks.c...
compiling time_ticks.c...
compiling idletask.c...
compiling int.c...
compiling klog.c...
compiling lwevent.c...
compiling lwlog.c...
compiling lwmsgq.c...
compiling lwsem.c...
compiling lwtimer.c...
compiling mqx_utils.c...
compiling mqxlite.c...
compiling mutex.c...
compiling qu_test.c...
compiling sched.c...
compiling task.c...
compiling stack_st.c...
compiling cortex.c...
compiling int_gkis.c...
compiling int_inst.c...
compiling int_kisr.c...
compiling int_pvta.c...
compiling int_unx.c...
compiling int_vtab.c...
compiling int_xcpt.c...
compiling mem_zero.c...
compiling psp_iinit.c...
compiling psp_supp.c...
compiling psp_tiad.c...
compiling psp_tinm.c...
compiling psp_tisu.c...
compiling sc_irdyq.c...
compiling stack_bu.c...
compiling stack_de.c...
assembling boot.S...
assembling dispatch.S...
MQXLITE\psp\cortex_m\core\M0\dispatch.S(837): warning: A1609W: MOV <rd>,pc instruction does not set bit zero, so does not create a return address
compiling nvic.c...
compiling uart.c...
compiling app_shell.c...
compiling app_trace.c...
compiling shell.c...
linking...
.\Project_Settings\Linker_Files\ProcessorExpert.scf(46): warning: L6314W: No section matches pattern *.o(RESET).
Program Size: Code=26040 RO-data=760 RW-data=84 ZI-data=9872  
After Build - User command #1: C:\Keil\\ARM\ARMCC\bin\fromelf.exe --m32combined --output=.\UV4Build\StarFish_MCU.srec .\UV4Build\StarFish_MCU.axf
After Build - User command #2: C:\Keil\\ARM\ARMCC\bin\fromelf.exe --m32combined --output=.\UV4Build\StarFish_MCU.bin .\UV4Build\StarFish_MCU.axf
".\UV4Build\StarFish_MCU.axf" - 0 Errors, 2 Warning(s).
Build target 'MKL26Z128xxx4'
linking...
.\Project_Settings\Linker_Files\ProcessorExpert.scf(46): warning: L6314W: No section matches pattern *.o(RESET).
Program Size: Code=26040 RO-data=760 RW-data=84 ZI-data=9872  
After Build - User command #1: C:\Keil\\ARM\ARMCC\bin\fromelf.exe --m32combined --output=.\UV4Build\StarFish_MCU.srec .\UV4Build\StarFish_MCU.axf
After Build - User command #2: C:\Keil\\ARM\ARMCC\bin\fromelf.exe --m32combined --output=.\UV4Build\StarFish_MCU.bin .\UV4Build\StarFish_MCU.axf
".\UV4Build\StarFish_MCU.axf" - 0 Errors, 1 Warning(s).
Build target 'MKL26Z128xxx4'
linking...
.\Project_Settings\Linker_Files\ProcessorExpert.scf(46): warning: L6314W: No section matches pattern *.o(RESET).
Program Size: Code=26040 RO-data=760 RW-data=84 ZI-data=9872  
After Build - User command #1: C:\Keil\\ARM\ARMCC\bin\fromelf.exe --m32combined --output=.\UV4Build\StarFish_MCU.srec .\UV4Build\StarFish_MCU.axf
After Build - User command #2: C:\Keil\\ARM\ARMCC\bin\fromelf.exe --m32combined --output=.\UV4Build\StarFish_MCU.bin .\UV4Build\StarFish_MCU.axf
".\UV4Build\StarFish_MCU.axf" - 0 Errors, 1 Warning(s).
Build target 'MKL26Z128xxx4'
linking...
.\Project_Settings\Linker_Files\ProcessorExpert.scf(46): warning: L6314W: No section matches pattern *.o(RESET).
Program Size: Code=26040 RO-data=760 RW-data=84 ZI-data=9872  
FromELF: creating hex file...
After Build - User command #1: C:\Keil\\ARM\ARMCC\bin\fromelf.exe --m32combined --output=.\UV4Build\StarFish_MCU.srec .\UV4Build\StarFish_MCU.axf
After Build - User command #2: C:\Keil\\ARM\ARMCC\bin\fromelf.exe --m32combined --output=.\UV4Build\StarFish_MCU.bin .\UV4Build\StarFish_MCU.axf
".\UV4Build\StarFish_MCU.axf" - 0 Errors, 1 Warning(s).
Build target 'MKL26Z128xxx4'
linking...
.\Project_Settings\Linker_Files\ProcessorExpert.scf(46): warning: L6314W: No section matches pattern *.o(RESET).
Program Size: Code=26040 RO-data=760 RW-data=84 ZI-data=9872  
After Build - User command #1: C:\Keil\\ARM\ARMCC\bin\fromelf.exe --m32combined --output=.\UV4Build\StarFish_MCU.srec .\UV4Build\StarFish_MCU.axf
After Build - User command #2: C:\Keil\\ARM\ARMCC\bin\fromelf.exe --bincombined --output=.\UV4Build\StarFish_MCU.bin .\UV4Build\StarFish_MCU.axf
".\UV4Build\StarFish_MCU.axf" - 0 Errors, 1 Warning(s).
