<html>
<body>
<pre>
<h1>µVision Build Log</h1>
<h2>Project:</h2>
E:\Starfish\starfish\StarFish_MCU\StarFish_MCU.uvproj
Project File Date:  10/29/2014

<h2>Output:</h2>
Build target 'MKL26Z128xxx4'
compiling mqx_tasks.c...
./Sources/mqx_tasks.c(47): warning:  #1295-D: Deprecated declaration putmma8451standby - give arg types
./Sources/mqx_tasks.c(48): warning:  #1295-D: Deprecated declaration putmma8451detect - give arg types
./Sources/mqx_tasks.c(49): warning:  #1295-D: Deprecated declaration putmma8451running - give arg types
./Sources/mqx_tasks.c(119): warning:  #550-D: variable "mqx_ret" was set but never used
linking...
.\Project_Settings\Linker_Files\ProcessorExpert.scf(46): warning: L6314W: No section matches pattern *.o(RESET).
Program Size: Code=31016 RO-data=1160 RW-data=108 ZI-data=10484  
After Build - User command #1: C:\Keil\\ARM\ARMCC\bin\fromelf.exe --m32combined --output=.\UV4Build\StarFish_MCU.srec .\UV4Build\StarFish_MCU.axf
After Build - User command #2: C:\Keil\\ARM\ARMCC\bin\fromelf.exe --bincombined --output=.\UV4Build\StarFish_MCU.bin .\UV4Build\StarFish_MCU.axf
".\UV4Build\StarFish_MCU.axf" - 0 Errors, 5 Warning(s).
