ARM Linker, 5.03 [Build 76] [MDK-ARM Standard]

==============================================================================

Section Cross References

    cpu.o(.text) refers to events.o(.text) for Cpu_OnNMIINT
    cpu.o(.text) refers to mqxlite.o(.text) for _mqxlite_init
    cpu.o(.text) refers to vectors.o(.vectortable) for __vect_table
    cpu.o(.text) refers to mqx1.o(.constdata) for MQX_init_struct
    i2c.o(.text) refers to events.o(.text) for I2C_OnMasterBlockSent
    i2c.o(.text) refers to int.o(.text) for _int_get_isr_data
    i2c.o(.text) refers to i2c.o(.bss) for DeviceDataPrv__DEFAULT_RTOS_ALLOC
    i2c.o(.text) refers to pe_ldd.o(.bss) for PE_LDD_DeviceDataList
    mqx1.o(.text) refers to time_ticks.o(.text) for _time_notify_kernel
    mqx1.o(.text) refers to systemtimer1.o(.text) for SystemTimer1_GetInputFrequency
    mqx1.o(.text) refers to uidiv.o(.text) for __aeabi_uidivmod
    mqx1.o(.constdata) refers to mqx1.o(.bss) for _mqx_kernel_data_struct
    mqx1.o(.constdata) refers to task_template_list.o(.constdata) for MQX_template_list
    mqx1.o(.data) refers to mqx1.o(.bss) for Init_Task_task_stack
    mqx1.o(.data) refers to app_shell.o(.bss) for shell_task_stack
    systemtimer1.o(.text) refers to mqx1.o(.text) for SystemTimer1_OnCounterRestart
    systemtimer1.o(.text) refers to int.o(.text) for _int_get_isr_data
    systemtimer1.o(.text) refers to systemtimer1.o(.bss) for DeviceDataPrv__DEFAULT_RTOS_ALLOC
    systemtimer1.o(.text) refers to pe_ldd.o(.bss) for PE_LDD_DeviceDataList
    vectors.o(.vectortable) refers to boot.o(. text) for __boot
    vectors.o(.vectortable) refers to cpu.o(.text) for Cpu_INT_NMIInterrupt
    vectors.o(.vectortable) refers to dispatch.o(KERNEL) for _int_kernel_isr
    task_template_list.o(.constdata) refers to mqx_tasks.o(.text) for Init_Task
    task_template_list.o(.constdata) refers to task_template_list.o(.conststring) for .conststring
    task_template_list.o(.constdata) refers to app_mma8451.o(.text) for app_mma8451_control_task
    task_template_list.o(.constdata) refers to app_shell.o(.text) for shell_task
    pwmtimerrgb.o(.text) refers to pwmtimerrgb.o(.data) for DeviceDataPrv__DEFAULT_RTOS_ALLOC
    pwmtimerrgb.o(.text) refers to pe_ldd.o(.bss) for PE_LDD_DeviceDataList
    pwmtimerrgb.o(.text) refers to pwmtimerrgb.o(.constdata) for ChannelMode
    startup_arm_cc.o(.emb_text) refers to cpu.o(.text) for __init_hardware
    startup_arm_cc.o(.emb_text) refers to entry.o(.ARM.Collect$$$$00000000) for __main
    events.o(.text) refers to pwmtimerrgb.o(.text) for PWMTimerRGB_Disable
    events.o(.text) refers to mqx_tasks.o(.data) for BlinkFlag
    mma845xq.o(.text) refers to i2c.o(.text) for I2C_MasterSendBlock
    mma845xq.o(.text) refers to memcpya.o(.text) for __aeabi_memcpy
    processorexpert.o(.text) refers to cpu.o(.text) for PE_low_level_init
    processorexpert.o(.text) refers to mqxlite.o(.text) for _mqxlite
    mqx_tasks.o(.text) refers to app_trace.o(.text) for app_traceInfo_output
    mqx_tasks.o(.text) refers to printf8.o(i.__0snprintf$8) for __2snprintf
    mqx_tasks.o(.text) refers to lptmr.o(.text) for Lptmr_Init
    mqx_tasks.o(.text) refers to adc.o(.text) for ADC_Init
    mqx_tasks.o(.text) refers to dma1.o(.text) for DMA1_Init
    mqx_tasks.o(.text) refers to task.o(.text) for _task_create_at
    mqx_tasks.o(.text) refers to lwsem.o(.text) for _lwsem_wait
    mqx_tasks.o(.text) refers to time_ticks.o(.text) for _time_get_elapsed_ticks
    mqx_tasks.o(.text) refers to app_mma8451.o(.text) for putmma8451detect
    mqx_tasks.o(.text) refers to smc.o(.text) for enter_vlps
    mqx_tasks.o(.text) refers to mma845xq.o(.text) for ReadAccRegs
    mqx_tasks.o(.text) refers to pwmtimerrgb.o(.text) for PWMTimerRGB_Enable
    mqx_tasks.o(.text) refers to idiv.o(.text) for __aeabi_idivmod
    mqx_tasks.o(.text) refers to mqxlite.o(.constdata) for _mqx_date
    mqx_tasks.o(.text) refers to mqx_tasks.o(.data) for sysStatus
    mqx_tasks.o(.text) refers to app_shell.o(.bss) for shell_task_stack
    mqx_tasks.o(.text) refers to lptmr.o(.bss) for g_lptmr_int_sem
    mqx_tasks.o(.text) refers to dma1.o(.data) for Measured
    time_ticks.o(.text) refers to dispatch.o(KERNEL) for _sched_execute_scheduler_internal
    time_ticks.o(.text) refers to task.o(.text) for _task_set_error
    time_ticks.o(.text) refers to psp_tiad.o(.text) for _psp_add_ticks
    time_ticks.o(.text) refers to psp_tisu.o(.text) for _psp_subtract_ticks
    time_ticks.o(.text) refers to int.o(.text) for _int_disable
    time_ticks.o(.text) refers to psp_tinm.o(.text) for _psp_normalize_ticks
    time_ticks.o(.text) refers to mqxlite.o(.data) for _mqx_kernel_data
    time_ticks.o(.text) refers to mqxlite.o(.constdata) for _mqx_zero_tick_struct
    idletask.o(.text) refers to mqxlite.o(.data) for _mqx_kernel_data
    int.o(.text) refers to task.o(.text) for _task_set_error_td_internal
    int.o(.text) refers to mqxlite.o(.data) for _mqx_kernel_data
[...]
    printfa.o(i._fp_digits) refers to ddiv.o(.text) for __aeabi_ddiv
    printfa.o(i._fp_digits) refers to cdrcmple.o(.text) for __aeabi_cdrcmple
    printfa.o(i._fp_digits) refers to dadd.o(.text) for __aeabi_dadd
    printfa.o(i._fp_digits) refers to dfixul.o(.text) for __aeabi_d2ulz
    printfa.o(i._fp_digits) refers to uldiv.o(.text) for __aeabi_uldivmod
    printfa.o(i._printf_core) refers (Special) to iusefp.o(.text) for __I$use$fp
    printfa.o(i._printf_core) refers to printfa.o(i._printf_pre_padding) for _printf_pre_padding
    printfa.o(i._printf_core) refers to uldiv.o(.text) for __aeabi_uldivmod
    printfa.o(i._printf_core) refers to printfa.o(i._printf_post_padding) for _printf_post_padding
    printfa.o(i._printf_core) refers to printfa.o(i._fp_digits) for _fp_digits
    printfa.o(i._printf_core) refers to uidiv.o(.text) for __aeabi_uidivmod
    printfa.o(i._printf_post_padding) refers (Special) to iusefp.o(.text) for __I$use$fp
    printfa.o(i._printf_pre_padding) refers (Special) to iusefp.o(.text) for __I$use$fp
    printfa.o(i._snputc) refers (Special) to iusefp.o(.text) for __I$use$fp
    printfa.o(i._sputc) refers (Special) to iusefp.o(.text) for __I$use$fp
    dadd.o(.text) refers (Special) to iusefp.o(.text) for __I$use$fp
    dadd.o(.text) refers to llshl.o(.text) for __aeabi_llsl
    dadd.o(.text) refers to llsshr.o(.text) for __aeabi_lasr
    dadd.o(.text) refers to depilogue.o(.text) for _double_epilogue
    dmul.o(.text) refers (Special) to iusefp.o(.text) for __I$use$fp
    dmul.o(.text) refers to depilogue.o(.text) for _double_epilogue
    ddiv.o(.text) refers (Special) to iusefp.o(.text) for __I$use$fp
    ddiv.o(.text) refers to depilogue.o(.text) for _double_round
    dflti.o(.text) refers (Special) to iusefp.o(.text) for __I$use$fp
    dflti.o(.text) refers to depilogue.o(.text) for _double_epilogue
    dfltui.o(.text) refers (Special) to iusefp.o(.text) for __I$use$fp
    dfltui.o(.text) refers to depilogue.o(.text) for _double_epilogue
    cdcmple.o(.text) refers (Special) to iusefp.o(.text) for __I$use$fp
    cdrcmple.o(.text) refers (Special) to iusefp.o(.text) for __I$use$fp
    entry4.o(.ARM.Collect$$$$00000003) refers to entry4.o(.ARM.Collect$$$$00002714) for __lit__00000000
    entry4.o(__vectab_stack_and_reset_area) refers to entry.o(.ARM.Collect$$$$00000000) for __main
    entry5.o(.ARM.Collect$$$$00000004) refers to init.o(.text) for __scatterload
    entry9a.o(.ARM.Collect$$$$0000000B) refers to processorexpert.o(.text) for main
    entry9b.o(.ARM.Collect$$$$0000000C) refers to processorexpert.o(.text) for main
    fputc.o(i.fputc) refers (Special) to iusesemip.o(.text) for __I$use$semihosting$fputc
    fputc.o(i.fputc) refers (Special) to semi.o(.text) for __semihosting_library_function
    uldiv.o(.text) refers to llushr.o(.text) for __aeabi_llsr
    uldiv.o(.text) refers to llshl.o(.text) for __aeabi_llsl
    depilogue.o(.text) refers to depilogue.o(i.__ARM_clz) for __ARM_clz
    depilogue.o(.text) refers to llshl.o(.text) for __aeabi_llsl
    depilogue.o(.text) refers to llushr.o(.text) for __aeabi_llsr
    dfixul.o(.text) refers to llushr.o(.text) for __aeabi_llsr
    dfixul.o(.text) refers to llshl.o(.text) for __aeabi_llsl
    init.o(.text) refers to entry5.o(.ARM.Collect$$$$00000004) for __main_after_scatterload


==============================================================================

Removing Unused input sections from the image.

    Removing cpu.o(.emb_text), (28 bytes).
    Removing cpu.o(.data), (2 bytes).
    Removing pe_ldd.o(.text), (104 bytes).
    Removing pe_ldd.o(.constdata), (40 bytes).
    Removing startup_arm_cc.o(.text), (2 bytes).
    Removing lwtimer.o(.text), (696 bytes).
    Removing cortex.o(.text), (184 bytes).
    Removing int_gkis.o(.text), (36 bytes).
    Removing int_kisr.o(.text), (16 bytes).
    Removing psp_supp.o(.text), (44 bytes).
    Removing mkl_spi.o(.text), (408 bytes).
    Removing w25x32.o(.text), (812 bytes).
    Removing adc.o(.data), (8 bytes).

13 unused section(s) (total 2380 bytes) removed from the image.

==============================================================================

Image Symbol Table

    Local Symbols

    Symbol Name                              Value     Ov Type        Size  Object(Section)

    .vectortable                             0x00000000   Section      192  vectors.o(.vectortable)
    ../clib/microlib/division.c              0x00000000   Number         0  idiv.o ABSOLUTE
    ../clib/microlib/division.c              0x00000000   Number         0  uldiv.o ABSOLUTE
    ../clib/microlib/division.c              0x00000000   Number         0  uidiv.o ABSOLUTE
    ../clib/microlib/init/entry.s            0x00000000   Number         0  entry4.o ABSOLUTE
    ../clib/microlib/init/entry.s            0x00000000   Number         0  entry11a.o ABSOLUTE
    ../clib/microlib/init/entry.s            0x00000000   Number         0  entry8b.o ABSOLUTE
    ../clib/microlib/init/entry.s            0x00000000   Number         0  entry7b.o ABSOLUTE
    ../clib/microlib/init/entry.s            0x00000000   Number         0  entry7a.o ABSOLUTE
    ../clib/microlib/init/entry.s            0x00000000   Number         0  entry11b.o ABSOLUTE
    ../clib/microlib/init/entry.s            0x00000000   Number         0  entry5.o ABSOLUTE
    ../clib/microlib/init/entry.s            0x00000000   Number         0  entry8a.o ABSOLUTE
    ../clib/microlib/init/entry.s            0x00000000   Number         0  entry10b.o ABSOLUTE
    ../clib/microlib/init/entry.s            0x00000000   Number         0  entry10a.o ABSOLUTE
    ../clib/microlib/init/entry.s            0x00000000   Number         0  entry9b.o ABSOLUTE
    ../clib/microlib/init/entry.s            0x00000000   Number         0  entry9a.o ABSOLUTE
    ../clib/microlib/init/entry.s            0x00000000   Number         0  entry.o ABSOLUTE
    ../clib/microlib/longlong.c              0x00000000   Number         0  llshl.o ABSOLUTE
    ../clib/microlib/longlong.c              0x00000000   Number         0  llsshr.o ABSOLUTE
    ../clib/microlib/longlong.c              0x00000000   Number         0  llushr.o ABSOLUTE
    ../clib/microlib/printf/printf.c         0x00000000   Number         0  printf6.o ABSOLUTE
    ../clib/microlib/printf/printf.c         0x00000000   Number         0  printfa.o ABSOLUTE
    ../clib/microlib/printf/printf.c         0x00000000   Number         0  printf5.o ABSOLUTE
    ../clib/microlib/printf/printf.c         0x00000000   Number         0  printf4.o ABSOLUTE
    ../clib/microlib/printf/printf.c         0x00000000   Number         0  printf3.o ABSOLUTE
    ../clib/microlib/printf/printf.c         0x00000000   Number         0  printf2.o ABSOLUTE
    ../clib/microlib/printf/printf.c         0x00000000   Number         0  printf1.o ABSOLUTE
    ../clib/microlib/printf/printf.c         0x00000000   Number         0  printf0.o ABSOLUTE
    ../clib/microlib/printf/printf.c         0x00000000   Number         0  printfb.o ABSOLUTE
    ../clib/microlib/printf/printf.c         0x00000000   Number         0  printf8.o ABSOLUTE
    ../clib/microlib/printf/printf.c         0x00000000   Number         0  printf7.o ABSOLUTE
    ../clib/microlib/printf/stubs.s          0x00000000   Number         0  stubs.o ABSOLUTE
    ../clib/microlib/stdio/fputc.c           0x00000000   Number         0  fputc.o ABSOLUTE
    ../clib/microlib/stdio/semi.s            0x00000000   Number         0  semi.o ABSOLUTE
    ../clib/microlib/stdio/streams.c         0x00000000   Number         0  stdout.o ABSOLUTE
    ../clib/microlib/string/memcpy.c         0x00000000   Number         0  memcpyb.o ABSOLUTE
    ../clib/microlib/string/memcpy.c         0x00000000   Number         0  memcpya.o ABSOLUTE
    ../clib/microlib/string/strcmp.c         0x00000000   Number         0  strcmp.o ABSOLUTE
    ../clib/microlib/string/strcpy.c         0x00000000   Number         0  strcpy.o ABSOLUTE
    ../clib/microlib/string/strlen.c         0x00000000   Number         0  strlen.o ABSOLUTE
    ../clib/microlib/string/strncmp.c        0x00000000   Number         0  strncmp.o ABSOLUTE
    ../clib/microlib/string/strncpy.c        0x00000000   Number         0  strncpy.o ABSOLUTE
    ../clib/microlib/stubs.s                 0x00000000   Number         0  iusesemip.o ABSOLUTE
    ../clib/microlib/stubs.s                 0x00000000   Number         0  iusefp.o ABSOLUTE
    ../fplib/microlib/fpadd.c                0x00000000   Number         0  dadd.o ABSOLUTE
    ../fplib/microlib/fpdiv.c                0x00000000   Number         0  ddiv.o ABSOLUTE
    ../fplib/microlib/fpepilogue.c           0x00000000   Number         0  depilogue.o ABSOLUTE
    ../fplib/microlib/fpfix.c                0x00000000   Number         0  dfixul.o ABSOLUTE
    ../fplib/microlib/fpflt.c                0x00000000   Number         0  dflti.o ABSOLUTE
    ../fplib/microlib/fpflt.c                0x00000000   Number         0  dfltui.o ABSOLUTE
    ../fplib/microlib/fpmul.c                0x00000000   Number         0  dmul.o ABSOLUTE
    ./Generated_Code/Cpu.c                   0x00000000   Number         0  cpu.o ABSOLUTE
    ./Generated_Code/I2C.c                   0x00000000   Number         0  i2c.o ABSOLUTE
    ./Generated_Code/MQX1.c                  0x00000000   Number         0  mqx1.o ABSOLUTE
    ./Generated_Code/PE_LDD.c                0x00000000   Number         0  pe_ldd.o ABSOLUTE
    ./Generated_Code/SystemTimer1.c          0x00000000   Number         0  systemtimer1.o ABSOLUTE
    ./Generated_Code/Vectors.c               0x00000000   Number         0  vectors.o ABSOLUTE
    ./Generated_Code/task_template_list.c    0x00000000   Number         0  task_template_list.o ABSOLUTE
    ./Project_Settings/Startup_Code/startup_ARM_CC.c 0x00000000   Number         0  startup_arm_cc.o ABSOLUTE
    ./Sources/Events.c                       0x00000000   Number         0  events.o ABSOLUTE
    ./Sources/MMA845xQ.c                     0x00000000   Number         0  mma845xq.o ABSOLUTE
    ./Sources/ProcessorExpert.c              0x00000000   Number         0  processorexpert.o ABSOLUTE
    ./Sources/mqx_tasks.c                    0x00000000   Number         0  mqx_tasks.o ABSOLUTE
    .\Generated_Code\Cpu.c                   0x00000000   Number         0  cpu.o ABSOLUTE
    .\Project_Settings\Startup_Code\startup_ARM_CC.c 0x00000000   Number         0  startup_arm_cc.o ABSOLUTE
    APP\acos.c                               0x00000000   Number         0  acos.o ABSOLUTE
    APP\app_mma8451.c                        0x00000000   Number         0  app_mma8451.o ABSOLUTE
    APP\app_shell.c                          0x00000000   Number         0  app_shell.o ABSOLUTE
    APP\app_trace.c                          0x00000000   Number         0  app_trace.o ABSOLUTE
    Generated_Code\PWMTimerRGB.c             0x00000000   Number         0  pwmtimerrgb.o ABSOLUTE
    MQXLITE\\psp\\cortex_m\\compiler\\uv4\\boot.S 0x00000000   Number         0  boot.o ABSOLUTE
    MQXLITE\\psp\\cortex_m\\core\\M0\\dispatch.S 0x00000000   Number         0  dispatch.o ABSOLUTE
    MQXLITE\kernel\idletask.c                0x00000000   Number         0  idletask.o ABSOLUTE
    MQXLITE\kernel\int.c                     0x00000000   Number         0  int.o ABSOLUTE
    MQXLITE\kernel\klog.c                    0x00000000   Number         0  klog.o ABSOLUTE
    MQXLITE\kernel\lwevent.c                 0x00000000   Number         0  lwevent.o ABSOLUTE
    MQXLITE\kernel\lwlog.c                   0x00000000   Number         0  lwlog.o ABSOLUTE
    MQXLITE\kernel\lwmsgq.c                  0x00000000   Number         0  lwmsgq.o ABSOLUTE
    MQXLITE\kernel\lwsem.c                   0x00000000   Number         0  lwsem.o ABSOLUTE
    MQXLITE\kernel\lwtimer.c                 0x00000000   Number         0  lwtimer.o ABSOLUTE
    MQXLITE\kernel\mqx_utils.c               0x00000000   Number         0  mqx_utils.o ABSOLUTE
    MQXLITE\kernel\mqxlite.c                 0x00000000   Number         0  mqxlite.o ABSOLUTE
    MQXLITE\kernel\mutex.c                   0x00000000   Number         0  mutex.o ABSOLUTE
    MQXLITE\kernel\qu_test.c                 0x00000000   Number         0  qu_test.o ABSOLUTE
    MQXLITE\kernel\sched.c                   0x00000000   Number         0  sched.o ABSOLUTE
    MQXLITE\kernel\task.c                    0x00000000   Number         0  task.o ABSOLUTE
    MQXLITE\kernel\time_ticks.c              0x00000000   Number         0  time_ticks.o ABSOLUTE
    MQXLITE\psp\cortex_m\cortex.c            0x00000000   Number         0  cortex.o ABSOLUTE
    MQXLITE\psp\cortex_m\int_gkis.c          0x00000000   Number         0  int_gkis.o ABSOLUTE
    MQXLITE\psp\cortex_m\int_inst.c          0x00000000   Number         0  int_inst.o ABSOLUTE
    MQXLITE\psp\cortex_m\int_kisr.c          0x00000000   Number         0  int_kisr.o ABSOLUTE
    MQXLITE\psp\cortex_m\int_pvta.c          0x00000000   Number         0  int_pvta.o ABSOLUTE
    MQXLITE\psp\cortex_m\int_unx.c           0x00000000   Number         0  int_unx.o ABSOLUTE
    MQXLITE\psp\cortex_m\int_vtab.c          0x00000000   Number         0  int_vtab.o ABSOLUTE
    MQXLITE\psp\cortex_m\int_xcpt.c          0x00000000   Number         0  int_xcpt.o ABSOLUTE
    MQXLITE\psp\cortex_m\mem_zero.c          0x00000000   Number         0  mem_zero.o ABSOLUTE
    MQXLITE\psp\cortex_m\psp_iinit.c         0x00000000   Number         0  psp_iinit.o ABSOLUTE
    MQXLITE\psp\cortex_m\psp_supp.c          0x00000000   Number         0  psp_supp.o ABSOLUTE
    MQXLITE\psp\cortex_m\psp_tiad.c          0x00000000   Number         0  psp_tiad.o ABSOLUTE
    MQXLITE\psp\cortex_m\psp_tinm.c          0x00000000   Number         0  psp_tinm.o ABSOLUTE
    MQXLITE\psp\cortex_m\psp_tisu.c          0x00000000   Number         0  psp_tisu.o ABSOLUTE
    MQXLITE\psp\cortex_m\sc_irdyq.c          0x00000000   Number         0  sc_irdyq.o ABSOLUTE
    MQXLITE\psp\cortex_m\stack_bu.c          0x00000000   Number         0  stack_bu.o ABSOLUTE
    MQXLITE\psp\cortex_m\stack_de.c          0x00000000   Number         0  stack_de.o ABSOLUTE
    MQXLITE\psp\cortex_m\stack_st.c          0x00000000   Number         0  stack_st.o ABSOLUTE
    __tagsym$$used                           0x00000000   Number         0  vectors.o(.vectortable)
    cdcmple.s                                0x00000000   Number         0  cdcmple.o ABSOLUTE
    cdrcmple.s                               0x00000000   Number         0  cdrcmple.o ABSOLUTE
    common\drivers\W25Q32\w25x32.c           0x00000000   Number         0  w25x32.o ABSOLUTE
    common\drivers\adc\adc.c                 0x00000000   Number         0  adc.o ABSOLUTE
    common\drivers\dma\DMA1.c                0x00000000   Number         0  dma1.o ABSOLUTE
    common\drivers\lptmr\lptmr.c             0x00000000   Number         0  lptmr.o ABSOLUTE
    common\drivers\nvic.c                    0x00000000   Number         0  nvic.o ABSOLUTE
    common\drivers\smc\smc.c                 0x00000000   Number         0  smc.o ABSOLUTE
    common\drivers\spi\MKL_spi.c             0x00000000   Number         0  mkl_spi.o ABSOLUTE
    common\drivers\uart.c                    0x00000000   Number         0  uart.o ABSOLUTE
    common\shell\shell.c                     0x00000000   Number         0  shell.o ABSOLUTE
    dc.s                                     0x00000000   Number         0  dc.o ABSOLUTE
    handlers.s                               0x00000000   Number         0  handlers.o ABSOLUTE
    init.s                                   0x00000000   Number         0  init.o ABSOLUTE
    .cfmconfig                               0x00000400   Section       16  cpu.o(.cfmconfig)
    __tagsym$$used                           0x00000400   Number         0  cpu.o(.cfmconfig)
    . text                                   0x00000410   Section       36  boot.o(. text)
    .ARM.Collect$$$$00000000                 0x00000434   Section        0  entry.o(.ARM.Collect$$$$00000000)
    .ARM.Collect$$$$00000003                 0x00000434   Section        4  entry4.o(.ARM.Collect$$$$00000003)
    .ARM.Collect$$$$00000004                 0x00000438   Section        4  entry5.o(.ARM.Collect$$$$00000004)
    .ARM.Collect$$$$00000008                 0x0000043c   Section        0  entry7b.o(.ARM.Collect$$$$00000008)
    .ARM.Collect$$$$0000000A                 0x0000043c   Section        0  entry8b.o(.ARM.Collect$$$$0000000A)
    .ARM.Collect$$$$0000000B                 0x0000043c   Section        8  entry9a.o(.ARM.Collect$$$$0000000B)
    .ARM.Collect$$$$0000000D                 0x00000444   Section        0  entry10a.o(.ARM.Collect$$$$0000000D)
    .ARM.Collect$$$$0000000F                 0x00000444   Section        0  entry11a.o(.ARM.Collect$$$$0000000F)
    .ARM.Collect$$$$00002714                 0x00000444   Section        4  entry4.o(.ARM.Collect$$$$00002714)
    __lit__00000000                          0x00000444   Data           4  entry4.o(.ARM.Collect$$$$00002714)
    .emb_text                                0x00000448   Section       16  startup_arm_cc.o(.emb_text)
    .text                                    0x00000458   Section        0  cpu.o(.text)
    .text                                    0x00000638   Section        0  i2c.o(.text)
    .text                                    0x00000ba8   Section        0  mqx1.o(.text)
    .text                                    0x00000bd0   Section        0  systemtimer1.o(.text)
    .text                                    0x00000d00   Section        0  pwmtimerrgb.o(.text)
    .text                                    0x00000e64   Section        0  events.o(.text)
    .text                                    0x00000ea4   Section        0  mma845xq.o(.text)
    .text                                    0x00000f5a   Section        0  processorexpert.o(.text)
    .text                                    0x00000f68   Section        0  mqx_tasks.o(.text)
    show_version_information                 0x00000f69   Thumb Code   138  mqx_tasks.o(.text)
    .text                                    0x00001384   Section        0  time_ticks.o(.text)
    .text                                    0x000019bc   Section        0  idletask.o(.text)
    .text                                    0x000019cc   Section        0  int.o(.text)
    .text                                    0x00001ca8   Section        0  lwmsgq.o(.text)
    .text                                    0x0000206c   Section        0  lwsem.o(.text)
    .text                                    0x0000268c   Section        0  mqx_utils.o(.text)
    .text                                    0x000027dc   Section        0  mqxlite.o(.text)
    .text                                    0x00002990   Section        0  mutex.o(.text)
    .text                                    0x0000337c   Section        0  qu_test.o(.text)
    .text                                    0x000033e4   Section        0  sched.o(.text)
    .text                                    0x000035b0   Section        0  task.o(.text)
    _task_restart_func                       0x00003f79   Thumb Code   490  task.o(.text)
    .text                                    0x0000423c   Section        0  stack_st.o(.text)
    .text                                    0x00004244   Section        0  int_inst.o(.text)
    .text                                    0x00004258   Section        0  int_unx.o(.text)
    .text                                    0x000042b4   Section        0  int_vtab.o(.text)
    .text                                    0x000042dc   Section        0  int_xcpt.o(.text)
    .text                                    0x00004370   Section        0  mem_zero.o(.text)
    .text                                    0x00004466   Section        0  psp_iinit.o(.text)
    .text                                    0x00004484   Section        0  psp_tiad.o(.text)
    .text                                    0x000044d8   Section        0  psp_tinm.o(.text)
    .text                                    0x00004518   Section        0  psp_tisu.o(.text)
    .text                                    0x000045dc   Section        0  sc_irdyq.o(.text)
    .text                                    0x00004698   Section        0  stack_bu.o(.text)
    .text                                    0x000046f4   Section        0  stack_de.o(.text)
    .text                                    0x000046f8   Section        0  nvic.o(.text)
    .text                                    0x00004798   Section        0  uart.o(.text)
    .text                                    0x000049e0   Section        0  adc.o(.text)
    .text                                    0x00004b20   Section        0  dma1.o(.text)
    .text                                    0x00004c9c   Section        0  lptmr.o(.text)
    .text                                    0x00004eb4   Section        0  smc.o(.text)
    .text                                    0x00005220   Section        0  app_shell.o(.text)
    cmd_list                                 0x00005221   Thumb Code    54  app_shell.o(.text)
    get_task_stack_usage                     0x00005257   Thumb Code    72  app_shell.o(.text)
    show_mqxlite_task_information            0x0000529f   Thumb Code   114  app_shell.o(.text)
    get_mqxlite_status                       0x00005311   Thumb Code    54  app_shell.o(.text)
    exec_cmd                                 0x00005371   Thumb Code   116  app_shell.o(.text)
    .text                                    0x000057dc   Section        0  app_trace.o(.text)
    .text                                    0x00005964   Section        0  app_mma8451.o(.text)
    MMA8451_INT1_isr_service                 0x00005971   Thumb Code    30  app_mma8451.o(.text)
    mma8451_getdata                          0x00005c1f   Thumb Code   534  app_mma8451.o(.text)
    .text                                    0x00006280   Section        0  shell.o(.text)
    Shell_ModuleCmdClr                       0x00006281   Thumb Code    16  shell.o(.text)
    Shell_ModuleCmdNameGet                   0x000062d3   Thumb Code   116  shell.o(.text)
    Shell_CmdSearch                          0x00006347   Thumb Code   172  shell.o(.text)
    Shell_Scanner                            0x000063f3   Thumb Code   108  shell.o(.text)
    .text                                    0x0000665c   Section        0  uidiv.o(.text)
    .text                                    0x00006688   Section        0  idiv.o(.text)
    .text                                    0x000066b0   Section        0  memcpya.o(.text)
    .text                                    0x000066d4   Section        0  strncpy.o(.text)
    .text                                    0x000066ee   Section        0  strlen.o(.text)
    .text                                    0x000066fc   Section        0  strcmp.o(.text)
    .text                                    0x00006718   Section        0  strcpy.o(.text)
    .text                                    0x0000672a   Section        0  strncmp.o(.text)
    .text                                    0x00006748   Section        0  dadd.o(.text)
    .text                                    0x000068ac   Section        0  dmul.o(.text)
    .text                                    0x0000697c   Section        0  ddiv.o(.text)
    .text                                    0x00006a6c   Section        0  dflti.o(.text)
    .text                                    0x00006a94   Section        0  dfltui.o(.text)
    .text                                    0x00006ab0   Section       40  cdcmple.o(.text)
    .text                                    0x00006ad8   Section       40  cdrcmple.o(.text)
    .text                                    0x00006b00   Section        0  uldiv.o(.text)
    .text                                    0x00006b60   Section        0  llshl.o(.text)
    .text                                    0x00006b80   Section        0  llsshr.o(.text)
    .text                                    0x00006ba6   Section        0  depilogue.o(.text)
    .text                                    0x00006ba6   Section        0  iusefp.o(.text)
    .text                                    0x00006c68   Section        0  dfixul.o(.text)
    .text                                    0x00006ca8   Section       36  init.o(.text)
    .text                                    0x00006ccc   Section        0  llushr.o(.text)
    KERNEL                                   0x00006cf0   Section      568  dispatch.o(KERNEL)
    _int_kernel_isr_epilog                   0x00006e3d   Thumb Code     0  dispatch.o(KERNEL)
    i.__0snprintf$8                          0x00006f28   Section        0  printf8.o(i.__0snprintf$8)
    i.__0vsnprintf                           0x00006f54   Section        0  printfa.o(i.__0vsnprintf)
    i.__ARM_clz                              0x00006f78   Section        0  depilogue.o(i.__ARM_clz)
    i.__ARM_common_switch8                   0x00006fa6   Section        0  mem_zero.o(i.__ARM_common_switch8)
    i.__scatterload_copy                     0x00006fc2   Section       14  handlers.o(i.__scatterload_copy)
    i.__scatterload_null                     0x00006fd0   Section        2  handlers.o(i.__scatterload_null)
    i.__scatterload_zeroinit                 0x00006fd2   Section       14  handlers.o(i.__scatterload_zeroinit)
    i._fp_digits                             0x00006fe0   Section        0  printfa.o(i._fp_digits)
    _fp_digits                               0x00006fe1   Thumb Code   314  printfa.o(i._fp_digits)
    i._printf_core                           0x00007138   Section        0  printf8.o(i._printf_core)
    _printf_core                             0x00007139   Thumb Code  1072  printf8.o(i._printf_core)
    i._printf_core                           0x00007568   Section        0  printfa.o(i._printf_core)
    _printf_core                             0x00007569   Thumb Code  1766  printfa.o(i._printf_core)
    i._printf_post_padding                   0x00007c60   Section        0  printf8.o(i._printf_post_padding)
    _printf_post_padding                     0x00007c61   Thumb Code    32  printf8.o(i._printf_post_padding)
    i._printf_post_padding                   0x00007c80   Section        0  printfa.o(i._printf_post_padding)
    _printf_post_padding                     0x00007c81   Thumb Code    32  printfa.o(i._printf_post_padding)
    i._printf_pre_padding                    0x00007ca0   Section        0  printf8.o(i._printf_pre_padding)
    _printf_pre_padding                      0x00007ca1   Thumb Code    44  printf8.o(i._printf_pre_padding)
    i._printf_pre_padding                    0x00007ccc   Section        0  printfa.o(i._printf_pre_padding)
    _printf_pre_padding                      0x00007ccd   Thumb Code    44  printfa.o(i._printf_pre_padding)
    i._snputc                                0x00007cf8   Section        0  printf8.o(i._snputc)
    _snputc                                  0x00007cf9   Thumb Code    22  printf8.o(i._snputc)
    i._snputc                                0x00007d0e   Section        0  printfa.o(i._snputc)
    _snputc                                  0x00007d0f   Thumb Code    22  printfa.o(i._snputc)
    .constdata                               0x00007d24   Section       36  mqx1.o(.constdata)
    .constdata                               0x00007d48   Section      112  task_template_list.o(.constdata)
    .constdata                               0x00007db8   Section        6  pwmtimerrgb.o(.constdata)
    ChannelDevice                            0x00007db8   Data           3  pwmtimerrgb.o(.constdata)
    ChannelMode                              0x00007dbb   Data           3  pwmtimerrgb.o(.constdata)
    .constdata                               0x00007dc0   Section       52  mqxlite.o(.constdata)
    .constdata                               0x00007df4   Section        6  dma1.o(.constdata)
    .constdata                               0x00007dfc   Section       75  app_shell.o(.constdata)
    .constdata                               0x00007e48   Section      360  acos.o(.constdata)
    .conststring                             0x00007fb0   Section       24  task_template_list.o(.conststring)
    .conststring                             0x00007fc8   Section      226  mqxlite.o(.conststring)
    .conststring                             0x000080aa   Section       17  app_shell.o(.conststring)
    .data                                    0x1ffff000   Section       12  mqx1.o(.data)
    .data                                    0x1ffff00c   Section        8  pwmtimerrgb.o(.data)
    DeviceDataPrv__DEFAULT_RTOS_ALLOC        0x1ffff00c   Data           8  pwmtimerrgb.o(.data)
    .data                                    0x1ffff014   Section       16  mqx_tasks.o(.data)
    .data                                    0x1ffff024   Section        8  mqxlite.o(.data)
    .data                                    0x1ffff02c   Section        4  task.o(.data)
    .data                                    0x1ffff030   Section        6  dma1.o(.data)
    .data                                    0x1ffff036   Section        3  lptmr.o(.data)
    .data                                    0x1ffff03c   Section       24  app_shell.o(.data)
    App_ShellAppCmdTbl                       0x1ffff03c   Data          24  app_shell.o(.data)
    .data                                    0x1ffff054   Section       13  app_mma8451.o(.data)
    g_I2C_DeviceData                         0x1ffff054   Data           4  app_mma8451.o(.data)
    buffer_count                             0x1ffff05c   Data           2  app_mma8451.o(.data)
    step                                     0x1ffff05e   Data           1  app_mma8451.o(.data)
    g_DataState                              0x1ffff05f   Data           2  app_mma8451.o(.data)
    .data                                    0x1ffff064   Section        8  shell.o(.data)
    .bss                                     0x1ffff06c   Section       32  i2c.o(.bss)
    DeviceDataPrv__DEFAULT_RTOS_ALLOC        0x1ffff06c   Data          32  i2c.o(.bss)
    .bss                                     0x1ffff08c   Section     4160  mqx1.o(.bss)
    .bss                                     0x200000cc   Section       24  pe_ldd.o(.bss)
    .bss                                     0x200000e4   Section       12  systemtimer1.o(.bss)
    DeviceDataPrv__DEFAULT_RTOS_ALLOC        0x200000e4   Data          12  systemtimer1.o(.bss)
    .bss                                     0x200000f0   Section       16  mutex.o(.bss)
    .bss                                     0x20000100   Section       28  lptmr.o(.bss)
    .bss                                     0x2000011c   Section     1216  app_shell.o(.bss)
    g_uart2_rx_queue                         0x2000049c   Data         320  app_shell.o(.bss)
    .bss                                     0x200005dc   Section      240  app_trace.o(.bss)
    isr_output_msg                           0x200005dc   Data          64  app_trace.o(.bss)
    output_msg                               0x2000061c   Data         128  app_trace.o(.bss)
    g_trace_mutex                            0x2000069c   Data          48  app_trace.o(.bss)
    .bss                                     0x200006d0   Section     1560  app_mma8451.o(.bss)
    g_mma8451_int_sem                        0x20000a50   Data          28  app_mma8451.o(.bss)
    Angle_1s                                 0x20000a6c   Data         600  app_mma8451.o(.bss)
    s_first                                  0x20000cc8   Data          16  app_mma8451.o(.bss)
    s_last                                   0x20000cd8   Data          16  app_mma8451.o(.bss)
    .bss                                     0x20000ce8   Section      120  shell.o(.bss)

    Global Symbols

    Symbol Name                              Value     Ov Type        Size  Object(Section)

    BuildAttributes$$THM_ISAv3M$S$PE$A:L22$X:L11$S22$IEEE1$IW$USESV6$~STKCKD$USESV7$~SHL$OSPACE$ROPI$EBA8$MICROLIB$REQ8$PRES8$EABIv2 0x00000000   Number         0  anon$$obj.o ABSOLUTE
    __ARM_use_no_argv                        0x00000000   Number         0  processorexpert.o ABSOLUTE
    __vect_table                             0x00000000   Data         192  vectors.o(.vectortable)
    _printf_a                                0x00000000   Number         0  stubs.o ABSOLUTE
    _printf_c                                0x00000000   Number         0  stubs.o ABSOLUTE
    _printf_charcount                        0x00000000   Number         0  stubs.o ABSOLUTE
    _printf_d                                0x00000000   Number         0  stubs.o ABSOLUTE
    _printf_e                                0x00000000   Number         0  stubs.o ABSOLUTE
    _printf_f                                0x00000000   Number         0  stubs.o ABSOLUTE
    _printf_flags                            0x00000000   Number         0  stubs.o ABSOLUTE
    _printf_fp_dec                           0x00000000   Number         0  stubs.o ABSOLUTE
    _printf_fp_hex                           0x00000000   Number         0  stubs.o ABSOLUTE
    _printf_g                                0x00000000   Number         0  stubs.o ABSOLUTE
    _printf_i                                0x00000000   Number         0  stubs.o ABSOLUTE
    _printf_int_dec                          0x00000000   Number         0  stubs.o ABSOLUTE
    _printf_l                                0x00000000   Number         0  stubs.o ABSOLUTE
    _printf_lc                               0x00000000   Number         0  stubs.o ABSOLUTE
    _printf_ll                               0x00000000   Number         0  stubs.o ABSOLUTE
    _printf_lld                              0x00000000   Number         0  stubs.o ABSOLUTE
    _printf_lli                              0x00000000   Number         0  stubs.o ABSOLUTE
    _printf_llo                              0x00000000   Number         0  stubs.o ABSOLUTE
    _printf_llu                              0x00000000   Number         0  stubs.o ABSOLUTE
    _printf_llx                              0x00000000   Number         0  stubs.o ABSOLUTE
    _printf_longlong_dec                     0x00000000   Number         0  stubs.o ABSOLUTE
    _printf_longlong_hex                     0x00000000   Number         0  stubs.o ABSOLUTE
    _printf_longlong_oct                     0x00000000   Number         0  stubs.o ABSOLUTE
    _printf_ls                               0x00000000   Number         0  stubs.o ABSOLUTE
    _printf_mbtowc                           0x00000000   Number         0  stubs.o ABSOLUTE
    _printf_n                                0x00000000   Number         0  stubs.o ABSOLUTE
    _printf_o                                0x00000000   Number         0  stubs.o ABSOLUTE
    _printf_p                                0x00000000   Number         0  stubs.o ABSOLUTE
    _printf_percent                          0x00000000   Number         0  stubs.o ABSOLUTE
    _printf_pre_padding                      0x00000000   Number         0  stubs.o ABSOLUTE
    _printf_return_value                     0x00000000   Number         0  stubs.o ABSOLUTE
    _printf_s                                0x00000000   Number         0  stubs.o ABSOLUTE
    _printf_sizespec                         0x00000000   Number         0  stubs.o ABSOLUTE
    _printf_str                              0x00000000   Number         0  stubs.o ABSOLUTE
    _printf_truncate_signed                  0x00000000   Number         0  stubs.o ABSOLUTE
    _printf_truncate_unsigned                0x00000000   Number         0  stubs.o ABSOLUTE
    _printf_u                                0x00000000   Number         0  stubs.o ABSOLUTE
    _printf_wc                               0x00000000   Number         0  stubs.o ABSOLUTE
    _printf_wctomb                           0x00000000   Number         0  stubs.o ABSOLUTE
    _printf_widthprec                        0x00000000   Number         0  stubs.o ABSOLUTE
    _printf_x                                0x00000000   Number         0  stubs.o ABSOLUTE
    __cpp_initialize__aeabi_                  - Undefined Weak Reference
    __cxa_finalize                            - Undefined Weak Reference
    __decompress                              - Undefined Weak Reference
    _clock_init                               - Undefined Weak Reference
    _microlib_exit                            - Undefined Weak Reference
    _cfm                                     0x00000400   Data          16  cpu.o(.cfmconfig)
    __boot                                   0x00000411   Thumb Code     0  boot.o(. text)
    __set_MSP                                0x0000042d   Thumb Code     0  boot.o(. text)
    __main                                   0x00000435   Thumb Code     0  entry.o(.ARM.Collect$$$$00000000)
    _main_stk                                0x00000435   Thumb Code     0  entry4.o(.ARM.Collect$$$$00000003)
    _main_scatterload                        0x00000439   Thumb Code     0  entry5.o(.ARM.Collect$$$$00000004)
    __main_after_scatterload                 0x0000043d   Thumb Code     0  entry5.o(.ARM.Collect$$$$00000004)
    _main_clock                              0x0000043d   Thumb Code     0  entry7b.o(.ARM.Collect$$$$00000008)
    _main_cpp_init                           0x0000043d   Thumb Code     0  entry8b.o(.ARM.Collect$$$$0000000A)
    _main_init                               0x0000043d   Thumb Code     0  entry9a.o(.ARM.Collect$$$$0000000B)
    __rt_final_cpp                           0x00000445   Thumb Code     0  entry10a.o(.ARM.Collect$$$$0000000D)
    __rt_final_exit                          0x00000445   Thumb Code     0  entry11a.o(.ARM.Collect$$$$0000000F)
    __thumb_startup                          0x00000449   Thumb Code     8  startup_arm_cc.o(.emb_text)
    Cpu_INT_NMIInterrupt                     0x00000459   Thumb Code     8  cpu.o(.text)
    Cpu_Interrupt                            0x00000461   Thumb Code     2  cpu.o(.text)
    __init_hardware                          0x00000463   Thumb Code   252  cpu.o(.text)
    PE_low_level_init                        0x0000055f   Thumb Code   162  cpu.o(.text)
    I2C_Interrupt                            0x00000639   Thumb Code   450  i2c.o(.text)
    I2C_Init                                 0x000007fb   Thumb Code   200  i2c.o(.text)
    I2C_Deinit                               0x000008c3   Thumb Code    40  i2c.o(.text)
    I2C_MasterSendBlock                      0x000008eb   Thumb Code   228  i2c.o(.text)
    I2C_MasterReceiveBlock                   0x000009cf   Thumb Code   262  i2c.o(.text)
    I2C_SelectSlaveDevice                    0x00000ad5   Thumb Code   146  i2c.o(.text)
    I2C_GetError                             0x00000b67   Thumb Code    28  i2c.o(.text)
    I2C_CheckBus                             0x00000b83   Thumb Code    30  i2c.o(.text)
    SystemTimer1_OnCounterRestart            0x00000ba9   Thumb Code    10  mqx1.o(.text)
    SystemTimer1_GetTicsPerSecond            0x00000bb3   Thumb Code    30  mqx1.o(.text)
    SystemTimer1_Interrupt                   0x00000bd1   Thumb Code    28  systemtimer1.o(.text)
    SystemTimer1_Init                        0x00000bed   Thumb Code    76  systemtimer1.o(.text)
    SystemTimer1_Deinit                      0x00000c39   Thumb Code    36  systemtimer1.o(.text)
    SystemTimer1_Enable                      0x00000c5d   Thumb Code    20  systemtimer1.o(.text)
    SystemTimer1_GetInputFrequency           0x00000c71   Thumb Code     6  systemtimer1.o(.text)
    SystemTimer1_SetPeriodTicks              0x00000c77   Thumb Code    24  systemtimer1.o(.text)
    SystemTimer1_GetPeriodTicks              0x00000c8f   Thumb Code    24  systemtimer1.o(.text)
    SystemTimer1_ResetCounter                0x00000ca7   Thumb Code    50  systemtimer1.o(.text)
    SystemTimer1_GetCounterValue             0x00000cd9   Thumb Code     8  systemtimer1.o(.text)
    PWMTimerRGB_Init                         0x00000d01   Thumb Code   140  pwmtimerrgb.o(.text)
    PWMTimerRGB_Deinit                       0x00000d8d   Thumb Code    22  pwmtimerrgb.o(.text)
    PWMTimerRGB_Enable                       0x00000da3   Thumb Code    24  pwmtimerrgb.o(.text)
    PWMTimerRGB_Disable                      0x00000dbb   Thumb Code    18  pwmtimerrgb.o(.text)
    PWMTimerRGB_GetCounterValue              0x00000dcd   Thumb Code     8  pwmtimerrgb.o(.text)
    PWMTimerRGB_SetOffsetTicks               0x00000dd5   Thumb Code    54  pwmtimerrgb.o(.text)
    PWMTimerRGB_GetOffsetTicks               0x00000e0b   Thumb Code    44  pwmtimerrgb.o(.text)
    BlinkRateCounter_OnCounterRestart        0x00000e65   Thumb Code    34  events.o(.text)
    I2C_OnMasterBlockSent                    0x00000e87   Thumb Code     8  events.o(.text)
    I2C_OnMasterBlockReceived                0x00000e8f   Thumb Code     8  events.o(.text)
    Cpu_OnNMIINT                             0x00000e97   Thumb Code     2  events.o(.text)
    I2C_OnError                              0x00000e99   Thumb Code     2  events.o(.text)
    ReadAccRegs                              0x00000ea5   Thumb Code   100  mma845xq.o(.text)
    WriteAccRegs                             0x00000f09   Thumb Code    82  mma845xq.o(.text)
    main                                     0x00000f5b   Thumb Code    12  processorexpert.o(.text)
    GetTemperature                           0x00000ff3   Thumb Code     4  mqx_tasks.o(.text)
    GetLightON                               0x00000ff7   Thumb Code     4  mqx_tasks.o(.text)
    GetTouchON                               0x00000ffb   Thumb Code     4  mqx_tasks.o(.text)
    GetSysStatus                             0x00000fff   Thumb Code     6  mqx_tasks.o(.text)
    SetSysStatus                             0x00001005   Thumb Code     6  mqx_tasks.o(.text)
    Init_Task                                0x0000100b   Thumb Code   236  mqx_tasks.o(.text)
    ColorTask                                0x000010f7   Thumb Code   200  mqx_tasks.o(.text)
    _time_delay_internal                     0x00001385   Thumb Code   156  time_ticks.o(.text)
    _time_delay_for                          0x00001421   Thumb Code   100  time_ticks.o(.text)
    _time_delay_ticks                        0x00001485   Thumb Code    96  time_ticks.o(.text)
    _time_delay_until                        0x000014e5   Thumb Code    94  time_ticks.o(.text)
    _time_diff_ticks                         0x00001543   Thumb Code    38  time_ticks.o(.text)
    _time_diff_ticks_int32                   0x00001569   Thumb Code    40  time_ticks.o(.text)
    _time_dequeue                            0x00001591   Thumb Code    86  time_ticks.o(.text)
    _time_dequeue_td                         0x000015e7   Thumb Code    72  time_ticks.o(.text)
    _time_get_elapsed_ticks                  0x0000162f   Thumb Code   116  time_ticks.o(.text)
    _time_get_elapsed_ticks_fast             0x000016a3   Thumb Code    64  time_ticks.o(.text)
    _time_get_hwticks                        0x000016e3   Thumb Code    34  time_ticks.o(.text)
    _time_get_ticks                          0x00001705   Thumb Code   140  time_ticks.o(.text)
    _time_get_hwticks_per_tick               0x00001791   Thumb Code    12  time_ticks.o(.text)
    _time_init_ticks                         0x0000179d   Thumb Code    50  time_ticks.o(.text)
    _time_notify_kernel                      0x000017cf   Thumb Code   354  time_ticks.o(.text)
    _time_set_ticks                          0x00001931   Thumb Code    78  time_ticks.o(.text)
    _time_set_timer_vector                   0x0000197f   Thumb Code    12  time_ticks.o(.text)
    _time_set_hwtick_function                0x0000198b   Thumb Code    16  time_ticks.o(.text)
    _time_set_hwticks_per_tick               0x0000199b   Thumb Code    12  time_ticks.o(.text)
    _time_get_ticks_per_sec                  0x000019a7   Thumb Code    12  time_ticks.o(.text)
    _mqx_idle_task                           0x000019bd   Thumb Code    12  idletask.o(.text)
    _int_enable                              0x000019cd   Thumb Code    38  int.o(.text)
    _int_disable                             0x000019f3   Thumb Code    26  int.o(.text)
    _int_default_isr                         0x00001a0d   Thumb Code    50  int.o(.text)
    _int_get_default_isr                     0x00001a3f   Thumb Code     8  int.o(.text)
    _int_get_exception_handler               0x00001a47   Thumb Code    62  int.o(.text)
    _int_get_isr                             0x00001a85   Thumb Code    60  int.o(.text)
    _int_get_isr_data                        0x00001ac1   Thumb Code    62  int.o(.text)
    _int_get_isr_depth                       0x00001aff   Thumb Code     8  int.o(.text)
    _int_install_default_isr                 0x00001b07   Thumb Code    46  int.o(.text)
    _int_install_exception_isr               0x00001b35   Thumb Code    22  int.o(.text)
    _int_install_isr                         0x00001b4b   Thumb Code    86  int.o(.text)
    _int_install_unexpected_isr              0x00001ba1   Thumb Code    22  int.o(.text)
    _int_set_exception_handler               0x00001bb7   Thumb Code    78  int.o(.text)
    _int_set_isr_data                        0x00001c05   Thumb Code    76  int.o(.text)
    _int_init                                0x00001c51   Thumb Code    64  int.o(.text)
    _lwmsgq_init_internal                    0x00001ca9   Thumb Code   212  lwmsgq.o(.text)
    _lwmsgq_init                             0x00001d7d   Thumb Code    22  lwmsgq.o(.text)
    _lwmsgq_receive                          0x00001d93   Thumb Code   364  lwmsgq.o(.text)
    _lwmsgq_send                             0x00001eff   Thumb Code   348  lwmsgq.o(.text)
    _lwsem_create_internal                   0x0000206d   Thumb Code   116  lwsem.o(.text)
    _lwsem_create                            0x000020e1   Thumb Code    20  lwsem.o(.text)
    _lwsem_create_hidden                     0x000020f5   Thumb Code    20  lwsem.o(.text)
    _lwsem_destroy_internal                  0x00002109   Thumb Code   202  lwsem.o(.text)
    _lwsem_destroy                           0x000021d3   Thumb Code    14  lwsem.o(.text)
    _lwsem_poll                              0x000021e1   Thumb Code    94  lwsem.o(.text)
    _lwsem_post                              0x0000223f   Thumb Code   210  lwsem.o(.text)
    _lwsem_test                              0x00002311   Thumb Code   124  lwsem.o(.text)
    _lwsem_wait                              0x0000238d   Thumb Code   166  lwsem.o(.text)
    _lwsem_wait_timed_internal               0x00002433   Thumb Code    84  lwsem.o(.text)
    _lwsem_wait_for                          0x00002487   Thumb Code   148  lwsem.o(.text)
    _lwsem_wait_ticks                        0x0000251b   Thumb Code   210  lwsem.o(.text)
    _lwsem_wait_until                        0x000025ed   Thumb Code   146  lwsem.o(.text)
    _mqx_get_kernel_data                     0x0000268d   Thumb Code     6  mqx_utils.o(.text)
    _mqx_fatal_error                         0x00002693   Thumb Code    12  mqx_utils.o(.text)
    _mqx_get_cpu_type                        0x0000269f   Thumb Code     8  mqx_utils.o(.text)
    _mqx_set_cpu_type                        0x000026a7   Thumb Code     8  mqx_utils.o(.text)
    _mqx_get_initialization                  0x000026af   Thumb Code    12  mqx_utils.o(.text)
    _mqx_get_exit_handler                    0x000026bb   Thumb Code     4  mqx_utils.o(.text)
    _mqx_set_exit_handler                    0x000026bf   Thumb Code     2  mqx_utils.o(.text)
    _mqx_get_system_task_id                  0x000026c1   Thumb Code     8  mqx_utils.o(.text)
    _mqx_init_kernel_data_internal           0x000026c9   Thumb Code   240  mqx_utils.o(.text)
    _mqxlite_init                            0x000027dd   Thumb Code   248  mqxlite.o(.text)
    _mqx_exit                                0x000028d5   Thumb Code    10  mqxlite.o(.text)
    _mqxlite                                 0x000028df   Thumb Code   136  mqxlite.o(.text)
    _mutatr_init                             0x00002991   Thumb Code    34  mutex.o(.text)
    _mutex_unlock                            0x000029b3   Thumb Code   264  mutex.o(.text)
    _mutex_cleanup                           0x00002abb   Thumb Code    78  mutex.o(.text)
    _mutex_create_component                  0x00002b09   Thumb Code    80  mutex.o(.text)
    _mutatr_destroy                          0x00002b59   Thumb Code    34  mutex.o(.text)
    _mutex_lock                              0x00002b7b   Thumb Code   738  mutex.o(.text)
    _mutex_destroy                           0x00002e5d   Thumb Code   208  mutex.o(.text)
    _mutatr_get_wait_protocol                0x00002f2d   Thumb Code    38  mutex.o(.text)
    _mutatr_get_priority_ceiling             0x00002f53   Thumb Code    38  mutex.o(.text)
    _mutatr_get_sched_protocol               0x00002f79   Thumb Code    38  mutex.o(.text)
    _mutatr_get_spin_limit                   0x00002f9f   Thumb Code    38  mutex.o(.text)
    _mutex_init                              0x00002fc5   Thumb Code   190  mutex.o(.text)
    _mutatr_set_wait_protocol                0x00003083   Thumb Code    54  mutex.o(.text)
    _mutatr_set_priority_ceiling             0x000030b9   Thumb Code    52  mutex.o(.text)
    _mutatr_set_sched_protocol               0x000030ed   Thumb Code    54  mutex.o(.text)
    _mutatr_set_spin_limit                   0x00003123   Thumb Code    32  mutex.o(.text)
    _mutex_test                              0x00003143   Thumb Code   132  mutex.o(.text)
    _mutex_try_lock                          0x000031c7   Thumb Code   266  mutex.o(.text)
    _mutex_set_priority_ceiling              0x000032d1   Thumb Code    80  mutex.o(.text)
    _mutex_get_priority_ceiling              0x00003321   Thumb Code    38  mutex.o(.text)
    _mutex_get_wait_count                    0x00003347   Thumb Code    46  mutex.o(.text)
    _queue_test                              0x0000337d   Thumb Code   102  qu_test.o(.text)
    _sched_get_max_priority                  0x000033e5   Thumb Code     6  sched.o(.text)
    _sched_get_min_priority                  0x000033eb   Thumb Code    12  sched.o(.text)
    _sched_yield                             0x000033f7   Thumb Code   110  sched.o(.text)
    _sched_set_priority_internal             0x00003465   Thumb Code   128  sched.o(.text)
    _sched_boost_priority_internal           0x000034e5   Thumb Code    40  sched.o(.text)
    _sched_unboost_priority_internal         0x0000350d   Thumb Code    64  sched.o(.text)
    _sched_insert_priorityq_internal         0x0000354d   Thumb Code    56  sched.o(.text)
    _sched_get_max_priority_on_q_internal    0x00003585   Thumb Code    38  sched.o(.text)
    _task_ready_internal                     0x000035b1   Thumb Code    34  task.o(.text)
    _task_set_error                          0x000035d3   Thumb Code    48  task.o(.text)
    _task_ready                              0x00003603   Thumb Code   116  task.o(.text)
    _task_get_td                             0x00003677   Thumb Code   126  task.o(.text)
    _task_destroy_internal                   0x000036f5   Thumb Code   404  task.o(.text)
    _task_destroy                            0x00003889   Thumb Code    14  task.o(.text)
    _task_exit_function_internal             0x00003897   Thumb Code    26  task.o(.text)
    _task_abort_internal                     0x000038b1   Thumb Code   252  task.o(.text)
    _task_abort                              0x000039ad   Thumb Code    14  task.o(.text)
    _task_fill_stack_internal                0x000039bb   Thumb Code    18  task.o(.text)
    _task_alloc_td_internal                  0x000039cd   Thumb Code   190  task.o(.text)
    _task_init_internal                      0x00003a8b   Thumb Code   300  task.o(.text)
    _task_build_internal                     0x00003bb7   Thumb Code   124  task.o(.text)
    _task_create_at                          0x00003c33   Thumb Code   148  task.o(.text)
    _task_get_exception_handler              0x00003cc7   Thumb Code    32  task.o(.text)
    _task_set_exception_handler              0x00003ce7   Thumb Code    36  task.o(.text)
    _task_get_exit_handler                   0x00003d0b   Thumb Code    32  task.o(.text)
    _task_set_exit_handler                   0x00003d2b   Thumb Code    36  task.o(.text)
    _task_get_id_from_name                   0x00003d4f   Thumb Code   102  task.o(.text)
    _task_get_template_ptr                   0x00003db5   Thumb Code    24  task.o(.text)
    _task_get_template_index                 0x00003dcd   Thumb Code    68  task.o(.text)
    _task_get_id_from_td                     0x00003e11   Thumb Code    12  task.o(.text)
    _task_get_index_from_id                  0x00003e1d   Thumb Code    24  task.o(.text)
    _task_get_parameter_internal             0x00003e35   Thumb Code    16  task.o(.text)
    _task_get_parameter                      0x00003e45   Thumb Code    14  task.o(.text)
    _task_get_parameter_for                  0x00003e53   Thumb Code    20  task.o(.text)
    _task_set_parameter_internal             0x00003e67   Thumb Code    22  task.o(.text)
    _task_set_parameter                      0x00003e7d   Thumb Code    22  task.o(.text)
    _task_set_parameter_for                  0x00003e93   Thumb Code    38  task.o(.text)
    _task_get_priority                       0x00003eb9   Thumb Code    32  task.o(.text)
    _task_set_priority                       0x00003ed9   Thumb Code   160  task.o(.text)
    _task_restart                            0x00004163   Thumb Code    30  task.o(.text)
    _task_stop_preemption                    0x00004181   Thumb Code    28  task.o(.text)
    _task_start_preemption                   0x0000419d   Thumb Code    40  task.o(.text)
    _task_check_stack                        0x000041c5   Thumb Code    28  task.o(.text)
    _task_get_creator                        0x000041e1   Thumb Code    10  task.o(.text)
    _task_get_error                          0x000041eb   Thumb Code    22  task.o(.text)
    _task_get_error_ptr                      0x00004201   Thumb Code    22  task.o(.text)
    _task_get_id                             0x00004217   Thumb Code    10  task.o(.text)
    _task_exiting_function_internal          0x00004221   Thumb Code     2  task.o(.text)
    _task_sync_priority_internal             0x00004223   Thumb Code     4  task.o(.text)
    _task_set_error_td_internal              0x00004227   Thumb Code    16  task.o(.text)
    _psp_get_stack_start                     0x0000423d   Thumb Code     8  stack_st.o(.text)
    _psp_int_install                         0x00004245   Thumb Code    14  int_inst.o(.text)
    _int_unexpected_isr                      0x00004259   Thumb Code    86  int_unx.o(.text)
    _int_set_vector_table                    0x000042b5   Thumb Code    24  int_vtab.o(.text)
    _int_get_vector_table                    0x000042cd   Thumb Code    14  int_vtab.o(.text)
    _int_exception_isr                       0x000042dd   Thumb Code   144  int_xcpt.o(.text)
    _mem_zero                                0x00004371   Thumb Code   246  mem_zero.o(.text)
    _psp_int_init                            0x00004467   Thumb Code    28  psp_iinit.o(.text)
    _psp_add_ticks                           0x00004485   Thumb Code    78  psp_tiad.o(.text)
    _psp_normalize_ticks                     0x000044d9   Thumb Code    58  psp_tinm.o(.text)
    _psp_subtract_ticks                      0x00004519   Thumb Code    64  psp_tisu.o(.text)
    _psp_subtract_ticks_int32                0x00004559   Thumb Code   122  psp_tisu.o(.text)
    _psp_set_kernel_disable_level            0x000045dd   Thumb Code    92  sc_irdyq.o(.text)
    _psp_init_readyqs                        0x00004639   Thumb Code    84  sc_irdyq.o(.text)
    _psp_build_stack_frame                   0x00004699   Thumb Code    86  stack_bu.o(.text)
    _psp_destroy_stack_frame                 0x000046f5   Thumb Code     2  stack_de.o(.text)
    enable_irq                               0x000046f9   Thumb Code    64  nvic.o(.text)
    disable_irq                              0x00004739   Thumb Code    34  nvic.o(.text)
    set_irq_priority                         0x0000475b   Thumb Code    54  nvic.o(.text)
    uart_init                                0x00004799   Thumb Code   116  uart.o(.text)
    init_uart2                               0x0000480d   Thumb Code   114  uart.o(.text)
    uart_send_data                           0x0000487f   Thumb Code    14  uart.o(.text)
    uart_send_string                         0x0000488d   Thumb Code    28  uart.o(.text)
    uart0_send_data                          0x000048a9   Thumb Code    18  uart.o(.text)
    uart0_send_string                        0x000048bb   Thumb Code    24  uart.o(.text)
    init_uart0                               0x000048d3   Thumb Code   232  uart.o(.text)
    ADC_Init                                 0x000049e1   Thumb Code    54  adc.o(.text)
    Calibrate_ADC                            0x00004a17   Thumb Code   204  adc.o(.text)
    ADC_Start                                0x00004ae3   Thumb Code    10  adc.o(.text)
    ADC_Stop                                 0x00004aed   Thumb Code     8  adc.o(.text)
    ADC_Trigger                              0x00004af5   Thumb Code    36  adc.o(.text)
    adc0_isr                                 0x00004b21   Thumb Code    26  dma1.o(.text)
    dma_setup                                0x00004b3b   Thumb Code    38  dma1.o(.text)
    DMA1_Init                                0x00004b61   Thumb Code   212  dma1.o(.text)
    lptmr_isr                                0x00004c9d   Thumb Code    76  lptmr.o(.text)
    Lptmr_Init                               0x00004ce9   Thumb Code   226  lptmr.o(.text)
    Lptmr_Start                              0x00004dcb   Thumb Code    14  lptmr.o(.text)
    sleep                                    0x00004eb5   Thumb Code    16  smc.o(.text)
    deepsleep                                0x00004ec5   Thumb Code    16  smc.o(.text)
    enter_wait                               0x00004ed5   Thumb Code    16  smc.o(.text)
    enter_stop                               0x00004ee5   Thumb Code    62  smc.o(.text)
    enter_vlpr                               0x00004f23   Thumb Code   106  smc.o(.text)
    exit_vlpr                                0x00004f8d   Thumb Code    64  smc.o(.text)
    enter_vlps                               0x00004fcd   Thumb Code    70  smc.o(.text)
    enter_lls                                0x00005013   Thumb Code    58  smc.o(.text)
    enter_vlls3                              0x0000504d   Thumb Code    62  smc.o(.text)
    enter_vlls2                              0x0000508b   Thumb Code    62  smc.o(.text)
    enter_vlls1                              0x000050c9   Thumb Code    62  smc.o(.text)
    enter_vlls0                              0x00005107   Thumb Code   136  smc.o(.text)
    enter_vlls0_nopor                        0x0000518f   Thumb Code   124  smc.o(.text)
    app_cmd_tbl_add                          0x00005347   Thumb Code    42  app_shell.o(.text)
    shell_task                               0x000053e5   Thumb Code   258  app_shell.o(.text)
    uart0_irq_handler                        0x000054e7   Thumb Code    50  app_shell.o(.text)
    traceInfo_output                         0x000057dd   Thumb Code    38  app_trace.o(.text)
    assert_failed                            0x00005803   Thumb Code    18  app_trace.o(.text)
    app_traceInfo_output                     0x00005815   Thumb Code    82  app_trace.o(.text)
    DumpData                                 0x00005867   Thumb Code   154  app_trace.o(.text)
    trace_init                               0x00005901   Thumb Code    34  app_trace.o(.text)
    GetAccStatus                             0x00005965   Thumb Code     6  app_mma8451.o(.text)
    SetAccStatus                             0x0000596b   Thumb Code     6  app_mma8451.o(.text)
    init_PTA14_interrupt                     0x0000598f   Thumb Code    66  app_mma8451.o(.text)
    angle_calculation                        0x000059d1   Thumb Code    90  app_mma8451.o(.text)
    Get_mean                                 0x00005a2b   Thumb Code    74  app_mma8451.o(.text)
    Get_var                                  0x00005a75   Thumb Code   126  app_mma8451.o(.text)
    FindFirstPeak                            0x00005af3   Thumb Code   148  app_mma8451.o(.text)
    FindLastPeak                             0x00005b87   Thumb Code   152  app_mma8451.o(.text)
    putmma8451standby                        0x00005e35   Thumb Code    90  app_mma8451.o(.text)
    putmma8451running                        0x00005e8f   Thumb Code    90  app_mma8451.o(.text)
    putmma8451detect                         0x00005ee9   Thumb Code     2  app_mma8451.o(.text)
    app_mma8451_control_task                 0x00005eeb   Thumb Code   492  app_mma8451.o(.text)
    Shell_Init                               0x00006291   Thumb Code    66  shell.o(.text)
    Shell_Exec                               0x0000645f   Thumb Code   142  shell.o(.text)
    Shell_CmdTblAdd                          0x000064ed   Thumb Code   218  shell.o(.text)
    Shell_CmdTblRem                          0x000065c7   Thumb Code   132  shell.o(.text)
    __aeabi_uidiv                            0x0000665d   Thumb Code     0  uidiv.o(.text)
    __aeabi_uidivmod                         0x0000665d   Thumb Code    44  uidiv.o(.text)
    __aeabi_idiv                             0x00006689   Thumb Code     0  idiv.o(.text)
    __aeabi_idivmod                          0x00006689   Thumb Code    40  idiv.o(.text)
    __aeabi_memcpy                           0x000066b1   Thumb Code    36  memcpya.o(.text)
    __aeabi_memcpy4                          0x000066b1   Thumb Code     0  memcpya.o(.text)
    __aeabi_memcpy8                          0x000066b1   Thumb Code     0  memcpya.o(.text)
    strncpy                                  0x000066d5   Thumb Code    26  strncpy.o(.text)
    strlen                                   0x000066ef   Thumb Code    14  strlen.o(.text)
    strcmp                                   0x000066fd   Thumb Code    28  strcmp.o(.text)
    strcpy                                   0x00006719   Thumb Code    18  strcpy.o(.text)
    strncmp                                  0x0000672b   Thumb Code    30  strncmp.o(.text)
    __aeabi_dadd                             0x00006749   Thumb Code   326  dadd.o(.text)
    __aeabi_dsub                             0x0000688f   Thumb Code    12  dadd.o(.text)
    __aeabi_drsub                            0x0000689b   Thumb Code    12  dadd.o(.text)
    __aeabi_dmul                             0x000068ad   Thumb Code   202  dmul.o(.text)
    __aeabi_ddiv                             0x0000697d   Thumb Code   234  ddiv.o(.text)
    __aeabi_i2d                              0x00006a6d   Thumb Code    34  dflti.o(.text)
    __aeabi_ui2d                             0x00006a95   Thumb Code    24  dfltui.o(.text)
    __aeabi_cdcmpeq                          0x00006ab1   Thumb Code     0  cdcmple.o(.text)
    __aeabi_cdcmple                          0x00006ab1   Thumb Code    38  cdcmple.o(.text)
    __aeabi_cdrcmple                         0x00006ad9   Thumb Code    38  cdrcmple.o(.text)
    __aeabi_uldivmod                         0x00006b01   Thumb Code    96  uldiv.o(.text)
    __aeabi_llsl                             0x00006b61   Thumb Code    32  llshl.o(.text)
    _ll_shift_l                              0x00006b61   Thumb Code     0  llshl.o(.text)
    __aeabi_lasr                             0x00006b81   Thumb Code    38  llsshr.o(.text)
    _ll_sshift_r                             0x00006b81   Thumb Code     0  llsshr.o(.text)
    __I$use$fp                               0x00006ba7   Thumb Code     0  iusefp.o(.text)
    _double_round                            0x00006ba7   Thumb Code    26  depilogue.o(.text)
    _double_epilogue                         0x00006bc1   Thumb Code   166  depilogue.o(.text)
    __aeabi_d2ulz                            0x00006c69   Thumb Code    54  dfixul.o(.text)
    __scatterload                            0x00006ca9   Thumb Code    28  init.o(.text)
    __scatterload_rt2                        0x00006ca9   Thumb Code     0  init.o(.text)
    __aeabi_llsr                             0x00006ccd   Thumb Code    34  llushr.o(.text)
    _ll_ushift_r                             0x00006ccd   Thumb Code     0  llushr.o(.text)
    _sched_start_internal                    0x00006cf1   Thumb Code     0  dispatch.o(KERNEL)
    _sched_run_internal                      0x00006cf7   Thumb Code     0  dispatch.o(KERNEL)
    _sched_check_scheduler_internal          0x00006cfd   Thumb Code     0  dispatch.o(KERNEL)
    _sched_execute_scheduler_internal        0x00006d15   Thumb Code     0  dispatch.o(KERNEL)
    _mqx_api_call                            0x00006db3   Thumb Code     0  dispatch.o(KERNEL)
    _task_block                              0x00006db5   Thumb Code     0  dispatch.o(KERNEL)
    _int_kernel_isr                          0x00006df7   Thumb Code     0  dispatch.o(KERNEL)
    _psp_exception_return                    0x00006e93   Thumb Code     0  dispatch.o(KERNEL)
    _mem_test_and_set                        0x00006ecb   Thumb Code     0  dispatch.o(KERNEL)
    __get_PSP                                0x00006ee1   Thumb Code     0  dispatch.o(KERNEL)
    __get_MSP                                0x00006ee7   Thumb Code     0  dispatch.o(KERNEL)
    __get_PSR                                0x00006ef3   Thumb Code     0  dispatch.o(KERNEL)
    __enable_interrupt                       0x00006ef9   Thumb Code     0  dispatch.o(KERNEL)
    __disable_interrupt                      0x00006efd   Thumb Code     0  dispatch.o(KERNEL)
    __get_LR                                 0x00006f01   Thumb Code     0  dispatch.o(KERNEL)
    __get_PC                                 0x00006f05   Thumb Code     0  dispatch.o(KERNEL)
    __get_CONTROL                            0x00006f09   Thumb Code     0  dispatch.o(KERNEL)
    __0snprintf$8                            0x00006f29   Thumb Code    38  printf8.o(i.__0snprintf$8)
    __1snprintf$8                            0x00006f29   Thumb Code     0  printf8.o(i.__0snprintf$8)
    __2snprintf                              0x00006f29   Thumb Code     0  printf8.o(i.__0snprintf$8)
    __0vsnprintf                             0x00006f55   Thumb Code    32  printfa.o(i.__0vsnprintf)
    __1vsnprintf                             0x00006f55   Thumb Code     0  printfa.o(i.__0vsnprintf)
    __2vsnprintf                             0x00006f55   Thumb Code     0  printfa.o(i.__0vsnprintf)
    __c89vsnprintf                           0x00006f55   Thumb Code     0  printfa.o(i.__0vsnprintf)
    vsnprintf                                0x00006f55   Thumb Code     0  printfa.o(i.__0vsnprintf)
    __ARM_clz                                0x00006f79   Thumb Code    46  depilogue.o(i.__ARM_clz)
    __ARM_common_switch8                     0x00006fa7   Thumb Code    28  mem_zero.o(i.__ARM_common_switch8)
    __scatterload_copy                       0x00006fc3   Thumb Code    14  handlers.o(i.__scatterload_copy)
    __scatterload_null                       0x00006fd1   Thumb Code     2  handlers.o(i.__scatterload_null)
    __scatterload_zeroinit                   0x00006fd3   Thumb Code    14  handlers.o(i.__scatterload_zeroinit)
    MQX_init_struct                          0x00007d24   Data          36  mqx1.o(.constdata)
    MQX_template_list                        0x00007d48   Data         112  task_template_list.o(.constdata)
    _mqx_version_number                      0x00007dc0   Data           4  mqxlite.o(.constdata)
    _mqx_version                             0x00007dc4   Data           4  mqxlite.o(.constdata)
    _mqx_vendor                              0x00007dc8   Data           4  mqxlite.o(.constdata)
    _mqx_path                                0x00007dcc   Data           4  mqxlite.o(.constdata)
    _mqx_generic_revision                    0x00007dd0   Data           4  mqxlite.o(.constdata)
    _mqx_psp_revision                        0x00007dd4   Data           4  mqxlite.o(.constdata)
    _mqx_copyright                           0x00007dd8   Data           4  mqxlite.o(.constdata)
    _mqx_date                                0x00007ddc   Data           4  mqxlite.o(.constdata)
    _mqxlite_version_number                  0x00007de0   Data           4  mqxlite.o(.constdata)
    _mqxlite_version                         0x00007de4   Data           4  mqxlite.o(.constdata)
    _mqx_zero_tick_struct                    0x00007de8   Data          12  mqxlite.o(.constdata)
    ChannelsCfg                              0x00007df4   Data           3  dma1.o(.constdata)
    ChannelsCfg2                             0x00007df7   Data           3  dma1.o(.constdata)
    acos_array                               0x00007e48   Data         360  acos.o(.constdata)
    Region$$Table$$Base                      0x000080bc   Number         0  anon$$obj.o(Region$$Table)
    Region$$Table$$Limit                     0x000080dc   Number         0  anon$$obj.o(Region$$Table)
    mqx_task_stack_pointers                  0x1ffff000   Data          12  mqx1.o(.data)
    I2C_DeviceData                           0x1ffff014   Data           4  mqx_tasks.o(.data)
    PWMTimerRGB_DeviceData                   0x1ffff018   Data           4  mqx_tasks.o(.data)
    PeriodicTimer                            0x1ffff01c   Data           4  mqx_tasks.o(.data)
    BlinkFlag                                0x1ffff020   Data           1  mqx_tasks.o(.data)
    sysStatus                                0x1ffff021   Data           1  mqx_tasks.o(.data)
    DataState                                0x1ffff022   Data           2  mqx_tasks.o(.data)
    _mqx_kernel_data                         0x1ffff024   Data           4  mqxlite.o(.data)
    _mqx_system_stack                        0x1ffff028   Data           4  mqxlite.o(.data)
    _tad_task_at_flag                        0x1ffff02c   Data           4  task.o(.data)
    Measured                                 0x1ffff030   Data           1  dma1.o(.data)
    MeasuredValues                           0x1ffff032   Data           4  dma1.o(.data)
    bSysActive                               0x1ffff036   Data           1  lptmr.o(.data)
    bVLPSMode                                0x1ffff037   Data           1  lptmr.o(.data)
    sleepcounter                             0x1ffff038   Data           1  lptmr.o(.data)
    accStatus                                0x1ffff058   Data           1  app_mma8451.o(.data)
    z_angle_tmp                              0x1ffff05a   Data           2  app_mma8451.o(.data)
    Shell_ModuleCmdUsedPoolPtr               0x1ffff064   Data           4  shell.o(.data)
    Shell_ModuleCmdFreePoolPtr               0x1ffff068   Data           4  shell.o(.data)
    Init_Task_task_stack                     0x1ffff08c   Data        1152  mqx1.o(.bss)
    _mqx_kernel_data_struct                  0x1ffff50c   Data         588  mqx1.o(.bss)
    mqx_static_ready_queue                   0x1ffff758   Data         528  mqx1.o(.bss)
    mqx_static_isr_table                     0x1ffff968   Data         396  mqx1.o(.bss)
    mqx_interrupt_stack                      0x1ffffaf4   Data        1040  mqx1.o(.bss)
    mqx_idle_task_stack                      0x1fffff04   Data         288  mqx1.o(.bss)
    mqx_system_stack                         0x20000024   Data         168  mqx1.o(.bss)
    PE_LDD_DeviceDataList                    0x200000cc   Data          24  pe_ldd.o(.bss)
    mutex_struct                             0x200000f0   Data          16  mutex.o(.bss)
    g_lptmr_int_sem                          0x20000100   Data          28  lptmr.o(.bss)
    shell_task_stack                         0x2000011c   Data         896  app_shell.o(.bss)
    mma8451_task_stack                       0x200006d0   Data         896  app_mma8451.o(.bss)
    Shell_ModuleCmdTbl                       0x20000ce8   Data         120  shell.o(.bss)
    Image$$ARM_LIB_STACK$$ZI$$Limit          0x20003000   Number         0  anon$$obj.o(ARM_LIB_STACK.bss)



==============================================================================

Memory Map of the image

  Image Entry point : 0x00000411

  Load Region LR_m_text (Base: 0x00000410, Size: 0x00007d38, Max: 0x0001fbf0, ABSOLUTE)

    Execution Region ER_m_text (Base: 0x00000410, Size: 0x00007ccc, Max: 0x0001fbf0, ABSOLUTE)

    Base Addr    Size         Type   Attr      Idx    E Section Name        Object

    0x00000410   0x00000024   Code   RO          982  * . text              boot.o
    0x00000434   0x00000000   Code   RO         1244  * .ARM.Collect$$$$00000000  mc_p.l(entry.o)
    0x00000434   0x00000004   Code   RO         1540    .ARM.Collect$$$$00000003  mc_p.l(entry4.o)
    0x00000438   0x00000004   Code   RO         1543    .ARM.Collect$$$$00000004  mc_p.l(entry5.o)
    0x0000043c   0x00000000   Code   RO         1545    .ARM.Collect$$$$00000008  mc_p.l(entry7b.o)
    0x0000043c   0x00000000   Code   RO         1547    .ARM.Collect$$$$0000000A  mc_p.l(entry8b.o)
    0x0000043c   0x00000008   Code   RO         1548    .ARM.Collect$$$$0000000B  mc_p.l(entry9a.o)
    0x00000444   0x00000000   Code   RO         1550    .ARM.Collect$$$$0000000D  mc_p.l(entry10a.o)
    0x00000444   0x00000000   Code   RO         1552    .ARM.Collect$$$$0000000F  mc_p.l(entry11a.o)
    0x00000444   0x00000004   Code   RO         1541    .ARM.Collect$$$$00002714  mc_p.l(entry4.o)
    0x00000448   0x00000010   Code   RO          431    .emb_text           startup_arm_cc.o
    0x00000458   0x000001e0   Code   RO            4    .text               cpu.o
    0x00000638   0x00000570   Code   RO          166    .text               i2c.o
    0x00000ba8   0x00000028   Code   RO          245    .text               mqx1.o
    0x00000bd0   0x00000130   Code   RO          314    .text               systemtimer1.o
    0x00000d00   0x00000164   Code   RO          396    .text               pwmtimerrgb.o
    0x00000e64   0x00000040   Code   RO          444    .text               events.o
    0x00000ea4   0x000000b6   Code   RO          466    .text               mma845xq.o
    0x00000f5a   0x0000000c   Code   RO          492    .text               processorexpert.o
    0x00000f66   0x00000002   PAD
    0x00000f68   0x0000041c   Code   RO          504    .text               mqx_tasks.o
    0x00001384   0x00000638   Code   RO          539    .text               time_ticks.o
    0x000019bc   0x00000010   Code   RO          566    .text               idletask.o
    0x000019cc   0x000002dc   Code   RO          578    .text               int.o
    0x00001ca8   0x000003c4   Code   RO          608    .text               lwmsgq.o
    0x0000206c   0x00000620   Code   RO          626    .text               lwsem.o
    0x0000268c   0x00000150   Code   RO          656    .text               mqx_utils.o
    0x000027dc   0x000001b4   Code   RO          672    .text               mqxlite.o
    0x00002990   0x000009ec   Code   RO          699    .text               mutex.o
    0x0000337c   0x00000066   Code   RO          720    .text               qu_test.o
    0x000033e2   0x00000002   PAD
    0x000033e4   0x000001cc   Code   RO          735    .text               sched.o
    0x000035b0   0x00000c8c   Code   RO          747    .text               task.o
    0x0000423c   0x00000008   Code   RO          769    .text               stack_st.o
    0x00004244   0x00000014   Code   RO          806    .text               int_inst.o
    0x00004258   0x0000005c   Code   RO          836    .text               int_unx.o
    0x000042b4   0x00000026   Code   RO          848    .text               int_vtab.o
    0x000042da   0x00000002   PAD
    0x000042dc   0x00000094   Code   RO          860    .text               int_xcpt.o
    0x00004370   0x000000f6   Code   RO          872    .text               mem_zero.o
    0x00004466   0x0000001c   Code   RO          886    .text               psp_iinit.o
    0x00004482   0x00000002   PAD
    0x00004484   0x00000054   Code   RO          910    .text               psp_tiad.o
    0x000044d8   0x00000040   Code   RO          922    .text               psp_tinm.o
    0x00004518   0x000000c4   Code   RO          934    .text               psp_tisu.o
    0x000045dc   0x000000bc   Code   RO          946    .text               sc_irdyq.o
    0x00004698   0x0000005c   Code   RO          958    .text               stack_bu.o
    0x000046f4   0x00000002   Code   RO          970    .text               stack_de.o
    0x000046f6   0x00000002   PAD
    0x000046f8   0x000000a0   Code   RO          988    .text               nvic.o
    0x00004798   0x00000248   Code   RO         1006    .text               uart.o
    0x000049e0   0x00000140   Code   RO         1054    .text               adc.o
    0x00004b20   0x0000017c   Code   RO         1072    .text               dma1.o
    0x00004c9c   0x00000218   Code   RO         1091    .text               lptmr.o
    0x00004eb4   0x0000036c   Code   RO         1110    .text               smc.o
    0x00005220   0x000005bc   Code   RO         1125    .text               app_shell.o
    0x000057dc   0x00000188   Code   RO         1160    .text               app_trace.o
    0x00005964   0x0000091c   Code   RO         1184    .text               app_mma8451.o
    0x00006280   0x000003dc   Code   RO         1225    .text               shell.o
    0x0000665c   0x0000002c   Code   RO         1247    .text               mc_p.l(uidiv.o)
    0x00006688   0x00000028   Code   RO         1249    .text               mc_p.l(idiv.o)
    0x000066b0   0x00000024   Code   RO         1251    .text               mc_p.l(memcpya.o)
    0x000066d4   0x0000001a   Code   RO         1253    .text               mc_p.l(strncpy.o)
    0x000066ee   0x0000000e   Code   RO         1255    .text               mc_p.l(strlen.o)
    0x000066fc   0x0000001c   Code   RO         1257    .text               mc_p.l(strcmp.o)
    0x00006718   0x00000012   Code   RO         1259    .text               mc_p.l(strcpy.o)
    0x0000672a   0x0000001e   Code   RO         1261    .text               mc_p.l(strncmp.o)
    0x00006748   0x00000164   Code   RO         1526    .text               mf_p.l(dadd.o)
    0x000068ac   0x000000d0   Code   RO         1528    .text               mf_p.l(dmul.o)
    0x0000697c   0x000000f0   Code   RO         1530    .text               mf_p.l(ddiv.o)
    0x00006a6c   0x00000028   Code   RO         1532    .text               mf_p.l(dflti.o)
    0x00006a94   0x0000001c   Code   RO         1534    .text               mf_p.l(dfltui.o)
    0x00006ab0   0x00000028   Code   RO         1536    .text               mf_p.l(cdcmple.o)
    0x00006ad8   0x00000028   Code   RO         1538    .text               mf_p.l(cdrcmple.o)
    0x00006b00   0x00000060   Code   RO         1557    .text               mc_p.l(uldiv.o)
    0x00006b60   0x00000020   Code   RO         1559    .text               mc_p.l(llshl.o)
    0x00006b80   0x00000026   Code   RO         1561    .text               mc_p.l(llsshr.o)
    0x00006ba6   0x00000000   Code   RO         1563    .text               mc_p.l(iusefp.o)
    0x00006ba6   0x000000c0   Code   RO         1564    .text               mf_p.l(depilogue.o)
    0x00006c66   0x00000002   PAD
    0x00006c68   0x00000040   Code   RO         1568    .text               mf_p.l(dfixul.o)
    0x00006ca8   0x00000024   Code   RO         1570    .text               mc_p.l(init.o)
    0x00006ccc   0x00000022   Code   RO         1573    .text               mc_p.l(llushr.o)
    0x00006cee   0x00000002   PAD
    0x00006cf0   0x00000238   Code   RO          985    KERNEL              dispatch.o
    0x00006f28   0x0000002c   Code   RO         1473    i.__0snprintf$8     mc_p.l(printf8.o)
    0x00006f54   0x00000024   Code   RO         1503    i.__0vsnprintf      mc_p.l(printfa.o)
    0x00006f78   0x0000002e   Code   RO         1566    i.__ARM_clz         mf_p.l(depilogue.o)
    0x00006fa6   0x0000001c   Code   RO          881    i.__ARM_common_switch8  mem_zero.o
    0x00006fc2   0x0000000e   Code   RO         1578    i.__scatterload_copy  mc_p.l(handlers.o)
    0x00006fd0   0x00000002   Code   RO         1579    i.__scatterload_null  mc_p.l(handlers.o)
    0x00006fd2   0x0000000e   Code   RO         1580    i.__scatterload_zeroinit  mc_p.l(handlers.o)
    0x00006fe0   0x00000158   Code   RO         1505    i._fp_digits        mc_p.l(printfa.o)
    0x00007138   0x00000430   Code   RO         1479    i._printf_core      mc_p.l(printf8.o)
    0x00007568   0x000006f8   Code   RO         1506    i._printf_core      mc_p.l(printfa.o)
    0x00007c60   0x00000020   Code   RO         1480    i._printf_post_padding  mc_p.l(printf8.o)
    0x00007c80   0x00000020   Code   RO         1507    i._printf_post_padding  mc_p.l(printfa.o)
    0x00007ca0   0x0000002c   Code   RO         1481    i._printf_pre_padding  mc_p.l(printf8.o)
    0x00007ccc   0x0000002c   Code   RO         1508    i._printf_pre_padding  mc_p.l(printfa.o)
    0x00007cf8   0x00000016   Code   RO         1482    i._snputc           mc_p.l(printf8.o)
    0x00007d0e   0x00000016   Code   RO         1509    i._snputc           mc_p.l(printfa.o)
    0x00007d24   0x00000024   Data   RO          247    .constdata          mqx1.o
    0x00007d48   0x00000070   Data   RO          342    .constdata          task_template_list.o
    0x00007db8   0x00000006   Data   RO          397    .constdata          pwmtimerrgb.o
    0x00007dbe   0x00000002   PAD
    0x00007dc0   0x00000034   Data   RO          673    .constdata          mqxlite.o
    0x00007df4   0x00000006   Data   RO         1073    .constdata          dma1.o
    0x00007dfa   0x00000002   PAD
    0x00007dfc   0x0000004b   Data   RO         1127    .constdata          app_shell.o
    0x00007e47   0x00000001   PAD
    0x00007e48   0x00000168   Data   RO         1216    .constdata          acos.o
    0x00007fb0   0x00000018   Data   RO          343    .conststring        task_template_list.o
    0x00007fc8   0x000000e2   Data   RO          674    .conststring        mqxlite.o
    0x000080aa   0x00000011   Data   RO         1128    .conststring        app_shell.o
    0x000080bb   0x00000001   PAD
    0x000080bc   0x00000020   Data   RO         1576    Region$$Table       anon$$obj.o


    Execution Region RW_m_data (Base: 0x1ffff000, Size: 0x00001d60, Max: 0x00003400, ABSOLUTE)

    Base Addr    Size         Type   Attr      Idx    E Section Name        Object

    0x1ffff000   0x0000000c   Data   RW          248    .data               mqx1.o
    0x1ffff00c   0x00000008   Data   RW          398    .data               pwmtimerrgb.o
    0x1ffff014   0x00000010   Data   RW          505    .data               mqx_tasks.o
    0x1ffff024   0x00000008   Data   RW          675    .data               mqxlite.o
    0x1ffff02c   0x00000004   Data   RW          748    .data               task.o
    0x1ffff030   0x00000006   Data   RW         1074    .data               dma1.o
    0x1ffff036   0x00000003   Data   RW         1093    .data               lptmr.o
    0x1ffff039   0x00000003   PAD
    0x1ffff03c   0x00000018   Data   RW         1129    .data               app_shell.o
    0x1ffff054   0x0000000d   Data   RW         1186    .data               app_mma8451.o
    0x1ffff061   0x00000003   PAD
    0x1ffff064   0x00000008   Data   RW         1227    .data               shell.o
    0x1ffff06c   0x00000020   Zero   RW          167    .bss                i2c.o
    0x1ffff08c   0x00001040   Zero   RW          246    .bss                mqx1.o
    0x200000cc   0x00000018   Zero   RW          274    .bss                pe_ldd.o
    0x200000e4   0x0000000c   Zero   RW          315    .bss                systemtimer1.o
    0x200000f0   0x00000010   Zero   RW          700    .bss                mutex.o
    0x20000100   0x0000001c   Zero   RW         1092    .bss                lptmr.o
    0x2000011c   0x000004c0   Zero   RW         1126    .bss                app_shell.o
    0x200005dc   0x000000f0   Zero   RW         1161    .bss                app_trace.o
    0x200006cc   0x00000004   PAD
    0x200006d0   0x00000618   Zero   RW         1185    .bss                app_mma8451.o
    0x20000ce8   0x00000078   Zero   RW         1226    .bss                shell.o


    Execution Region ARM_LIB_HEAP (Base: 0x20002400, Size: 0x00000800, Max: 0x00000800, ABSOLUTE, UNINIT)

    Base Addr    Size         Type   Attr      Idx    E Section Name        Object

    0x20002400   0x00000800   Zero   RW            2    ARM_LIB_HEAP.bss    anon$$obj.o


    Execution Region ARM_LIB_STACK (Base: 0x20002c00, Size: 0x00000400, Max: 0x00000400, ABSOLUTE, UNINIT)

    Base Addr    Size         Type   Attr      Idx    E Section Name        Object

    0x20002c00   0x00000400   Zero   RW            1    ARM_LIB_STACK.bss   anon$$obj.o



  Load Region LR_m_interrupts (Base: 0x00000000, Size: 0x000000c0, Max: 0x000000c0, ABSOLUTE)

    Execution Region ER_m_interrupts (Base: 0x00000000, Size: 0x000000c0, Max: 0x000000c0, ABSOLUTE)

    Base Addr    Size         Type   Attr      Idx    E Section Name        Object

    0x00000000   0x000000c0   Data   RO          328    .vectortable        vectors.o



  Load Region LR_FlashConfig (Base: 0x00000400, Size: 0x00000010, Max: 0x00000010, ABSOLUTE)

    Execution Region ER_FlashConfig (Base: 0x00000400, Size: 0x00000010, Max: 0x00000010, ABSOLUTE)

    Base Addr    Size         Type   Attr      Idx    E Section Name        Object

    0x00000400   0x00000010   Data   RO            5    .cfmconfig          cpu.o


==============================================================================

Image component sizes


      Code (inc. data)   RO Data    RW Data    ZI Data      Debug   Object Name

         0          0        360          0          0        385   acos.o
       320          8          0          0          0       1056   adc.o
      2332        634          0         13       1560       5140   app_mma8451.o
      1468        708         92         24       1216       3714   app_shell.o
       392         66          0          0        240       2674   app_trace.o
        36          2          0          0          0        248   boot.o
       480         56         16          0          0      90387   cpu.o
       568         26          0          0          0        496   dispatch.o
       380        104          6          6          0       1494   dma1.o
        64         10          0          0          0       2302   events.o
      1392         42          0          0         32     206335   i2c.o
        16          4          0          0          0        657   idletask.o
       732         24          0          0          0       4742   int.o
        20          6          0          0          0        427   int_inst.o
        92          6          0          0          0        618   int_unx.o
        38          0          0          0          0        650   int_vtab.o
       148          4          0          0          0        897   int_xcpt.o
       536        220          0          3         28       1679   lptmr.o
       964         18          0          0          0       4450   lwmsgq.o
      1568         26          0          0          0       6558   lwsem.o
       274         18          0          0          0        980   mem_zero.o
       182          0          0          0          0      50180   mma845xq.o
        40          0         36         12       4160       1902   mqx1.o
      1052        454          0         16          0       3048   mqx_tasks.o
       336         36          0          0          0       2131   mqx_utils.o
       436         42        278          8          0      30443   mqxlite.o
      2540         46          0          0         16      10858   mutex.o
       160          8          0          0          0       1134   nvic.o
         0          0          0          0         24      50040   pe_ldd.o
        12          0          0          0          0        383   processorexpert.o
        28          0          0          0          0        572   psp_iinit.o
        84          6          0          0          0        669   psp_tiad.o
        64          6          0          0          0        615   psp_tinm.o
       196         10          0          0          0       1256   psp_tisu.o
       356         46          6          8          0      52019   pwmtimerrgb.o
       102          0          0          0          0        994   qu_test.o
       188         12          0          0          0       1174   sc_irdyq.o
       460          6          0          0          0       2939   sched.o
       988         32          0          8        120       6799   shell.o
       876         22          0          0          0       2500   smc.o
        92          6          0          0          0        841   stack_bu.o
         2          0          0          0          0        423   stack_de.o
         8          0          0          0          0        447   stack_st.o
        16          8          0          0          0        336   startup_arm_cc.o
       304         32          0          0         12       3121   systemtimer1.o
      3212         44          0          4          0      17873   task.o
         0          0        136          0          0       3319   task_template_list.o
      1592         20          0          0          0       8657   time_ticks.o
       584         38          0          0          0       2224   uart.o
         0          0        192          0          0       2288   vectors.o

    ----------------------------------------------------------------------
     25740       2856       1160        108      10484     595074   Object Totals
         0          0         32          0       3072          0   (incl. Generated)
        10          0          6          6          4          0   (incl. Padding)

    ----------------------------------------------------------------------

      Code (inc. data)   RO Data    RW Data    ZI Data      Debug   Library Member Name

         0          0          0          0          0          0   entry.o
         0          0          0          0          0          0   entry10a.o
         0          0          0          0          0          0   entry11a.o
         8          4          0          0          0          0   entry4.o
         4          0          0          0          0          0   entry5.o
         0          0          0          0          0          0   entry7b.o
         0          0          0          0          0          0   entry8b.o
         8          4          0          0          0          0   entry9a.o
        30          0          0          0          0          0   handlers.o
        40          0          0          0          0         72   idiv.o
        36          8          0          0          0         68   init.o
         0          0          0          0          0          0   iusefp.o
        32          0          0          0          0         68   llshl.o
        38          0          0          0          0         68   llsshr.o
        34          0          0          0          0         68   llushr.o
        36          0          0          0          0         60   memcpya.o
      1214         52          0          0          0        384   printf8.o
      2262         98          0          0          0        460   printfa.o
        28          0          0          0          0         68   strcmp.o
        18          0          0          0          0         60   strcpy.o
        14          0          0          0          0         60   strlen.o
        30          0          0          0          0         72   strncmp.o
        26          0          0          0          0         68   strncpy.o
        44          0          0          0          0         72   uidiv.o
        96          0          0          0          0         84   uldiv.o
        40          2          0          0          0         68   cdcmple.o
        40          2          0          0          0         68   cdrcmple.o
       356          6          0          0          0        140   dadd.o
       240          6          0          0          0         84   ddiv.o
       238          0          0          0          0        216   depilogue.o
        64         10          0          0          0         68   dfixul.o
        40          6          0          0          0         68   dflti.o
        28          4          0          0          0         68   dfltui.o
       208          6          0          0          0         88   dmul.o

    ----------------------------------------------------------------------
      5256        208          0          0          0       2600   Library Totals
         4          0          0          0          0          0   (incl. Padding)

    ----------------------------------------------------------------------

      Code (inc. data)   RO Data    RW Data    ZI Data      Debug   Library Name

      3998        166          0          0          0       1732   mc_p.l
      1254         42          0          0          0        868   mf_p.l

    ----------------------------------------------------------------------
      5256        208          0          0          0       2600   Library Totals

    ----------------------------------------------------------------------

==============================================================================


      Code (inc. data)   RO Data    RW Data    ZI Data      Debug   

     30996       3064       1160        108      10484     592898   Grand Totals
     30996       3064       1160        108      10484     592898   ELF Image Totals
     30996       3064       1160        108          0          0   ROM Totals

==============================================================================

    Total RO  Size (Code + RO Data)                32156 (  31.40kB)
    Total RW  Size (RW Data + ZI Data)             10592 (  10.34kB)
    Total ROM Size (Code + RO Data + RW Data)      32264 (  31.51kB)

==============================================================================

