<html>
<body>
<pre>
<h1>µVision Build Log</h1>
<h2>Project:</h2>
D:\starfish\StarFish_MCU\StarFish_MCU.uvproj
Project File Date:  09/16/2014

<h2>Output:</h2>
Build target 'MKL26Z128xxx4'
compiling Cpu.c...
compiling I2C.c...
compiling MQX1.c...
compiling PE_LDD.c...
compiling SystemTimer1.c...
compiling Vectors.c...
compiling task_template_list.c...
compiling Events.c...
compiling ProcessorExpert.c...
compiling mqx_tasks.c...
compiling time_ticks.c...
compiling idletask.c...
compiling int.c...
compiling klog.c...
compiling lwevent.c...
compiling lwlog.c...
compiling lwmsgq.c...
compiling lwsem.c...
compiling lwtimer.c...
compiling mqx_utils.c...
compiling mqxlite.c...
compiling mutex.c...
compiling qu_test.c...
compiling sched.c...
compiling task.c...
compiling stack_st.c...
compiling cortex.c...
compiling int_gkis.c...
compiling int_inst.c...
compiling int_kisr.c...
compiling int_pvta.c...
compiling int_unx.c...
compiling int_vtab.c...
compiling int_xcpt.c...
compiling mem_zero.c...
compiling psp_iinit.c...
compiling psp_supp.c...
compiling psp_tiad.c...
compiling psp_tinm.c...
compiling psp_tisu.c...
compiling sc_irdyq.c...
compiling stack_bu.c...
compiling stack_de.c...
compiling uart.c...
compiling app_shell.c...
compiling app_trace.c...
compiling shell.c...
linking...
.\Project_Settings\Linker_Files\ProcessorExpert.scf(46): warning: L6314W: No section matches pattern *.o(RESET).
Program Size: Code=26064 RO-data=756 RW-data=80 ZI-data=8816  
After Build - User command #1: C:\Keil\\ARM\ARMCC\bin\fromelf.exe --m32combined --output=.\UV4Build\StarFish_MCU.srec .\UV4Build\StarFish_MCU.axf
After Build - User command #2: C:\Keil\\ARM\ARMCC\bin\fromelf.exe --bincombined --output=.\UV4Build\StarFish_MCU.bin .\UV4Build\StarFish_MCU.axf
".\UV4Build\StarFish_MCU.axf" - 0 Errors, 1 Warning(s).
